
> @hapsland/hapsland@0.1.0 test:coverage
> npm test -- --coverage


> @hapsland/hapsland@0.1.0 test
> node scripts/test-harness/run-checks.mjs test --coverage

RUN 20261007133932444-959142-58d15a test; deadline 2026-10-07T14:09:32.444Z; records /workspace/typescript/hapsland-243/.test-runs/20261007133932444-959142-58d15a
START configuration; log /workspace/typescript/hapsland-243/.test-runs/20261007133932444-959142-58d15a/960711-001-configuration.log
PASSED configuration 0.44s; exit 0; log /workspace/typescript/hapsland-243/.test-runs/20261007133932444-959142-58d15a/960711-001-configuration.log
START bend-generation; log /workspace/typescript/hapsland-243/.test-runs/20261007133932444-959142-58d15a/960711-002-bend-generation.log
PASSED bend-generation 1.59s; exit 0; log /workspace/typescript/hapsland-243/.test-runs/20261007133932444-959142-58d15a/960711-002-bend-generation.log
START bend-artifacts; log /workspace/typescript/hapsland-243/.test-runs/20261007133932444-959142-58d15a/960711-003-bend-artifacts.log
PASSED bend-artifacts 0.79s; exit 0; log /workspace/typescript/hapsland-243/.test-runs/20261007133932444-959142-58d15a/960711-003-bend-artifacts.log
START canonical-authority; log /workspace/typescript/hapsland-243/.test-runs/20261007133932444-959142-58d15a/960711-004-canonical-authority.log
PASSED canonical-authority 0.28s; exit 0; log /workspace/typescript/hapsland-243/.test-runs/20261007133932444-959142-58d15a/960711-004-canonical-authority.log
START jev-request; log /workspace/typescript/hapsland-243/.test-runs/20261007133932444-959142-58d15a/960711-005-jev-request.log
PASSED jev-request 0.32s; exit 0; log /workspace/typescript/hapsland-243/.test-runs/20261007133932444-959142-58d15a/960711-005-jev-request.log
START production-authority; log /workspace/typescript/hapsland-243/.test-runs/20261007133932444-959142-58d15a/960711-006-production-authority.log
PASSED production-authority 0.27s; exit 0; log /workspace/typescript/hapsland-243/.test-runs/20261007133932444-959142-58d15a/960711-006-production-authority.log
START capacity-boundary; log /workspace/typescript/hapsland-243/.test-runs/20261007133932444-959142-58d15a/960711-007-capacity-boundary.log
PASSED capacity-boundary 0.18s; exit 0; log /workspace/typescript/hapsland-243/.test-runs/20261007133932444-959142-58d15a/960711-007-capacity-boundary.log
START permit-boundary; log /workspace/typescript/hapsland-243/.test-runs/20261007133932444-959142-58d15a/960711-008-permit-boundary.log
PASSED permit-boundary 0.17s; exit 0; log /workspace/typescript/hapsland-243/.test-runs/20261007133932444-959142-58d15a/960711-008-permit-boundary.log
START review-boundary; log /workspace/typescript/hapsland-243/.test-runs/20261007133932444-959142-58d15a/960711-009-review-boundary.log
PASSED review-boundary 0.20s; exit 0; log /workspace/typescript/hapsland-243/.test-runs/20261007133932444-959142-58d15a/960711-009-review-boundary.log
START dispatch-boundary; log /workspace/typescript/hapsland-243/.test-runs/20261007133932444-959142-58d15a/960711-010-dispatch-boundary.log
PASSED dispatch-boundary 0.18s; exit 0; log /workspace/typescript/hapsland-243/.test-runs/20261007133932444-959142-58d15a/960711-010-dispatch-boundary.log
START stop-boundary; log /workspace/typescript/hapsland-243/.test-runs/20261007133932444-959142-58d15a/960711-011-stop-boundary.log
PASSED stop-boundary 0.19s; exit 0; log /workspace/typescript/hapsland-243/.test-runs/20261007133932444-959142-58d15a/960711-011-stop-boundary.log
START collection-boundary; log /workspace/typescript/hapsland-243/.test-runs/20261007133932444-959142-58d15a/960711-012-collection-boundary.log
PASSED collection-boundary 0.18s; exit 0; log /workspace/typescript/hapsland-243/.test-runs/20261007133932444-959142-58d15a/960711-012-collection-boundary.log
START delivery-boundary; log /workspace/typescript/hapsland-243/.test-runs/20261007133932444-959142-58d15a/960711-013-delivery-boundary.log
PASSED delivery-boundary 0.18s; exit 0; log /workspace/typescript/hapsland-243/.test-runs/20261007133932444-959142-58d15a/960711-013-delivery-boundary.log
START revision-boundary; log /workspace/typescript/hapsland-243/.test-runs/20261007133932444-959142-58d15a/960711-014-revision-boundary.log
PASSED revision-boundary 0.18s; exit 0; log /workspace/typescript/hapsland-243/.test-runs/20261007133932444-959142-58d15a/960711-014-revision-boundary.log
START response-authority-boundary; log /workspace/typescript/hapsland-243/.test-runs/20261007133932444-959142-58d15a/960711-015-response-authority-boundary.log
PASSED response-authority-boundary 0.18s; exit 0; log /workspace/typescript/hapsland-243/.test-runs/20261007133932444-959142-58d15a/960711-015-response-authority-boundary.log
START reuse-boundary; log /workspace/typescript/hapsland-243/.test-runs/20261007133932444-959142-58d15a/960711-016-reuse-boundary.log
PASSED reuse-boundary 0.20s; exit 0; log /workspace/typescript/hapsland-243/.test-runs/20261007133932444-959142-58d15a/960711-016-reuse-boundary.log
START notice-boundary; log /workspace/typescript/hapsland-243/.test-runs/20261007133932444-959142-58d15a/960711-017-notice-boundary.log
PASSED notice-boundary 0.18s; exit 0; log /workspace/typescript/hapsland-243/.test-runs/20261007133932444-959142-58d15a/960711-017-notice-boundary.log
START retention-boundary; log /workspace/typescript/hapsland-243/.test-runs/20261007133932444-959142-58d15a/960711-018-retention-boundary.log
PASSED retention-boundary 0.28s; exit 0; log /workspace/typescript/hapsland-243/.test-runs/20261007133932444-959142-58d15a/960711-018-retention-boundary.log
START configuration-boundary; log /workspace/typescript/hapsland-243/.test-runs/20261007133932444-959142-58d15a/960711-019-configuration-boundary.log
PASSED configuration-boundary 0.23s; exit 0; log /workspace/typescript/hapsland-243/.test-runs/20261007133932444-959142-58d15a/960711-019-configuration-boundary.log
START file-eligibility-boundary; log /workspace/typescript/hapsland-243/.test-runs/20261007133932444-959142-58d15a/960711-020-file-eligibility-boundary.log
PASSED file-eligibility-boundary 0.20s; exit 0; log /workspace/typescript/hapsland-243/.test-runs/20261007133932444-959142-58d15a/960711-020-file-eligibility-boundary.log
START rule-boundary; log /workspace/typescript/hapsland-243/.test-runs/20261007133932444-959142-58d15a/960711-021-rule-boundary.log
PASSED rule-boundary 0.19s; exit 0; log /workspace/typescript/hapsland-243/.test-runs/20261007133932444-959142-58d15a/960711-021-rule-boundary.log
START bend-progress; log /workspace/typescript/hapsland-243/.test-runs/20261007133932444-959142-58d15a/960711-022-bend-progress.log
PASSED bend-progress 12.89s; exit 0; log /workspace/typescript/hapsland-243/.test-runs/20261007133932444-959142-58d15a/960711-022-bend-progress.log
START content-isolation; log /workspace/typescript/hapsland-243/.test-runs/20261007133932444-959142-58d15a/960711-023-content-isolation.log
PASSED content-isolation 4.20s; exit 0; log /workspace/typescript/hapsland-243/.test-runs/20261007133932444-959142-58d15a/960711-023-content-isolation.log
START content-wire-mutants; log /workspace/typescript/hapsland-243/.test-runs/20261007133932444-959142-58d15a/960711-024-content-wire-mutants.log
PASSED content-wire-mutants 12.46s; exit 0; log /workspace/typescript/hapsland-243/.test-runs/20261007133932444-959142-58d15a/960711-024-content-wire-mutants.log
START native-pi-observation; log /workspace/typescript/hapsland-243/.test-runs/20261007133932444-959142-58d15a/960711-025-native-pi-observation.log
PASSED native-pi-observation 0.44s; exit 0; log /workspace/typescript/hapsland-243/.test-runs/20261007133932444-959142-58d15a/960711-025-native-pi-observation.log
START native-rule-observation; log /workspace/typescript/hapsland-243/.test-runs/20261007133932444-959142-58d15a/960711-026-native-rule-observation.log
PASSED native-rule-observation 0.25s; exit 0; log /workspace/typescript/hapsland-243/.test-runs/20261007133932444-959142-58d15a/960711-026-native-rule-observation.log
START verification-infrastructure; log /workspace/typescript/hapsland-243/.test-runs/20261007133932444-959142-58d15a/960711-027-verification-infrastructure.log
PASSED verification-infrastructure 15.56s; exit 0; log /workspace/typescript/hapsland-243/.test-runs/20261007133932444-959142-58d15a/960711-027-verification-infrastructure.log
START build-workflow; log /workspace/typescript/hapsland-243/.test-runs/20261007133932444-959142-58d15a/960711-028-build-workflow.log
PASSED build-workflow 43.27s; exit 0; log /workspace/typescript/hapsland-243/.test-runs/20261007133932444-959142-58d15a/960711-028-build-workflow.log
START test-harness; log /workspace/typescript/hapsland-243/.test-runs/20261007133932444-959142-58d15a/960711-029-test-harness.log
PASSED test-harness 0.87s; exit 0; log /workspace/typescript/hapsland-243/.test-runs/20261007133932444-959142-58d15a/960711-029-test-harness.log
START package-build; log /workspace/typescript/hapsland-243/.test-runs/20261007133932444-959142-58d15a/960711-030-package-build.log
PASSED package-build 66.29s; exit 0; log /workspace/typescript/hapsland-243/.test-runs/20261007133932444-959142-58d15a/960711-030-package-build.log
START package-validation; log /workspace/typescript/hapsland-243/.test-runs/20261007133932444-959142-58d15a/960711-031-package-validation.log
PASSED package-validation 0.28s; exit 0; log /workspace/typescript/hapsland-243/.test-runs/20261007133932444-959142-58d15a/960711-031-package-validation.log
START package-pack; log /workspace/typescript/hapsland-243/.test-runs/20261007133932444-959142-58d15a/960711-032-package-pack.log
PASSED package-pack 9.24s; exit 0; log /workspace/typescript/hapsland-243/.test-runs/20261007133932444-959142-58d15a/960711-032-package-pack.log
START vitest; log /workspace/typescript/hapsland-243/.test-runs/20261007133932444-959142-58d15a/960711-033-vitest.log
