
> @hapsland/hapsland@0.1.0 test:coverage
> npm test -- --coverage


> @hapsland/hapsland@0.1.0 test
> node scripts/test-harness/run-checks.mjs test --coverage

RUN 20261007154130033-1589640-50e8e1 test; deadline 2026-10-07T16:16:30.034Z; records /workspace/typescript/hapsland-243/.test-runs/20261007154130033-1589640-50e8e1
START configuration; log /workspace/typescript/hapsland-243/.test-runs/20261007154130033-1589640-50e8e1/1595007-001-configuration.log
PASSED configuration 1.48s; exit 0; log /workspace/typescript/hapsland-243/.test-runs/20261007154130033-1589640-50e8e1/1595007-001-configuration.log
START bend-generation; log /workspace/typescript/hapsland-243/.test-runs/20261007154130033-1589640-50e8e1/1595007-002-bend-generation.log
PASSED bend-generation 4.05s; exit 0; log /workspace/typescript/hapsland-243/.test-runs/20261007154130033-1589640-50e8e1/1595007-002-bend-generation.log
START bend-artifacts; log /workspace/typescript/hapsland-243/.test-runs/20261007154130033-1589640-50e8e1/1595007-003-bend-artifacts.log
PASSED bend-artifacts 1.98s; exit 0; log /workspace/typescript/hapsland-243/.test-runs/20261007154130033-1589640-50e8e1/1595007-003-bend-artifacts.log
START canonical-authority; log /workspace/typescript/hapsland-243/.test-runs/20261007154130033-1589640-50e8e1/1595007-004-canonical-authority.log
PASSED canonical-authority 1.13s; exit 0; log /workspace/typescript/hapsland-243/.test-runs/20261007154130033-1589640-50e8e1/1595007-004-canonical-authority.log
START jev-request; log /workspace/typescript/hapsland-243/.test-runs/20261007154130033-1589640-50e8e1/1595007-005-jev-request.log
PASSED jev-request 0.53s; exit 0; log /workspace/typescript/hapsland-243/.test-runs/20261007154130033-1589640-50e8e1/1595007-005-jev-request.log
START production-authority; log /workspace/typescript/hapsland-243/.test-runs/20261007154130033-1589640-50e8e1/1595007-006-production-authority.log
PASSED production-authority 0.34s; exit 0; log /workspace/typescript/hapsland-243/.test-runs/20261007154130033-1589640-50e8e1/1595007-006-production-authority.log
START capacity-boundary; log /workspace/typescript/hapsland-243/.test-runs/20261007154130033-1589640-50e8e1/1595007-007-capacity-boundary.log
PASSED capacity-boundary 0.51s; exit 0; log /workspace/typescript/hapsland-243/.test-runs/20261007154130033-1589640-50e8e1/1595007-007-capacity-boundary.log
START permit-boundary; log /workspace/typescript/hapsland-243/.test-runs/20261007154130033-1589640-50e8e1/1595007-008-permit-boundary.log
PASSED permit-boundary 0.60s; exit 0; log /workspace/typescript/hapsland-243/.test-runs/20261007154130033-1589640-50e8e1/1595007-008-permit-boundary.log
START review-boundary; log /workspace/typescript/hapsland-243/.test-runs/20261007154130033-1589640-50e8e1/1595007-009-review-boundary.log
PASSED review-boundary 0.58s; exit 0; log /workspace/typescript/hapsland-243/.test-runs/20261007154130033-1589640-50e8e1/1595007-009-review-boundary.log
START dispatch-boundary; log /workspace/typescript/hapsland-243/.test-runs/20261007154130033-1589640-50e8e1/1595007-010-dispatch-boundary.log
PASSED dispatch-boundary 0.29s; exit 0; log /workspace/typescript/hapsland-243/.test-runs/20261007154130033-1589640-50e8e1/1595007-010-dispatch-boundary.log
START stop-boundary; log /workspace/typescript/hapsland-243/.test-runs/20261007154130033-1589640-50e8e1/1595007-011-stop-boundary.log
PASSED stop-boundary 0.54s; exit 0; log /workspace/typescript/hapsland-243/.test-runs/20261007154130033-1589640-50e8e1/1595007-011-stop-boundary.log
START collection-boundary; log /workspace/typescript/hapsland-243/.test-runs/20261007154130033-1589640-50e8e1/1595007-012-collection-boundary.log
PASSED collection-boundary 0.60s; exit 0; log /workspace/typescript/hapsland-243/.test-runs/20261007154130033-1589640-50e8e1/1595007-012-collection-boundary.log
START delivery-boundary; log /workspace/typescript/hapsland-243/.test-runs/20261007154130033-1589640-50e8e1/1595007-013-delivery-boundary.log
PASSED delivery-boundary 0.81s; exit 0; log /workspace/typescript/hapsland-243/.test-runs/20261007154130033-1589640-50e8e1/1595007-013-delivery-boundary.log
START revision-boundary; log /workspace/typescript/hapsland-243/.test-runs/20261007154130033-1589640-50e8e1/1595007-014-revision-boundary.log
PASSED revision-boundary 1.02s; exit 0; log /workspace/typescript/hapsland-243/.test-runs/20261007154130033-1589640-50e8e1/1595007-014-revision-boundary.log
START response-authority-boundary; log /workspace/typescript/hapsland-243/.test-runs/20261007154130033-1589640-50e8e1/1595007-015-response-authority-boundary.log
PASSED response-authority-boundary 0.50s; exit 0; log /workspace/typescript/hapsland-243/.test-runs/20261007154130033-1589640-50e8e1/1595007-015-response-authority-boundary.log
START reuse-boundary; log /workspace/typescript/hapsland-243/.test-runs/20261007154130033-1589640-50e8e1/1595007-016-reuse-boundary.log
PASSED reuse-boundary 0.26s; exit 0; log /workspace/typescript/hapsland-243/.test-runs/20261007154130033-1589640-50e8e1/1595007-016-reuse-boundary.log
START notice-boundary; log /workspace/typescript/hapsland-243/.test-runs/20261007154130033-1589640-50e8e1/1595007-017-notice-boundary.log
PASSED notice-boundary 0.39s; exit 0; log /workspace/typescript/hapsland-243/.test-runs/20261007154130033-1589640-50e8e1/1595007-017-notice-boundary.log
START retention-boundary; log /workspace/typescript/hapsland-243/.test-runs/20261007154130033-1589640-50e8e1/1595007-018-retention-boundary.log
PASSED retention-boundary 0.37s; exit 0; log /workspace/typescript/hapsland-243/.test-runs/20261007154130033-1589640-50e8e1/1595007-018-retention-boundary.log
START configuration-boundary; log /workspace/typescript/hapsland-243/.test-runs/20261007154130033-1589640-50e8e1/1595007-019-configuration-boundary.log
PASSED configuration-boundary 0.37s; exit 0; log /workspace/typescript/hapsland-243/.test-runs/20261007154130033-1589640-50e8e1/1595007-019-configuration-boundary.log
START file-eligibility-boundary; log /workspace/typescript/hapsland-243/.test-runs/20261007154130033-1589640-50e8e1/1595007-020-file-eligibility-boundary.log
PASSED file-eligibility-boundary 0.56s; exit 0; log /workspace/typescript/hapsland-243/.test-runs/20261007154130033-1589640-50e8e1/1595007-020-file-eligibility-boundary.log
START rule-boundary; log /workspace/typescript/hapsland-243/.test-runs/20261007154130033-1589640-50e8e1/1595007-021-rule-boundary.log
PASSED rule-boundary 0.25s; exit 0; log /workspace/typescript/hapsland-243/.test-runs/20261007154130033-1589640-50e8e1/1595007-021-rule-boundary.log
START bend-progress; log /workspace/typescript/hapsland-243/.test-runs/20261007154130033-1589640-50e8e1/1595007-022-bend-progress.log
PASSED bend-progress 47.96s; exit 0; log /workspace/typescript/hapsland-243/.test-runs/20261007154130033-1589640-50e8e1/1595007-022-bend-progress.log
START content-isolation; log /workspace/typescript/hapsland-243/.test-runs/20261007154130033-1589640-50e8e1/1595007-023-content-isolation.log
PASSED content-isolation 9.09s; exit 0; log /workspace/typescript/hapsland-243/.test-runs/20261007154130033-1589640-50e8e1/1595007-023-content-isolation.log
START content-wire-mutants; log /workspace/typescript/hapsland-243/.test-runs/20261007154130033-1589640-50e8e1/1595007-024-content-wire-mutants.log
PASSED content-wire-mutants 30.84s; exit 0; log /workspace/typescript/hapsland-243/.test-runs/20261007154130033-1589640-50e8e1/1595007-024-content-wire-mutants.log
START native-pi-observation; log /workspace/typescript/hapsland-243/.test-runs/20261007154130033-1589640-50e8e1/1595007-025-native-pi-observation.log
PASSED native-pi-observation 0.55s; exit 0; log /workspace/typescript/hapsland-243/.test-runs/20261007154130033-1589640-50e8e1/1595007-025-native-pi-observation.log
START native-rule-observation; log /workspace/typescript/hapsland-243/.test-runs/20261007154130033-1589640-50e8e1/1595007-026-native-rule-observation.log
PASSED native-rule-observation 0.28s; exit 0; log /workspace/typescript/hapsland-243/.test-runs/20261007154130033-1589640-50e8e1/1595007-026-native-rule-observation.log
START verification-infrastructure; log /workspace/typescript/hapsland-243/.test-runs/20261007154130033-1589640-50e8e1/1595007-027-verification-infrastructure.log
PASSED verification-infrastructure 31.16s; exit 0; log /workspace/typescript/hapsland-243/.test-runs/20261007154130033-1589640-50e8e1/1595007-027-verification-infrastructure.log
START build-workflow; log /workspace/typescript/hapsland-243/.test-runs/20261007154130033-1589640-50e8e1/1595007-028-build-workflow.log
PASSED build-workflow 63.99s; exit 0; log /workspace/typescript/hapsland-243/.test-runs/20261007154130033-1589640-50e8e1/1595007-028-build-workflow.log
START test-harness; log /workspace/typescript/hapsland-243/.test-runs/20261007154130033-1589640-50e8e1/1595007-029-test-harness.log
PASSED test-harness 1.18s; exit 0; log /workspace/typescript/hapsland-243/.test-runs/20261007154130033-1589640-50e8e1/1595007-029-test-harness.log
START package-build; log /workspace/typescript/hapsland-243/.test-runs/20261007154130033-1589640-50e8e1/1595007-030-package-build.log
PASSED package-build 141.33s; exit 0; log /workspace/typescript/hapsland-243/.test-runs/20261007154130033-1589640-50e8e1/1595007-030-package-build.log
START package-validation; log /workspace/typescript/hapsland-243/.test-runs/20261007154130033-1589640-50e8e1/1595007-031-package-validation.log
PASSED package-validation 0.37s; exit 0; log /workspace/typescript/hapsland-243/.test-runs/20261007154130033-1589640-50e8e1/1595007-031-package-validation.log
START package-pack; log /workspace/typescript/hapsland-243/.test-runs/20261007154130033-1589640-50e8e1/1595007-032-package-pack.log
PASSED package-pack 10.75s; exit 0; log /workspace/typescript/hapsland-243/.test-runs/20261007154130033-1589640-50e8e1/1595007-032-package-pack.log
START vitest; log /workspace/typescript/hapsland-243/.test-runs/20261007154130033-1589640-50e8e1/1595007-033-vitest.log
