✔ rejects guaranteed CRAP failure without generating coverage (139.558397ms)
✔ equality passes the lower bound without claiming coverage (154.087592ms)
✔ preserves native source selection and global threshold (56.113386ms)
✔ a higher path override cannot cause false early rejection (59.106576ms)
✔ source and configuration analysis errors remain errors (107.342443ms)

FAIL case.ts > rejects stale work
mismatch
Actual: 1
Expected: 2

FAIL broken.ts (collection or suite hook)
import failed
Error: Focused selection executed zero tests (2 skipped, 0 pending); check selected files and testNamePattern: {"files":["case.ts"],"options":["--testNamePattern=missing"]}
    at ImmediateErrors.onTestRunEnd (file:///workspace/typescript/hapsland-243/scripts/test-harness/immediate-errors.mjs:35:9)
    at TestContext.<anonymous> (file:///workspace/typescript/hapsland-243/scripts/test-harness/immediate-errors.test.mjs:61:14)
    at Test.runInAsyncScope (node:async_hooks:227:14)
    at Test.run (node:internal/test_runner/test:1397:25)
    at Test.processPendingSubtests (node:internal/test_runner/test:969:18)
    at Test.postRun (node:internal/test_runner/test:1537:19)
    at Test.run (node:internal/test_runner/test:1462:12)
    at async startSubtestAfterBootstrap (node:internal/test_runner/harness:387:3)
✔ retains case and collection failures independently of later console output (3.331401ms)
✔ focused all-skipped structured results retain a failure; partial skips and full runs do not (1.554261ms)
✔ a stage inside its authenticated checkout lease passes before the enclosing transaction releases ownership (233.474114ms)
✔ ordinary failure preserves its log and does not suppress independent checks (156.602444ms)
✔ source identity failures retain a terminal run record (84.024182ms)
✔ prerequisite failures retain independent checks and record skipped dependents (80.966159ms)
✔ deadline terminates a child, persists failure, and admits no later work (139.678357ms)
✔ exclusive full gate fails immediately; valid nested test shares records (70.649789ms)
✔ focused mode refuses empty and broad selections (4.705578ms)
✔ persistent reporter failures prevent a nominal zero exit from passing (36.559195ms)
✔ nested test cannot extend its parent's absolute deadline (9.545781ms)
✔ quality preserves threshold breach exit two but test failure stays exit one (330.283102ms)
✔ failure events are surfaced during the run and retained in the final result (470.244711ms)
✔ real quality parent remains running while nested test can finish successfully (617.309832ms)
file:///workspace/typescript/hapsland-243/scripts/test-harness/run-checks.mjs:81
    if (!scopedId) throw new Error(`No recorded run for scope: ${scope}`)
                         ^

Error: No recorded run for scope: missing-slice
    at showStatus (file:///workspace/typescript/hapsland-243/scripts/test-harness/run-checks.mjs:81:26)
    at async main (file:///workspace/typescript/hapsland-243/scripts/test-harness/run-checks.mjs:680:5)
    at async file:///workspace/typescript/hapsland-243/[eval1]:1:122

Node.js v24.20.0
file:///workspace/typescript/hapsland-243/scripts/test-harness/run-checks.mjs:68
    if (id !== undefined) throw new Error("status accepts a run id or --scope, not both")
                                ^

Error: status accepts a run id or --scope, not both
    at showStatus (file:///workspace/typescript/hapsland-243/scripts/test-harness/run-checks.mjs:68:33)
    at main (file:///workspace/typescript/hapsland-243/scripts/test-harness/run-checks.mjs:680:11)
    at file:///workspace/typescript/hapsland-243/[eval1]:1:128
    at ModuleJob.run (node:internal/modules/esm/module_job:561:25)
    at async node:internal/modules/esm/loader:223:26
    at async ModuleLoader.executeModuleJob (node:internal/modules/esm/loader:220:20)
    at async asyncRunEntryPointWithESMLoader (node:internal/modules/run_main:101:5)

Node.js v24.20.0
file:///workspace/typescript/hapsland-243/scripts/test-harness/run-checks.mjs:81
    if (!scopedId) throw new Error(`No recorded run for scope: ${scope}`)
                         ^

Error: No recorded run for scope: original-output
    at showStatus (file:///workspace/typescript/hapsland-243/scripts/test-harness/run-checks.mjs:81:26)
    at async main (file:///workspace/typescript/hapsland-243/scripts/test-harness/run-checks.mjs:680:5)
    at async file:///workspace/typescript/hapsland-243/[eval1]:1:122

Node.js v24.20.0
✔ CLI records focused scope without forwarding it and reports different commits informationally (2166.648815ms)
✔ actual focused CLI rejects an all-skipped selector and permits selected execution (2573.185373ms)
✔ quality records lint exit 0 and starts coverage only after lint passes (332.689162ms)
✔ quality records lint exit 1 and starts coverage only after lint passes (158.152831ms)
✔ real complexity prerequisite with 0 branches preserves the final coverage boundary (611.153869ms)
✔ real complexity prerequisite with 8 branches preserves the final coverage boundary (291.280971ms)
✔ artifact preparation shares a focused parent's records and cannot extend its deadline (61.77093ms)
✔ surviving product ownership fails the stage and retains the enclosing full lock (45.355679ms)
✔ verification mutation cancels a long child, keeps completed evidence and admits no later stage (1068.379439ms)
✔ unrelated documents during a long stage do not invalidate verification (1512.237825ms)
✔ relevant addition between stages blocks admission (147.636543ms)
✔ relevant deletion between stages blocks admission (115.819633ms)
✔ invalidated run retains its exclusive lock until the child and descendant stop (1096.206485ms)
✔ cancellation escalates to kill for a child and descendant that ignore termination (2071.719257ms)
✔ final input identity catches a mutation after the last completed stage (165.839098ms)
✔ observation preserves linked target identity through cached scans (198.445597ms)
✔ observation preserves submodule content identity through cached scans (322.293083ms)
✔ input invalidation during stage admission does not launch the child (68.363355ms)
✔ quality acknowledgment fails before creating run state (2.492519ms)
✔ failed quality prerequisite blocks lint and coverage with retained diagnostics (172.704067ms)
✔ fast deduplicates explicit selections and does not prepare installed artifacts (1.188009ms)
✔ boundary requires explicit consumers and a checked archive (4.638118ms)
✔ native agents require explicit host/model/scenario and Pi selects its authenticated profile (3.967947ms)
✔ native compiler checks require a target and actual selected tests (0.250294ms)
✔ stress remains an explicit selection and quality preserves the complete deterministic prerequisites (0.290044ms)
✔ every profile has a finite deadline and rejects native options on ordinary checks (0.643338ms)
✔ native plans reject unsupported scenarios and provider/model mismatches before preparing artifacts (0.407128ms)
✔ quality profile rejects missing acknowledgment before creating run state (69.9902ms)
RUN 20261007154136347-1590821-520e93 quality; deadline 2026-10-07T15:41:46.347Z; records /tmp/hapsland-verify-iKNAf1/.test-runs/20261007154136347-1590821-520e93
START quality-preflight; log /tmp/hapsland-verify-iKNAf1/.test-runs/20261007154136347-1590821-520e93/1590821-001-quality-preflight.log
Node.js v24.20.0
✖ scripts/test-harness/immediate-errors.test.mjs (62.180349ms)
✔ scripts/test-harness/run-checks.test.mjs (62.383518ms)
✔ scripts/test-harness/verification-plan.test.mjs (46.517022ms)
✔ scripts/test-harness/verify.test.mjs (37.180241ms)
ℹ tests 5
ℹ suites 0
ℹ pass 4
ℹ fail 1
ℹ cancelled 0
ℹ skipped 0
ℹ todo 0
ℹ duration_ms 81.009409

✖ failing tests:

test at scripts/test-harness/immediate-errors.test.mjs:1:1
✖ scripts/test-harness/immediate-errors.test.mjs (62.180349ms)
  'test failed'

FAILED quality-preflight 0.14s; exit 1; log /tmp/hapsland-verify-iKNAf1/.test-runs/20261007154136347-1590821-520e93/1590821-001-quality-preflight.log
SKIP lint-code; prerequisite-failed
SKIP quality-complexity; prerequisite-failed
SKIP quality; prerequisite-failed
END failed; 0.292s; 4 failed stages, 0 test failures; results /tmp/hapsland-verify-iKNAf1/.test-runs/20261007154136347-1590821-520e93/results.json
✔ acknowledged quality profile retains failed prerequisites without starting coverage (352.882733ms)
RUN 20261007154136658-1590821-2ef1df focused; deadline 2026-10-07T15:41:46.658Z; records /tmp/hapsland-verify-E30Fod/.test-runs/20261007154136658-1590821-2ef1df
START check-fast; log /tmp/hapsland-verify-E30Fod/.test-runs/20261007154136658-1590821-2ef1df/1590821-001-check-fast.log
PASSED check-fast 0.15s; exit 0; log /tmp/hapsland-verify-E30Fod/.test-runs/20261007154136658-1590821-2ef1df/1590821-001-check-fast.log
START node-focused; log /tmp/hapsland-verify-E30Fod/.test-runs/20261007154136658-1590821-2ef1df/1590821-002-node-focused.log
PASSED node-focused 0.06s; exit 0; log /tmp/hapsland-verify-E30Fod/.test-runs/20261007154136658-1590821-2ef1df/1590821-002-node-focused.log
END passed; 0.257s; 0 failed stages, 0 test failures; results /tmp/hapsland-verify-E30Fod/.test-runs/20261007154136658-1590821-2ef1df/results.json
✔ fast CLI executes one deduplicated selection and persists the resolved plan (271.774365ms)
RUN 20261007154136929-1590821-fce0dd focused; deadline 2026-10-07T15:41:46.929Z; records /tmp/hapsland-verify-9wTGe8/.test-runs/20261007154136929-1590821-fce0dd
START check-fast; log /tmp/hapsland-verify-9wTGe8/.test-runs/20261007154136929-1590821-fce0dd/1590821-001-check-fast.log
PASSED check-fast 0.21s; exit 0; log /tmp/hapsland-verify-9wTGe8/.test-runs/20261007154136929-1590821-fce0dd/1590821-001-check-fast.log
FAIL source-identity; Verification inputs changed: src/main.ts
END aborted; 0.294s; 1 failed stages, 0 test failures; results /tmp/hapsland-verify-9wTGe8/.test-runs/20261007154136929-1590821-fce0dd/results.json
✔ source changes during checks fail the profile instead of accepting mixed inputs (417.78802ms)
RUN 20261007154137365-1590821-d1a3e6 focused; deadline 2026-10-07T15:41:37.366Z; records /tmp/hapsland-verify-Ru6gbf/.test-runs/20261007154137365-1590821-d1a3e6
FAIL verification; Source identity deadline exceeded
END failed; 0.012s; 1 failed stages, 0 test failures; results /tmp/hapsland-verify-Ru6gbf/.test-runs/20261007154137365-1590821-d1a3e6/results.json
✔ a deadline during source identification still produces a terminal run record (62.361268ms)
RUN 20261007154137450-1590821-c29b26 focused; deadline 2026-10-07T15:41:47.450Z; records /tmp/hapsland-verify-yGiQfz/.test-runs/20261007154137450-1590821-c29b26
START node-focused; log /tmp/hapsland-verify-yGiQfz/.test-runs/20261007154137450-1590821-c29b26/1590821-001-node-focused.log
PASSED node-focused 0.20s; exit 0; log /tmp/hapsland-verify-yGiQfz/.test-runs/20261007154137450-1590821-c29b26/1590821-001-node-focused.log
END passed; 0.282s; 0 failed stages, 0 test failures; results /tmp/hapsland-verify-yGiQfz/.test-runs/20261007154137450-1590821-c29b26/results.json
✔ source boundary checks run without invoking package preparation (433.542931ms)
✔ package preparation requirements follow transitive consumer imports (24.338644ms)
RUN 20261007154137896-1590821-e64e92 focused; deadline 2026-10-07T15:41:47.896Z; records /tmp/hapsland-verify-Y7ZY8Y/.test-runs/20261007154137896-1590821-e64e92
START native-auth-model; log /tmp/hapsland-verify-Y7ZY8Y/.test-runs/20261007154137896-1590821-e64e92/1590821-001-native-auth-model.log
FAILED native-auth-model 0.15s; exit 7; log /tmp/hapsland-verify-Y7ZY8Y/.test-runs/20261007154137896-1590821-e64e92/1590821-001-native-auth-model.log
FAIL verification; native-auth-model failed
END failed; 0.309s; 2 failed stages, 0 test failures; results /tmp/hapsland-verify-Y7ZY8Y/.test-runs/20261007154137896-1590821-e64e92/results.json
✔ failed Pi auth preflight stops before package preparation (562.758542ms)
ℹ tests 54
ℹ suites 0
ℹ pass 54
ℹ fail 0
ℹ cancelled 0
ℹ skipped 0
ℹ todo 0
ℹ duration_ms 15623.995942
