
> @hapsland/hapsland@0.1.0 build
> node scripts/build-product.mjs

 WARNING  Circular package dependency detected: @hapsland/monkey-business-bend, @hapsland/canonical-defense, @hapsland/build-tooling, @hapsland/agent-flow-viz, @hapsland/monkey-business, @hapsland/verification

   • turbo 2.11.7
   • Packages in scope: @hapsland/activity-observation, @hapsland/administration, @hapsland/agent-flow-bend, @hapsland/canonical-policy, @hapsland/cli-entry, @hapsland/credential-storage, @hapsland/delivery-output, @hapsland/doctor-entry, @hapsland/hook-entry, @hapsland/hook-runtime, @hapsland/inspection-records, @hapsland/native-observation, @hapsland/parser-entry, @hapsland/pi-extension, @hapsland/resident-entry, @hapsland/resident-runtime, @hapsland/resident-transport, @hapsland/review-definition, @hapsland/review-execution, @hapsland/runtime-environment, @hapsland/runtime-inputs, @hapsland/source-analysis, @hapsland/source-artifacts
   • Running build, native:linux-arm64 in 23 packages
   • Remote caching disabled

@hapsland/delivery-output:build: cache hit, replaying logs 3f38bcb773f05624
@hapsland/delivery-output:build: $ node ../../scripts/compile-package.mjs
@hapsland/runtime-environment:build: cache hit, replaying logs 2f0e44dc51238a92
@hapsland/runtime-environment:build: $ node ../../scripts/compile-package.mjs
@hapsland/runtime-environment:build: Compiled @hapsland/runtime-environment: 375 recorded inputs
@hapsland/delivery-output:build: Compiled @hapsland/delivery-output: 246 recorded inputs
@hapsland/credential-storage:native:linux-arm64: cache hit, replaying logs fc4e5df8fd543be9
@hapsland/inspection-records:native:linux-arm64: cache hit, replaying logs a263bb3cff3046a3
@hapsland/credential-storage:native:linux-arm64: $ node ../../scripts/native-task.mjs linux-arm64
@hapsland/inspection-records:native:linux-arm64: $ node ../../scripts/native-task.mjs linux-arm64
@hapsland/agent-flow-bend:build: cache hit, replaying logs 002c9c9562acf166
@hapsland/agent-flow-bend:build: $ node ../../scripts/bend-producer.mjs
@hapsland/source-artifacts:build: cache hit, replaying logs f1f4bb5f1b4106b7
@hapsland/source-artifacts:build: $ node ../../scripts/compile-package.mjs
@hapsland/source-artifacts:build: Compiled @hapsland/source-artifacts: 243 recorded inputs
@hapsland/source-analysis:native:linux-arm64: cache hit, replaying logs 0c5be64d50043238
@hapsland/source-analysis:native:linux-arm64: $ node ../../scripts/native-task.mjs linux-arm64
@hapsland/pi-extension:build: cache hit, replaying logs 9d81749ce6cd0a03
@hapsland/pi-extension:build: $ node ../../scripts/compile-package.mjs
@hapsland/canonical-policy:build: cache hit, replaying logs d36516b081b05dc0
@hapsland/pi-extension:build: Compiled @hapsland/pi-extension: 215 recorded inputs
@hapsland/canonical-policy:build: $ node ../../scripts/compile-package.mjs
@hapsland/canonical-policy:build: Compiled @hapsland/canonical-policy: 356 recorded inputs
@hapsland/runtime-inputs:build: cache miss, executing a8316c9094217bfb
@hapsland/runtime-inputs:build: $ node ../../scripts/compile-package.mjs
@hapsland/runtime-inputs:build: packages/runtime-inputs/src/domain/rule-identity.ts(8,7): error TS2322: Type '1' is not assignable to type 'never'.
@hapsland/runtime-inputs:build: file:///workspace/typescript/hapsland-243/scripts/compile-package.mjs:68
@hapsland/runtime-inputs:build:       throw result.error ?? new Error(`Package compiler failed: ${node.manifest.name}`)
@hapsland/runtime-inputs:build:                             ^
@hapsland/runtime-inputs:build: 
@hapsland/runtime-inputs:build: Error: Package compiler failed: @hapsland/runtime-inputs
@hapsland/runtime-inputs:build:     at file:///workspace/typescript/hapsland-243/scripts/compile-package.mjs:68:29
@hapsland/runtime-inputs:build:     at async file:///workspace/typescript/hapsland-243/scripts/compile-package.mjs:12:1
@hapsland/runtime-inputs:build: 
@hapsland/runtime-inputs:build: Node.js v24.20.0
@hapsland/runtime-inputs:build: error: script "build" exited with code 1
@hapsland/runtime-inputs#build:  ERROR  command (/workspace/typescript/hapsland-243/packages/runtime-inputs) /workspace/typescript/hapsland-243/node_modules/.bin/bun run build exited (1)

 Tasks:    9 successful, 10 total
Cached:    9 cached, 10 total
  Time:    984ms 
Failed:    @hapsland/runtime-inputs#build

 ERROR  run failed: command  exited (1)
file:///workspace/typescript/hapsland-243/scripts/build-process.mjs:108
    if (result.code !== 0) throw new Error(`Build process failed (${result.code ?? result.signal}): ${command}`)
                                 ^

Error: Build process failed (1): /workspace/typescript/hapsland-243/node_modules/.bin/turbo
    at runBuildProcess (file:///workspace/typescript/hapsland-243/scripts/build-process.mjs:108:34)
    at process.processTicksAndRejections (node:internal/process/task_queues:104:5)
    at async file:///workspace/typescript/hapsland-243/scripts/build-workspaces.mjs:45:3
    at async file:///workspace/typescript/hapsland-243/scripts/build-workspaces.mjs:20:1

Node.js v24.20.0
file:///workspace/typescript/hapsland-243/scripts/build-process.mjs:108
    if (result.code !== 0) throw new Error(`Build process failed (${result.code ?? result.signal}): ${command}`)
                                 ^

Error: Build process failed (1): /home/node/.local/share/mise/installs/node/24.20.0/bin/node
    at runBuildProcess (file:///workspace/typescript/hapsland-243/scripts/build-process.mjs:108:34)
    at process.processTicksAndRejections (node:internal/process/task_queues:104:5)
    at async file:///workspace/typescript/hapsland-243/scripts/build-product.mjs:39:5
    at async file:///workspace/typescript/hapsland-243/scripts/build-product.mjs:19:1

Node.js v24.20.0
