
> @hapsland/hapsland@0.1.0 build
> node scripts/build-product.mjs

 WARNING  Circular package dependency detected: @hapsland/monkey-business-bend, @hapsland/verification, @hapsland/monkey-business, @hapsland/canonical-defense, @hapsland/build-tooling, @hapsland/agent-flow-viz

   • turbo 2.11.7
   • Packages in scope: @hapsland/activity-observation, @hapsland/administration, @hapsland/agent-flow-bend, @hapsland/canonical-policy, @hapsland/cli-entry, @hapsland/credential-storage, @hapsland/delivery-output, @hapsland/doctor-entry, @hapsland/hook-entry, @hapsland/hook-runtime, @hapsland/inspection-records, @hapsland/native-observation, @hapsland/parser-entry, @hapsland/pi-extension, @hapsland/resident-entry, @hapsland/resident-runtime, @hapsland/resident-transport, @hapsland/review-definition, @hapsland/review-execution, @hapsland/runtime-environment, @hapsland/runtime-inputs, @hapsland/source-analysis, @hapsland/source-artifacts
   • Running build, native:linux-arm64 in 23 packages
   • Remote caching disabled

@hapsland/delivery-output:build: cache hit, replaying logs 3f38bcb773f05624
@hapsland/source-analysis:native:linux-arm64: cache hit, replaying logs 0c5be64d50043238
@hapsland/source-analysis:native:linux-arm64: $ node ../../scripts/native-task.mjs linux-arm64
@hapsland/agent-flow-bend:build: cache hit, replaying logs 9fbae85c7c61e241
@hapsland/agent-flow-bend:build: $ node ../../scripts/bend-producer.mjs
@hapsland/delivery-output:build: $ node ../../scripts/compile-package.mjs
@hapsland/delivery-output:build: Compiled @hapsland/delivery-output: 246 recorded inputs
@hapsland/credential-storage:native:linux-arm64: cache hit, replaying logs fc4e5df8fd543be9
@hapsland/credential-storage:native:linux-arm64: $ node ../../scripts/native-task.mjs linux-arm64
@hapsland/source-artifacts:build: cache hit, replaying logs f1f4bb5f1b4106b7
@hapsland/source-artifacts:build: $ node ../../scripts/compile-package.mjs
@hapsland/source-artifacts:build: Compiled @hapsland/source-artifacts: 243 recorded inputs
@hapsland/inspection-records:native:linux-arm64: cache hit, replaying logs a263bb3cff3046a3
@hapsland/inspection-records:native:linux-arm64: $ node ../../scripts/native-task.mjs linux-arm64
@hapsland/canonical-policy:build: cache hit, replaying logs 2965a8ceedcbcd3b
@hapsland/runtime-environment:build: cache hit, replaying logs 2f0e44dc51238a92
@hapsland/runtime-environment:build: $ node ../../scripts/compile-package.mjs
@hapsland/runtime-environment:build: Compiled @hapsland/runtime-environment: 375 recorded inputs
@hapsland/canonical-policy:build: $ node ../../scripts/compile-package.mjs
@hapsland/canonical-policy:build: Compiled @hapsland/canonical-policy: 356 recorded inputs
@hapsland/pi-extension:build: cache hit, replaying logs 9d81749ce6cd0a03
@hapsland/pi-extension:build: $ node ../../scripts/compile-package.mjs
@hapsland/pi-extension:build: Compiled @hapsland/pi-extension: 215 recorded inputs
@hapsland/runtime-inputs:build: cache hit, replaying logs 6238cfc300c76d76
@hapsland/runtime-inputs:build: $ node ../../scripts/compile-package.mjs
@hapsland/runtime-inputs:build: Compiled @hapsland/runtime-inputs: 367 recorded inputs
@hapsland/credential-storage:build: cache hit, replaying logs d33cd9dab03e17bd
@hapsland/credential-storage:build: $ node ../../scripts/compile-package.mjs
@hapsland/credential-storage:build: Compiled @hapsland/credential-storage: 352 recorded inputs
@hapsland/inspection-records:build: cache hit, replaying logs 128e45e907558411
@hapsland/inspection-records:build: $ node ../../scripts/compile-package.mjs
@hapsland/inspection-records:build: Compiled @hapsland/inspection-records: 423 recorded inputs
@hapsland/native-observation:build: cache hit, replaying logs 25b1cb904eda554a
@hapsland/native-observation:build: $ node ../../scripts/compile-package.mjs
@hapsland/native-observation:build: Compiled @hapsland/native-observation: 367 recorded inputs
@hapsland/source-analysis:build: cache hit, replaying logs 90a8e513174816cd
@hapsland/source-analysis:build: $ node ../../scripts/compile-package.mjs
@hapsland/source-analysis:build: Compiled @hapsland/source-analysis: 382 recorded inputs
@hapsland/activity-observation:build: cache hit, replaying logs cb3440a11b7f682c
@hapsland/review-definition:build: cache hit, replaying logs 6341b2101875e57e
@hapsland/activity-observation:build: $ node ../../scripts/compile-package.mjs
@hapsland/activity-observation:build: Compiled @hapsland/activity-observation: 405 recorded inputs
@hapsland/review-definition:build: $ node ../../scripts/compile-package.mjs
@hapsland/review-definition:build: Compiled @hapsland/review-definition: 440 recorded inputs
@hapsland/parser-entry:build: cache hit, replaying logs 536f1f974dc705df
@hapsland/parser-entry:build: $ node ../../scripts/compile-package.mjs
@hapsland/parser-entry:build: Compiled @hapsland/parser-entry: 355 recorded inputs
@hapsland/resident-transport:build: cache hit, replaying logs 4c350b408e12dbdd
@hapsland/resident-transport:build: $ node ../../scripts/compile-package.mjs
@hapsland/resident-transport:build: Compiled @hapsland/resident-transport: 422 recorded inputs
@hapsland/review-execution:build: cache hit, replaying logs 81f997b682bf9818
@hapsland/review-execution:build: $ node ../../scripts/compile-package.mjs
@hapsland/review-execution:build: Compiled @hapsland/review-execution: 514 recorded inputs
@hapsland/resident-runtime:build: cache hit, replaying logs 0bb907b7c743af04
@hapsland/resident-runtime:build: $ node ../../scripts/compile-package.mjs
@hapsland/resident-runtime:build: Compiled @hapsland/resident-runtime: 534 recorded inputs
@hapsland/resident-entry:build: cache hit, replaying logs 6a41a348caee8f5f
@hapsland/hook-runtime:build: cache hit, replaying logs 6150e3af36050a2a
@hapsland/resident-entry:build: $ node ../../scripts/compile-package.mjs
@hapsland/resident-entry:build: Compiled @hapsland/resident-entry: 518 recorded inputs
@hapsland/administration:build: cache miss, executing f79f3cc7e68573fc
@hapsland/hook-runtime:build: $ node ../../scripts/compile-package.mjs
@hapsland/hook-runtime:build: Compiled @hapsland/hook-runtime: 396 recorded inputs
@hapsland/hook-entry:build: cache hit, replaying logs d6f23ffabb3bf338
@hapsland/hook-entry:build: $ node ../../scripts/compile-package.mjs
@hapsland/hook-entry:build: Compiled @hapsland/hook-entry: 369 recorded inputs
@hapsland/administration:build: $ node ../../scripts/compile-package.mjs
@hapsland/administration:build: Compiled @hapsland/administration: 610 recorded inputs
@hapsland/doctor-entry:build: cache miss, executing fffd092698d0f239
@hapsland/cli-entry:build: cache miss, executing ffe95d740e4e170f
@hapsland/cli-entry:build: $ node ../../scripts/compile-package.mjs
@hapsland/doctor-entry:build: $ node ../../scripts/compile-package.mjs
@hapsland/doctor-entry:build: Compiled @hapsland/doctor-entry: 402 recorded inputs
@hapsland/cli-entry:build: Compiled @hapsland/cli-entry: 551 recorded inputs

 Tasks:    26 successful, 26 total
Cached:    23 cached, 26 total
  Time:    3.552s 

checked 136 event kinds, 215 command variants, 401 consumed tags, 346 exact constructor schemas, and 5 compiled exports
checked 5 shared-adapter imports and zero direct policy consumers
 WARNING  Circular package dependency detected: @hapsland/verification, @hapsland/monkey-business, @hapsland/monkey-business-bend, @hapsland/canonical-defense, @hapsland/build-tooling, @hapsland/agent-flow-viz

   • turbo 2.11.7
   • Packages in scope: @hapsland/activity-observation, @hapsland/administration, @hapsland/agent-flow-bend, @hapsland/canonical-policy, @hapsland/cli-entry, @hapsland/credential-storage, @hapsland/delivery-output, @hapsland/doctor-entry, @hapsland/hook-entry, @hapsland/hook-runtime, @hapsland/inspection-records, @hapsland/native-observation, @hapsland/parser-entry, @hapsland/pi-extension, @hapsland/resident-entry, @hapsland/resident-runtime, @hapsland/resident-transport, @hapsland/review-definition, @hapsland/review-execution, @hapsland/runtime-environment, @hapsland/runtime-inputs, @hapsland/source-analysis, @hapsland/source-artifacts
   • Running assemble:linux-arm64, assemble:host in 23 packages
   • Remote caching disabled

@hapsland/runtime-environment:build: cache hit, replaying logs 2f0e44dc51238a92
@hapsland/runtime-environment:build: $ node ../../scripts/compile-package.mjs
@hapsland/runtime-environment:build: Compiled @hapsland/runtime-environment: 375 recorded inputs
@hapsland/agent-flow-bend:build: cache hit, replaying logs 9fbae85c7c61e241
@hapsland/inspection-records:native:linux-arm64: cache hit, replaying logs a263bb3cff3046a3
@hapsland/agent-flow-bend:build: $ node ../../scripts/bend-producer.mjs
@hapsland/inspection-records:native:linux-arm64: $ node ../../scripts/native-task.mjs linux-arm64
@hapsland/source-analysis:native:linux-arm64: cache hit, replaying logs 0c5be64d50043238
@hapsland/source-analysis:native:linux-arm64: $ node ../../scripts/native-task.mjs linux-arm64
@hapsland/source-artifacts:build: cache hit, replaying logs f1f4bb5f1b4106b7
@hapsland/source-artifacts:build: $ node ../../scripts/compile-package.mjs
@hapsland/source-artifacts:build: Compiled @hapsland/source-artifacts: 243 recorded inputs
@hapsland/credential-storage:native:linux-arm64: cache hit, replaying logs fc4e5df8fd543be9
@hapsland/delivery-output:build: cache hit, replaying logs 3f38bcb773f05624
@hapsland/credential-storage:native:linux-arm64: $ node ../../scripts/native-task.mjs linux-arm64
@hapsland/delivery-output:build: $ node ../../scripts/compile-package.mjs
@hapsland/delivery-output:build: Compiled @hapsland/delivery-output: 246 recorded inputs
@hapsland/pi-extension:build: cache hit, replaying logs 9d81749ce6cd0a03
@hapsland/pi-extension:build: $ node ../../scripts/compile-package.mjs
@hapsland/pi-extension:build: Compiled @hapsland/pi-extension: 215 recorded inputs
@hapsland/canonical-policy:build: cache hit, replaying logs 2965a8ceedcbcd3b
@hapsland/canonical-policy:build: $ node ../../scripts/compile-package.mjs
@hapsland/canonical-policy:build: Compiled @hapsland/canonical-policy: 356 recorded inputs
@hapsland/pi-extension:assemble:host: cache hit, replaying logs 2d44fc4cd693264a
@hapsland/pi-extension:assemble:host: $ node ../../scripts/assemble-host-modules.mjs
@hapsland/runtime-inputs:build: cache hit, replaying logs 6238cfc300c76d76
@hapsland/runtime-inputs:build: $ node ../../scripts/compile-package.mjs
@hapsland/runtime-inputs:build: Compiled @hapsland/runtime-inputs: 367 recorded inputs
@hapsland/inspection-records:build: cache hit, replaying logs 128e45e907558411
@hapsland/inspection-records:build: $ node ../../scripts/compile-package.mjs
@hapsland/inspection-records:build: Compiled @hapsland/inspection-records: 423 recorded inputs
@hapsland/credential-storage:build: cache hit, replaying logs d33cd9dab03e17bd
@hapsland/credential-storage:build: $ node ../../scripts/compile-package.mjs
@hapsland/credential-storage:build: Compiled @hapsland/credential-storage: 352 recorded inputs
@hapsland/native-observation:build: cache hit, replaying logs 25b1cb904eda554a
@hapsland/native-observation:build: $ node ../../scripts/compile-package.mjs
@hapsland/native-observation:build: Compiled @hapsland/native-observation: 367 recorded inputs
@hapsland/review-definition:build: cache hit, replaying logs 6341b2101875e57e
@hapsland/review-definition:build: $ node ../../scripts/compile-package.mjs
@hapsland/review-definition:build: Compiled @hapsland/review-definition: 440 recorded inputs
@hapsland/source-analysis:build: cache hit, replaying logs 90a8e513174816cd
@hapsland/source-analysis:build: $ node ../../scripts/compile-package.mjs
@hapsland/source-analysis:build: Compiled @hapsland/source-analysis: 382 recorded inputs
@hapsland/activity-observation:build: cache hit, replaying logs cb3440a11b7f682c
@hapsland/review-execution:build: cache hit, replaying logs 81f997b682bf9818
@hapsland/activity-observation:build: $ node ../../scripts/compile-package.mjs
@hapsland/activity-observation:build: Compiled @hapsland/activity-observation: 405 recorded inputs
@hapsland/review-execution:build: $ node ../../scripts/compile-package.mjs
@hapsland/review-execution:build: Compiled @hapsland/review-execution: 514 recorded inputs
@hapsland/parser-entry:build: cache hit, replaying logs 536f1f974dc705df
@hapsland/parser-entry:build: $ node ../../scripts/compile-package.mjs
@hapsland/parser-entry:build: Compiled @hapsland/parser-entry: 355 recorded inputs
@hapsland/resident-transport:build: cache hit, replaying logs 4c350b408e12dbdd
@hapsland/resident-transport:build: $ node ../../scripts/compile-package.mjs
@hapsland/resident-transport:build: Compiled @hapsland/resident-transport: 422 recorded inputs
@hapsland/parser-entry:assemble:linux-arm64: cache hit, replaying logs a369bb302039a2b6
@hapsland/parser-entry:assemble:linux-arm64: $ node ../../scripts/assemble-entry.mjs linux-arm64
@hapsland/hook-runtime:build: cache hit, replaying logs 6150e3af36050a2a
@hapsland/hook-runtime:build: $ node ../../scripts/compile-package.mjs
@hapsland/hook-runtime:build: Compiled @hapsland/hook-runtime: 396 recorded inputs
@hapsland/resident-runtime:build: cache hit, replaying logs 0bb907b7c743af04
@hapsland/resident-runtime:build: $ node ../../scripts/compile-package.mjs
@hapsland/resident-runtime:build: Compiled @hapsland/resident-runtime: 534 recorded inputs
@hapsland/hook-entry:build: cache hit, replaying logs d6f23ffabb3bf338
@hapsland/hook-entry:build: $ node ../../scripts/compile-package.mjs
@hapsland/hook-entry:build: Compiled @hapsland/hook-entry: 369 recorded inputs
@hapsland/administration:build: cache hit, replaying logs f79f3cc7e68573fc
@hapsland/administration:build: $ node ../../scripts/compile-package.mjs
@hapsland/administration:build: Compiled @hapsland/administration: 610 recorded inputs
@hapsland/resident-entry:build: cache hit, replaying logs 6a41a348caee8f5f
@hapsland/resident-entry:build: $ node ../../scripts/compile-package.mjs
@hapsland/resident-entry:build: Compiled @hapsland/resident-entry: 518 recorded inputs
@hapsland/hook-entry:assemble:linux-arm64: cache hit, replaying logs 9353cc24cf81707c
@hapsland/hook-entry:assemble:linux-arm64: $ node ../../scripts/assemble-entry.mjs linux-arm64
@hapsland/cli-entry:build: cache hit, replaying logs ffe95d740e4e170f
@hapsland/cli-entry:build: $ node ../../scripts/compile-package.mjs
@hapsland/cli-entry:build: Compiled @hapsland/cli-entry: 551 recorded inputs
@hapsland/doctor-entry:build: cache hit, replaying logs fffd092698d0f239
@hapsland/doctor-entry:build: $ node ../../scripts/compile-package.mjs
@hapsland/doctor-entry:build: Compiled @hapsland/doctor-entry: 402 recorded inputs
@hapsland/resident-entry:assemble:linux-arm64: cache hit, replaying logs c18b260c325cc7b8
@hapsland/resident-entry:assemble:linux-arm64: $ node ../../scripts/assemble-entry.mjs linux-arm64
@hapsland/cli-entry:assemble:linux-arm64: cache miss, executing 834519061c0820c9
@hapsland/cli-entry:assemble:linux-arm64: $ node ../../scripts/assemble-entry.mjs linux-arm64
@hapsland/doctor-entry:assemble:linux-arm64: cache miss, executing a1975f537731a2f7
@hapsland/doctor-entry:assemble:linux-arm64: $ node ../../scripts/assemble-entry.mjs linux-arm64

 Tasks:    32 successful, 32 total
Cached:    30 cached, 32 total
  Time:    15.762s 

Published product: fresh source, compiler, native and artifact evidence verified
