✔ resolution cell identities remain unique and explicitly bounded (0.95659ms)
✔ retarget definition requires emitted target evidence and all four actual help behaviors (0.731213ms)
✔ retarget definition cannot accept correct logs with missing contributions or stale executable behavior (0.553879ms)
✔ unsupported-workspace-node-condition requires ordinary build refusal and no surviving hook (0.510378ms)
✔ unsupported-typescript-module-alias requires ordinary build refusal and no surviving hook (0.375378ms)
✔ unsupported-package-imports-alias requires ordinary build refusal and no surviving hook (0.326586ms)
✔ fixture anchors fail rather than silently weakening retarget evidence after source drift (0.132126ms)
✔ exact subpath ordinary repair rejects all removed emitted members (0.664213ms)
✔ pinned compiler accepts declaration alias without removed options or outside-root source (516.291017ms)
✔ actual acceptance context supplies every API used by all case modules (97.092659ms)
✔ mutation rollback preserves original bytes (1.644971ms)
✔ concurrent source change is preserved (0.588504ms)
✔ removed output can be restored (0.399878ms)
✔ paths and repeated mutation fail closed (0.118626ms)
✔ unfinished obligations are distinct from runnable accepted cells (0.085376ms)
✔ rename rollback restores source and removes owned destination (1.242175ms)
✔ rename never overwrites an existing destination (0.47092ms)
✔ incomplete-cache fixture removes only the requested emitted member (1.838804ms)
✔ incomplete-cache fixture rejects unknown and truncated archive profiles (0.407628ms)
✔ incomplete-cache fixture recognizes GNU metadata rather than treating it as a path prefix (0.257752ms)
✔ mutation paths reject symlink-parent escapes (0.523462ms)
✔ phased acceptance preserves declared case order and rejects duplicates (0.286211ms)
✔ created authored source is owned and removed only with matching bytes (0.595838ms)
✔ watch-upstream-implementation requires correlated watch transitions and repaired behavior (0.41242ms)
✔ watch-used-public-interface-break-and-repair requires correlated watch transitions and repaired behavior (0.176043ms)
✔ watch-upstream-output-deletion requires correlated watch transitions and repaired behavior (0.135084ms)
✔ watch-manifest-drift requires correlated watch transitions and repaired behavior (0.404462ms)
✔ watch drift updates retain original CAS ownership and refuse concurrent edits (1.744221ms)
✔ authored inventory includes ABI and config but never follows generated/cache output (6.673256ms)
✔ permanent receipts deduplicate content, bound unique bytes and refuse modified evidence (1.20505ms)
✔ candidate freeze detects auxiliary verification edits and ignores produced outputs (2.685811ms)
✔ warm proof uses actual Turbo metadata rather than replayed producer logs (0.818589ms)
✔ owner receipt inventory follows artifact ownership and rejects symlinks (0.510879ms)
✔ cache corruption uses retained ordinary task metadata without an identification rebuild (0.43317ms)
✔ successful generated-only repair can be omitted only with unchanged source and publication (0.102626ms)
✔ undeclared-edge fixture preserves valid hook shebang and targets the workspace edge (3.866694ms)
✔ failed or authored-mutated cells require repair without inspecting revoked publication (0.452212ms)
✔ crosscompile acceptance checks owner bytes and mapped public output with producer host identity (0.543546ms)
✔ incomplete assembly archive fixture supports legitimate executable members above 30MB (34.163163ms)
✔ acceptance tool probe returns actual selected version output and refuses expired campaigns (28.465622ms)
✔ checker acceptance requires actual function invocation rather than replayed task logs (10.672744ms)
✔ assembly recovery permits rebuilt current bytes but rejects mixed pairs and changed cache-only restores (0.658171ms)
✔ assembly cache and receipt fixtures own coherent pairs through actual CAS mutations (3.647568ms)
✔ missing export and source fixtures accept only target-specific compiler refusals (0.708463ms)
ℹ tests 44
ℹ suites 0
ℹ pass 44
ℹ fail 0
ℹ cancelled 0
ℹ skipped 0
ℹ todo 0
ℹ duration_ms 559.461204
