✔ actual acceptance context supplies every API used by all case modules (141.723183ms)
✔ mutation rollback preserves original bytes (3.393189ms)
✔ concurrent source change is preserved (0.916465ms)
✔ removed output can be restored (2.33514ms)
✔ paths and repeated mutation fail closed (0.146084ms)
✔ unfinished obligations are distinct from runnable accepted cells (0.085376ms)
✔ rename rollback restores source and removes owned destination (4.433404ms)
✔ rename never overwrites an existing destination (1.69847ms)
✔ incomplete-cache fixture removes only the requested emitted member (1.685386ms)
✔ incomplete-cache fixture rejects unknown and truncated archive profiles (0.510711ms)
✔ incomplete-cache fixture recognizes GNU metadata rather than treating it as a path prefix (0.242793ms)
✔ mutation paths reject symlink-parent escapes (0.639004ms)
✔ phased acceptance preserves declared case order and rejects duplicates (0.320085ms)
✔ created authored source is owned and removed only with matching bytes (1.171925ms)
✔ watch-upstream-implementation requires correlated watch transitions and repaired behavior (0.506295ms)
✔ watch-used-public-interface-break-and-repair requires correlated watch transitions and repaired behavior (0.145251ms)
✔ watch-upstream-output-deletion requires correlated watch transitions and repaired behavior (0.128709ms)
✔ watch-manifest-drift requires correlated watch transitions and repaired behavior (0.161251ms)
✔ watch drift updates retain original CAS ownership and refuse concurrent edits (1.771553ms)
✔ authored inventory includes ABI and config but never follows generated/cache output (8.080595ms)
✔ permanent receipts deduplicate content, bound unique bytes and refuse modified evidence (2.947145ms)
✔ candidate freeze detects auxiliary verification edits and ignores produced outputs (4.318278ms)
✔ warm proof uses actual Turbo metadata rather than replayed producer logs (1.456135ms)
✔ owner receipt inventory follows artifact ownership and rejects symlinks (0.852297ms)
✔ cache corruption uses retained ordinary task metadata without an identification rebuild (0.440212ms)
✔ successful generated-only repair can be omitted only with unchanged source and publication (0.106042ms)
✔ undeclared-edge fixture preserves valid hook shebang and targets the workspace edge (4.993283ms)
✔ failed or authored-mutated cells require repair without inspecting revoked publication (0.714505ms)
✔ crosscompile acceptance checks owner bytes and mapped public output with producer host identity (0.546295ms)
✔ incomplete assembly archive fixture supports legitimate executable members above 30MB (41.387022ms)
✔ acceptance tool probe returns actual selected version output and refuses expired campaigns (31.17383ms)
✔ checker acceptance requires actual function invocation rather than replayed task logs (12.68225ms)
✔ assembly recovery permits rebuilt current bytes but rejects mixed pairs and changed cache-only restores (0.641171ms)
✔ assembly cache and receipt fixtures own coherent pairs through actual CAS mutations (3.997901ms)
ℹ tests 34
ℹ suites 0
ℹ pass 34
ℹ fail 0
ℹ cancelled 0
ℹ skipped 0
ℹ todo 0
ℹ duration_ms 339.12719
