✔ actual acceptance context supplies every API used by all case modules (79.337229ms)
✔ mutation rollback preserves original bytes (2.946189ms)
✔ concurrent source change is preserved (1.967973ms)
✔ removed output can be restored (0.864798ms)
✔ paths and repeated mutation fail closed (0.172043ms)
✔ unfinished obligations are distinct from runnable accepted cells (0.099584ms)
✔ rename rollback restores source and removes owned destination (1.222135ms)
✔ rename never overwrites an existing destination (0.852881ms)
✔ incomplete-cache fixture removes only the requested emitted member (1.54922ms)
✔ incomplete-cache fixture rejects unknown and truncated archive profiles (0.442836ms)
✔ incomplete-cache fixture recognizes GNU metadata rather than treating it as a path prefix (0.291794ms)
✔ mutation paths reject symlink-parent escapes (0.923632ms)
✔ phased acceptance preserves declared case order and rejects duplicates (0.328169ms)
✔ created authored source is owned and removed only with matching bytes (1.009091ms)
✔ watch-upstream-implementation requires correlated watch transitions and repaired behavior (0.44967ms)
✔ watch-used-public-interface-break-and-repair requires correlated watch transitions and repaired behavior (0.126667ms)
✔ watch-upstream-output-deletion requires correlated watch transitions and repaired behavior (0.132376ms)
✔ watch-manifest-drift requires correlated watch transitions and repaired behavior (0.179543ms)
✔ watch drift updates retain original CAS ownership and refuse concurrent edits (1.384386ms)
✔ authored inventory includes ABI and config but never follows generated/cache output (6.764676ms)
✔ permanent receipts deduplicate content, bound unique bytes and refuse modified evidence (1.882931ms)
✔ candidate freeze detects auxiliary verification edits and ignores produced outputs (3.69607ms)
✔ warm proof uses actual Turbo metadata rather than replayed producer logs (0.820923ms)
✔ owner receipt inventory follows artifact ownership and rejects symlinks (1.141175ms)
✔ cache corruption uses retained ordinary task metadata without an identification rebuild (0.62513ms)
✔ successful generated-only repair can be omitted only with unchanged source and publication (0.137501ms)
✔ undeclared-edge fixture preserves valid hook shebang and targets the workspace edge (3.559027ms)
✔ failed or authored-mutated cells require repair without inspecting revoked publication (0.685714ms)
✔ crosscompile acceptance checks owner bytes and mapped public output with producer host identity (0.584504ms)
✔ incomplete assembly archive fixture supports legitimate executable members above 30MB (28.168798ms)
✔ acceptance tool probe returns actual selected version output and refuses expired campaigns (20.910868ms)
✔ checker acceptance requires actual function invocation rather than replayed task logs (8.020478ms)
ℹ tests 32
ℹ suites 0
ℹ pass 32
ℹ fail 0
ℹ cancelled 0
ℹ skipped 0
ℹ todo 0
ℹ duration_ms 228.781283
