
> @hapsland/hapsland@0.1.0 build
> node scripts/build-product.mjs

 WARNING  Circular package dependency detected: @hapsland/monkey-business-bend, @hapsland/canonical-defense, @hapsland/build-tooling, @hapsland/agent-flow-viz, @hapsland/monkey-business, @hapsland/verification

   • turbo 2.11.7
   • Packages in scope: @hapsland/activity-observation, @hapsland/administration, @hapsland/agent-flow-bend, @hapsland/canonical-policy, @hapsland/cli-entry, @hapsland/credential-storage, @hapsland/delivery-output, @hapsland/doctor-entry, @hapsland/hook-entry, @hapsland/hook-runtime, @hapsland/inspection-records, @hapsland/native-observation, @hapsland/parser-entry, @hapsland/pi-extension, @hapsland/resident-entry, @hapsland/resident-runtime, @hapsland/resident-transport, @hapsland/review-definition, @hapsland/review-execution, @hapsland/runtime-environment, @hapsland/runtime-inputs, @hapsland/source-analysis, @hapsland/source-artifacts
   • Running build, native:linux-arm64 in 23 packages
   • Remote caching disabled

@hapsland/doctor-entry:clean:compiler: cache bypass, force executing cb1dc54144c1ad85
@hapsland/inspection-records:clean:compiler: cache bypass, force executing 838f5401239953a3
@hapsland/doctor-entry:clean:compiler: $ node ../../scripts/clean-compiler-output.mjs
@hapsland/inspection-records:clean:compiler: $ node ../../scripts/clean-compiler-output.mjs
@hapsland/runtime-inputs:clean:compiler: cache bypass, force executing 7216a22534516a9c
@hapsland/runtime-inputs:clean:compiler: $ node ../../scripts/clean-compiler-output.mjs
@hapsland/parser-entry:clean:compiler: cache bypass, force executing 4eddae4695a66a2b
@hapsland/parser-entry:clean:compiler: $ node ../../scripts/clean-compiler-output.mjs
@hapsland/source-artifacts:clean:compiler: cache bypass, force executing 754bea297fcb353b
@hapsland/source-artifacts:clean:compiler: $ node ../../scripts/clean-compiler-output.mjs
@hapsland/inspection-records:native:linux-arm64: cache hit, replaying logs 7809ed95e437ce0e
@hapsland/inspection-records:native:linux-arm64: $ node ../../scripts/native-task.mjs linux-arm64
@hapsland/source-analysis:clean:compiler: cache bypass, force executing cecad6dc8a09b99a
@hapsland/source-analysis:clean:compiler: $ node ../../scripts/clean-compiler-output.mjs
@hapsland/source-analysis:native:linux-arm64: cache hit, replaying logs 891a2e2e89cb8ace
@hapsland/source-analysis:native:linux-arm64: $ node ../../scripts/native-task.mjs linux-arm64
@hapsland/cli-entry:clean:compiler: cache bypass, force executing 14ab7f452560fe73
@hapsland/cli-entry:clean:compiler: $ node ../../scripts/clean-compiler-output.mjs
@hapsland/hook-runtime:clean:compiler: cache bypass, force executing e5d6c33b80ec2b78
@hapsland/hook-runtime:clean:compiler: $ node ../../scripts/clean-compiler-output.mjs
@hapsland/review-execution:clean:compiler: cache bypass, force executing 366288987dd0696c
@hapsland/review-execution:clean:compiler: $ node ../../scripts/clean-compiler-output.mjs
@hapsland/review-definition:clean:compiler: cache bypass, force executing 8555d0c01235f58b
@hapsland/review-definition:clean:compiler: $ node ../../scripts/clean-compiler-output.mjs
@hapsland/runtime-environment:clean:compiler: cache bypass, force executing 3778fa209879f1ea
@hapsland/runtime-environment:clean:compiler: $ node ../../scripts/clean-compiler-output.mjs
@hapsland/credential-storage:clean:compiler: cache bypass, force executing a7934eef4b3060cc
@hapsland/credential-storage:clean:compiler: $ node ../../scripts/clean-compiler-output.mjs
@hapsland/native-observation:clean:compiler: cache bypass, force executing 390d2054ca117144
@hapsland/native-observation:clean:compiler: $ node ../../scripts/clean-compiler-output.mjs
@hapsland/resident-transport:clean:compiler: cache bypass, force executing 9d98d82a668602a1
@hapsland/resident-transport:clean:compiler: $ node ../../scripts/clean-compiler-output.mjs
@hapsland/resident-entry:clean:compiler: cache bypass, force executing 2ed7b253040f9f97
@hapsland/canonical-policy:clean:compiler: cache bypass, force executing ecf25b68524b8f6a
@hapsland/resident-entry:clean:compiler: $ node ../../scripts/clean-compiler-output.mjs
@hapsland/canonical-policy:clean:compiler: $ node ../../scripts/clean-compiler-output.mjs
@hapsland/administration:clean:compiler: cache bypass, force executing 4de8c66233d6251d
@hapsland/administration:clean:compiler: $ node ../../scripts/clean-compiler-output.mjs
@hapsland/resident-runtime:clean:compiler: cache bypass, force executing ce1212936cd32be2
@hapsland/resident-runtime:clean:compiler: $ node ../../scripts/clean-compiler-output.mjs
@hapsland/delivery-output:clean:compiler: cache bypass, force executing e9c3666a485a967a
@hapsland/delivery-output:clean:compiler: $ node ../../scripts/clean-compiler-output.mjs
@hapsland/credential-storage:native:linux-arm64: cache hit, replaying logs 5cd91ac4e55c6449
@hapsland/credential-storage:native:linux-arm64: $ node ../../scripts/native-task.mjs linux-arm64
@hapsland/hook-entry:clean:compiler: cache bypass, force executing ff20880b3f458397
@hapsland/hook-entry:clean:compiler: $ node ../../scripts/clean-compiler-output.mjs
@hapsland/activity-observation:clean:compiler: cache bypass, force executing 24ae3a8f2dfd1d90
@hapsland/activity-observation:clean:compiler: $ node ../../scripts/clean-compiler-output.mjs
@hapsland/pi-extension:clean:compiler: cache bypass, force executing 8c950af1b95423c2
@hapsland/pi-extension:clean:compiler: $ node ../../scripts/clean-compiler-output.mjs
@hapsland/agent-flow-bend:clean:compiler: cache bypass, force executing e2ee34e525d0c046
@hapsland/agent-flow-bend:clean:compiler: $ node ../../scripts/clean-compiler-output.mjs
@hapsland/source-artifacts:build: cache hit, replaying logs ae244ba737d63c9e
@hapsland/source-artifacts:build: $ node ../../scripts/compile-package.mjs
@hapsland/source-artifacts:build: Compiled @hapsland/source-artifacts: 243 recorded inputs
@hapsland/runtime-environment:build: cache miss, executing b0f9402bbfc6688b
@hapsland/runtime-environment:build: $ node ../../scripts/compile-package.mjs
@hapsland/delivery-output:build: cache hit, replaying logs 223d1d909c691494
@hapsland/delivery-output:build: $ node ../../scripts/compile-package.mjs
@hapsland/delivery-output:build: Compiled @hapsland/delivery-output: 246 recorded inputs
@hapsland/agent-flow-bend:build: cache hit, replaying logs bfbc0d5d94e39e06
@hapsland/agent-flow-bend:build: $ node ../../scripts/bend-producer.mjs
@hapsland/canonical-policy:build: cache hit, replaying logs 782a3400532b8bac
@hapsland/canonical-policy:build: $ node ../../scripts/compile-package.mjs
@hapsland/canonical-policy:build: Compiled @hapsland/canonical-policy: 356 recorded inputs
@hapsland/runtime-environment:build: Compiled @hapsland/runtime-environment: 376 recorded inputs
@hapsland/runtime-inputs:build: cache miss, executing 5ddeca01f38ad845
@hapsland/pi-extension:build: cache miss, executing 43ceb4f96f1bdd57
@hapsland/runtime-inputs:build: $ node ../../scripts/compile-package.mjs
@hapsland/pi-extension:build: $ node ../../scripts/compile-package.mjs
@hapsland/pi-extension:build: Compiled @hapsland/pi-extension: 215 recorded inputs
@hapsland/runtime-inputs:build: Compiled @hapsland/runtime-inputs: 367 recorded inputs
@hapsland/inspection-records:build: cache miss, executing 92688c966f231d5f
@hapsland/native-observation:build: cache miss, executing 67f3db27a55c06c4
@hapsland/inspection-records:build: $ node ../../scripts/compile-package.mjs
@hapsland/native-observation:build: $ node ../../scripts/compile-package.mjs
@hapsland/native-observation:build: Compiled @hapsland/native-observation: 367 recorded inputs
@hapsland/inspection-records:build: Compiled @hapsland/inspection-records: 423 recorded inputs
@hapsland/credential-storage:build: cache miss, executing 6a33244e95a82d7f
@hapsland/credential-storage:build: $ node ../../scripts/compile-package.mjs
@hapsland/source-analysis:build: cache miss, executing d927d3d0b858b3c9
@hapsland/source-analysis:build: $ node ../../scripts/compile-package.mjs
@hapsland/source-analysis:build: Compiled @hapsland/source-analysis: 382 recorded inputs
@hapsland/credential-storage:build: Compiled @hapsland/credential-storage: 352 recorded inputs
@hapsland/activity-observation:build: cache miss, executing 70420b422c78ac52
@hapsland/review-definition:build: cache miss, executing 1f329a18e2556e62
@hapsland/review-definition:build: $ node ../../scripts/compile-package.mjs
@hapsland/activity-observation:build: $ node ../../scripts/compile-package.mjs
@hapsland/activity-observation:build: Compiled @hapsland/activity-observation: 405 recorded inputs
@hapsland/parser-entry:build: cache miss, executing f31d7a040d05d633
@hapsland/parser-entry:build: $ node ../../scripts/compile-package.mjs
@hapsland/review-definition:build: Compiled @hapsland/review-definition: 440 recorded inputs
@hapsland/resident-transport:build: cache miss, executing 8c24e10f2c735d30
@hapsland/resident-transport:build: $ node ../../scripts/compile-package.mjs
@hapsland/parser-entry:build: Compiled @hapsland/parser-entry: 355 recorded inputs
@hapsland/review-execution:build: cache miss, executing 9456e3445092072f
@hapsland/review-execution:build: $ node ../../scripts/compile-package.mjs
@hapsland/resident-transport:build: Compiled @hapsland/resident-transport: 422 recorded inputs
@hapsland/hook-runtime:build: cache miss, executing d3ce187e0884dbe0
@hapsland/hook-runtime:build: $ node ../../scripts/compile-package.mjs
@hapsland/review-execution:build: Compiled @hapsland/review-execution: 514 recorded inputs
@hapsland/resident-runtime:build: cache miss, executing 417288c25d157373
@hapsland/resident-runtime:build: $ node ../../scripts/compile-package.mjs
@hapsland/hook-runtime:build: Compiled @hapsland/hook-runtime: 396 recorded inputs
@hapsland/hook-entry:build: cache miss, executing 359f961b2e1ad7c8
@hapsland/hook-entry:build: $ node ../../scripts/compile-package.mjs
@hapsland/hook-entry:build: Compiled @hapsland/hook-entry: 369 recorded inputs
@hapsland/resident-runtime:build: Compiled @hapsland/resident-runtime: 534 recorded inputs
@hapsland/administration:build: cache miss, executing 93b0ffcd1fbc48ce
@hapsland/resident-entry:build: cache miss, executing eb067b864c2b1290
@hapsland/resident-entry:build: $ node ../../scripts/compile-package.mjs
@hapsland/administration:build: $ node ../../scripts/compile-package.mjs
@hapsland/resident-entry:build: Compiled @hapsland/resident-entry: 518 recorded inputs
@hapsland/administration:build: Compiled @hapsland/administration: 610 recorded inputs
@hapsland/cli-entry:build: cache miss, executing 97a622ba76610f4e
@hapsland/doctor-entry:build: cache miss, executing 52627adf7d072218
@hapsland/cli-entry:build: $ node ../../scripts/compile-package.mjs
@hapsland/doctor-entry:build: $ node ../../scripts/compile-package.mjs
@hapsland/doctor-entry:build: Compiled @hapsland/doctor-entry: 402 recorded inputs
@hapsland/cli-entry:build: Compiled @hapsland/cli-entry: 551 recorded inputs

 Tasks:    49 successful, 49 total
Cached:    7 cached, 49 total
  Time:    29.348s 

checked 136 event kinds, 215 command variants, 401 consumed tags, 346 exact constructor schemas, and 5 compiled exports
checked 5 shared-adapter imports and zero direct policy consumers
 WARNING  Circular package dependency detected: @hapsland/monkey-business-bend, @hapsland/build-tooling, @hapsland/verification, @hapsland/agent-flow-viz, @hapsland/monkey-business, @hapsland/canonical-defense

   • turbo 2.11.7
   • Packages in scope: @hapsland/activity-observation, @hapsland/administration, @hapsland/agent-flow-bend, @hapsland/canonical-policy, @hapsland/cli-entry, @hapsland/credential-storage, @hapsland/delivery-output, @hapsland/doctor-entry, @hapsland/hook-entry, @hapsland/hook-runtime, @hapsland/inspection-records, @hapsland/native-observation, @hapsland/parser-entry, @hapsland/pi-extension, @hapsland/resident-entry, @hapsland/resident-runtime, @hapsland/resident-transport, @hapsland/review-definition, @hapsland/review-execution, @hapsland/runtime-environment, @hapsland/runtime-inputs, @hapsland/source-analysis, @hapsland/source-artifacts
   • Running assemble:linux-arm64, assemble:host in 23 packages
   • Remote caching disabled

@hapsland/inspection-records:native:linux-arm64: cache hit, replaying logs 7809ed95e437ce0e
@hapsland/inspection-records:native:linux-arm64: $ node ../../scripts/native-task.mjs linux-arm64
@hapsland/source-analysis:native:linux-arm64: cache hit, replaying logs 891a2e2e89cb8ace
@hapsland/source-analysis:native:linux-arm64: $ node ../../scripts/native-task.mjs linux-arm64
@hapsland/doctor-entry:clean:compiler: cache bypass, force executing cb1dc54144c1ad85
@hapsland/doctor-entry:clean:compiler: $ node ../../scripts/clean-compiler-output.mjs
@hapsland/pi-extension:clean:compiler: cache bypass, force executing 8c950af1b95423c2
@hapsland/pi-extension:clean:compiler: $ node ../../scripts/clean-compiler-output.mjs
@hapsland/credential-storage:native:linux-arm64: cache hit, replaying logs 5cd91ac4e55c6449
@hapsland/credential-storage:native:linux-arm64: $ node ../../scripts/native-task.mjs linux-arm64
@hapsland/native-observation:clean:compiler: cache bypass, force executing 390d2054ca117144
@hapsland/native-observation:clean:compiler: $ node ../../scripts/clean-compiler-output.mjs
@hapsland/runtime-environment:clean:compiler: cache bypass, force executing 3778fa209879f1ea
@hapsland/runtime-environment:clean:compiler: $ node ../../scripts/clean-compiler-output.mjs
@hapsland/delivery-output:clean:compiler: cache bypass, force executing e9c3666a485a967a
@hapsland/delivery-output:clean:compiler: $ node ../../scripts/clean-compiler-output.mjs
@hapsland/hook-entry:clean:compiler: cache bypass, force executing ff20880b3f458397
@hapsland/hook-entry:clean:compiler: $ node ../../scripts/clean-compiler-output.mjs
@hapsland/hook-runtime:clean:compiler: cache bypass, force executing e5d6c33b80ec2b78
@hapsland/hook-runtime:clean:compiler: $ node ../../scripts/clean-compiler-output.mjs
@hapsland/runtime-inputs:clean:compiler: cache bypass, force executing 7216a22534516a9c
@hapsland/runtime-inputs:clean:compiler: $ node ../../scripts/clean-compiler-output.mjs
@hapsland/agent-flow-bend:clean:compiler: cache bypass, force executing e2ee34e525d0c046
@hapsland/agent-flow-bend:clean:compiler: $ node ../../scripts/clean-compiler-output.mjs
@hapsland/inspection-records:clean:compiler: cache bypass, force executing 838f5401239953a3
@hapsland/inspection-records:clean:compiler: $ node ../../scripts/clean-compiler-output.mjs
@hapsland/canonical-policy:clean:compiler: cache bypass, force executing ecf25b68524b8f6a
@hapsland/canonical-policy:clean:compiler: $ node ../../scripts/clean-compiler-output.mjs
@hapsland/resident-transport:clean:compiler: cache bypass, force executing 9d98d82a668602a1
@hapsland/resident-transport:clean:compiler: $ node ../../scripts/clean-compiler-output.mjs
@hapsland/activity-observation:clean:compiler: cache bypass, force executing 24ae3a8f2dfd1d90
@hapsland/activity-observation:clean:compiler: $ node ../../scripts/clean-compiler-output.mjs
@hapsland/administration:clean:compiler: cache bypass, force executing 4de8c66233d6251d
@hapsland/administration:clean:compiler: $ node ../../scripts/clean-compiler-output.mjs
@hapsland/cli-entry:clean:compiler: cache bypass, force executing 14ab7f452560fe73
@hapsland/cli-entry:clean:compiler: $ node ../../scripts/clean-compiler-output.mjs
@hapsland/resident-runtime:clean:compiler: cache bypass, force executing ce1212936cd32be2
@hapsland/resident-runtime:clean:compiler: $ node ../../scripts/clean-compiler-output.mjs
@hapsland/review-definition:clean:compiler: cache bypass, force executing 8555d0c01235f58b
@hapsland/review-definition:clean:compiler: $ node ../../scripts/clean-compiler-output.mjs
@hapsland/source-analysis:clean:compiler: cache bypass, force executing cecad6dc8a09b99a
@hapsland/source-analysis:clean:compiler: $ node ../../scripts/clean-compiler-output.mjs
@hapsland/review-execution:clean:compiler: cache bypass, force executing 366288987dd0696c
@hapsland/review-execution:clean:compiler: $ node ../../scripts/clean-compiler-output.mjs
@hapsland/source-artifacts:clean:compiler: cache bypass, force executing 754bea297fcb353b
@hapsland/source-artifacts:clean:compiler: $ node ../../scripts/clean-compiler-output.mjs
@hapsland/credential-storage:clean:compiler: cache bypass, force executing a7934eef4b3060cc
@hapsland/credential-storage:clean:compiler: $ node ../../scripts/clean-compiler-output.mjs
@hapsland/resident-entry:clean:compiler: cache bypass, force executing 2ed7b253040f9f97
@hapsland/resident-entry:clean:compiler: $ node ../../scripts/clean-compiler-output.mjs
@hapsland/parser-entry:clean:compiler: cache bypass, force executing 4eddae4695a66a2b
@hapsland/parser-entry:clean:compiler: $ node ../../scripts/clean-compiler-output.mjs
@hapsland/runtime-environment:build: cache hit, replaying logs b0f9402bbfc6688b
@hapsland/runtime-environment:build: $ node ../../scripts/compile-package.mjs
@hapsland/runtime-environment:build: Compiled @hapsland/runtime-environment: 376 recorded inputs
@hapsland/delivery-output:build: cache hit, replaying logs 223d1d909c691494
@hapsland/delivery-output:build: $ node ../../scripts/compile-package.mjs
@hapsland/delivery-output:build: Compiled @hapsland/delivery-output: 246 recorded inputs
@hapsland/source-artifacts:build: cache hit, replaying logs ae244ba737d63c9e
@hapsland/source-artifacts:build: $ node ../../scripts/compile-package.mjs
@hapsland/source-artifacts:build: Compiled @hapsland/source-artifacts: 243 recorded inputs
@hapsland/agent-flow-bend:build: cache hit, replaying logs bfbc0d5d94e39e06
@hapsland/agent-flow-bend:build: $ node ../../scripts/bend-producer.mjs
@hapsland/pi-extension:build: cache hit, replaying logs 43ceb4f96f1bdd57
@hapsland/pi-extension:build: $ node ../../scripts/compile-package.mjs
@hapsland/pi-extension:build: Compiled @hapsland/pi-extension: 215 recorded inputs
@hapsland/pi-extension:assemble:host: cache miss, executing 7d1f81845ae889fe
@hapsland/pi-extension:assemble:host: $ node ../../scripts/assemble-host-modules.mjs
@hapsland/canonical-policy:build: cache hit, replaying logs 782a3400532b8bac
@hapsland/canonical-policy:build: $ node ../../scripts/compile-package.mjs
@hapsland/canonical-policy:build: Compiled @hapsland/canonical-policy: 356 recorded inputs
@hapsland/runtime-inputs:build: cache hit, replaying logs 5ddeca01f38ad845
@hapsland/runtime-inputs:build: $ node ../../scripts/compile-package.mjs
@hapsland/runtime-inputs:build: Compiled @hapsland/runtime-inputs: 367 recorded inputs
@hapsland/native-observation:build: cache hit, replaying logs 67f3db27a55c06c4
@hapsland/native-observation:build: $ node ../../scripts/compile-package.mjs
@hapsland/native-observation:build: Compiled @hapsland/native-observation: 367 recorded inputs
@hapsland/inspection-records:build: cache hit, replaying logs 92688c966f231d5f
@hapsland/inspection-records:build: $ node ../../scripts/compile-package.mjs
@hapsland/inspection-records:build: Compiled @hapsland/inspection-records: 423 recorded inputs
@hapsland/credential-storage:build: cache hit, replaying logs 6a33244e95a82d7f
@hapsland/credential-storage:build: $ node ../../scripts/compile-package.mjs
@hapsland/credential-storage:build: Compiled @hapsland/credential-storage: 352 recorded inputs
@hapsland/activity-observation:build: cache hit, replaying logs 70420b422c78ac52
@hapsland/activity-observation:build: $ node ../../scripts/compile-package.mjs
@hapsland/activity-observation:build: Compiled @hapsland/activity-observation: 405 recorded inputs
@hapsland/review-definition:build: cache hit, replaying logs 1f329a18e2556e62
@hapsland/review-definition:build: $ node ../../scripts/compile-package.mjs
@hapsland/review-definition:build: Compiled @hapsland/review-definition: 440 recorded inputs
@hapsland/source-analysis:build: cache hit, replaying logs d927d3d0b858b3c9
@hapsland/source-analysis:build: $ node ../../scripts/compile-package.mjs
@hapsland/source-analysis:build: Compiled @hapsland/source-analysis: 382 recorded inputs
@hapsland/resident-transport:build: cache hit, replaying logs 8c24e10f2c735d30
@hapsland/resident-transport:build: $ node ../../scripts/compile-package.mjs
@hapsland/resident-transport:build: Compiled @hapsland/resident-transport: 422 recorded inputs
@hapsland/review-execution:build: cache hit, replaying logs 9456e3445092072f
@hapsland/review-execution:build: $ node ../../scripts/compile-package.mjs
@hapsland/review-execution:build: Compiled @hapsland/review-execution: 514 recorded inputs
@hapsland/parser-entry:build: cache hit, replaying logs f31d7a040d05d633
@hapsland/parser-entry:build: $ node ../../scripts/compile-package.mjs
@hapsland/parser-entry:build: Compiled @hapsland/parser-entry: 355 recorded inputs
@hapsland/hook-runtime:build: cache hit, replaying logs d3ce187e0884dbe0
@hapsland/hook-runtime:build: $ node ../../scripts/compile-package.mjs
@hapsland/hook-runtime:build: Compiled @hapsland/hook-runtime: 396 recorded inputs
@hapsland/resident-runtime:build: cache hit, replaying logs 417288c25d157373
@hapsland/resident-runtime:build: $ node ../../scripts/compile-package.mjs
@hapsland/resident-runtime:build: Compiled @hapsland/resident-runtime: 534 recorded inputs
@hapsland/parser-entry:assemble:linux-arm64: cache miss, executing 00c30fcb70dac8c1
@hapsland/parser-entry:assemble:linux-arm64: $ node ../../scripts/assemble-entry.mjs linux-arm64
@hapsland/hook-entry:build: cache hit, replaying logs 359f961b2e1ad7c8
@hapsland/hook-entry:build: $ node ../../scripts/compile-package.mjs
@hapsland/hook-entry:build: Compiled @hapsland/hook-entry: 369 recorded inputs
@hapsland/administration:build: cache hit, replaying logs 93b0ffcd1fbc48ce
@hapsland/administration:build: $ node ../../scripts/compile-package.mjs
@hapsland/administration:build: Compiled @hapsland/administration: 610 recorded inputs
@hapsland/resident-entry:build: cache hit, replaying logs eb067b864c2b1290
@hapsland/resident-entry:build: $ node ../../scripts/compile-package.mjs
@hapsland/resident-entry:build: Compiled @hapsland/resident-entry: 518 recorded inputs
@hapsland/hook-entry:assemble:linux-arm64: cache miss, executing 9016d549ec93e635
@hapsland/hook-entry:assemble:linux-arm64: $ node ../../scripts/assemble-entry.mjs linux-arm64
@hapsland/doctor-entry:build: cache hit, replaying logs 52627adf7d072218
@hapsland/doctor-entry:build: $ node ../../scripts/compile-package.mjs
@hapsland/doctor-entry:build: Compiled @hapsland/doctor-entry: 402 recorded inputs
@hapsland/cli-entry:build: cache hit, replaying logs 97a622ba76610f4e
@hapsland/cli-entry:build: $ node ../../scripts/compile-package.mjs
@hapsland/cli-entry:build: Compiled @hapsland/cli-entry: 551 recorded inputs
@hapsland/resident-entry:assemble:linux-arm64: cache miss, executing 15ecd4354a2884c1
@hapsland/resident-entry:assemble:linux-arm64: $ node ../../scripts/assemble-entry.mjs linux-arm64
@hapsland/doctor-entry:assemble:linux-arm64: cache miss, executing 7638a3d919a6c530
@hapsland/doctor-entry:assemble:linux-arm64: $ node ../../scripts/assemble-entry.mjs linux-arm64
@hapsland/cli-entry:assemble:linux-arm64: cache miss, executing 3a1906282f6d00b9
@hapsland/cli-entry:assemble:linux-arm64: $ node ../../scripts/assemble-entry.mjs linux-arm64

 Tasks:    55 successful, 55 total
Cached:    26 cached, 55 total
  Time:    1m7.518s 

Published product: fresh source, compiler, native and artifact evidence verified
