✔ actual acceptance context supplies every API used by all case modules (77.331205ms)
✔ mutation rollback preserves original bytes (2.147682ms)
✔ concurrent source change is preserved (0.835881ms)
✔ removed output can be restored (0.44217ms)
✔ paths and repeated mutation fail closed (0.11746ms)
✔ unfinished obligations are distinct from runnable accepted cells (0.089917ms)
✔ rename rollback restores source and removes owned destination (0.996508ms)
✔ rename never overwrites an existing destination (0.37917ms)
✔ incomplete-cache fixture removes only the requested emitted member (0.982632ms)
✔ incomplete-cache fixture rejects unknown and truncated archive profiles (0.314919ms)
✔ incomplete-cache fixture recognizes GNU metadata rather than treating it as a path prefix (0.224668ms)
✔ mutation paths reject symlink-parent escapes (0.486546ms)
✔ phased acceptance preserves declared case order and rejects duplicates (0.277627ms)
✔ created authored source is owned and removed only with matching bytes (0.552588ms)
✔ watch-upstream-implementation requires correlated watch transitions and repaired behavior (0.411337ms)
✔ watch-used-public-interface-break-and-repair requires correlated watch transitions and repaired behavior (0.129668ms)
✔ watch-upstream-output-deletion requires correlated watch transitions and repaired behavior (0.137293ms)
✔ watch-manifest-drift requires correlated watch transitions and repaired behavior (0.161085ms)
✔ watch drift updates retain original CAS ownership and refuse concurrent edits (1.012549ms)
✔ authored inventory includes ABI and config but never follows generated/cache output (6.413548ms)
✔ permanent receipts deduplicate content, bound unique bytes and refuse modified evidence (1.219925ms)
✔ candidate freeze detects auxiliary verification edits and ignores produced outputs (3.360191ms)
✔ warm proof uses actual Turbo metadata rather than replayed producer logs (0.813756ms)
✔ owner receipt inventory follows artifact ownership and rejects symlinks (0.851882ms)
✔ cache corruption uses retained ordinary task metadata without an identification rebuild (0.446128ms)
✔ successful generated-only repair can be omitted only with unchanged source and publication (0.117335ms)
✔ undeclared-edge fixture preserves valid hook shebang and targets the workspace edge (3.519234ms)
✔ failed or authored-mutated cells require repair without inspecting revoked publication (0.534045ms)
✔ crosscompile acceptance checks owner bytes and mapped public output with producer host identity (0.544254ms)
✔ incomplete assembly archive fixture supports legitimate executable members above 30MB (34.949221ms)
✔ acceptance tool probe returns actual selected version output and refuses expired campaigns (18.966517ms)
✔ checker acceptance requires actual function invocation rather than replayed task logs (7.149221ms)
✔ assembly recovery permits rebuilt current bytes but rejects mixed pairs and changed cache-only restores (0.572213ms)
✔ assembly cache and receipt fixtures own coherent pairs through actual CAS mutations (3.818071ms)
✔ missing export and source fixtures accept only target-specific compiler refusals (0.753672ms)
ℹ tests 35
ℹ suites 0
ℹ pass 35
ℹ fail 0
ℹ cancelled 0
ℹ skipped 0
ℹ todo 0
ℹ duration_ms 221.266324
