
> @hapsland/hapsland@0.1.0 build
> node scripts/build-product.mjs

file:///workspace/typescript/hapsland-243/scripts/package-graph.mjs:147
          throw new Error(`Unknown workspace dependency: ${name}`)
                ^

Error: Unknown workspace dependency: @hapsland/acceptance-missing-owner
    at readPackageGraph (file:///workspace/typescript/hapsland-243/scripts/package-graph.mjs:147:17)
    at generatePackageConfigs (file:///workspace/typescript/hapsland-243/scripts/package-graph.mjs:299:17)
    at file:///workspace/typescript/hapsland-243/scripts/build-workspaces.mjs:21:17
    at withBuildLock (file:///workspace/typescript/hapsland-243/scripts/build-lock.mjs:44:12)
    at async file:///workspace/typescript/hapsland-243/scripts/build-workspaces.mjs:20:1

Node.js v24.20.0
file:///workspace/typescript/hapsland-243/scripts/build-process.mjs:108
    if (result.code !== 0) throw new Error(`Build process failed (${result.code ?? result.signal}): ${command}`)
                                 ^

Error: Build process failed (1): /home/node/.local/share/mise/installs/node/24.20.0/bin/node
    at runBuildProcess (file:///workspace/typescript/hapsland-243/scripts/build-process.mjs:108:34)
    at process.processTicksAndRejections (node:internal/process/task_queues:104:5)
    at async file:///workspace/typescript/hapsland-243/scripts/build-product.mjs:39:5
    at async file:///workspace/typescript/hapsland-243/scripts/build-product.mjs:19:1

Node.js v24.20.0
