
> @hapsland/hapsland@0.1.0 build
> node scripts/build-product.mjs

 WARNING  Circular package dependency detected: @hapsland/build-tooling, @hapsland/verification, @hapsland/agent-flow-viz, @hapsland/monkey-business, @hapsland/monkey-business-bend, @hapsland/canonical-defense

   • turbo 2.11.7
   • Packages in scope: @hapsland/activity-observation, @hapsland/administration, @hapsland/agent-flow-bend, @hapsland/canonical-policy, @hapsland/cli-entry, @hapsland/credential-storage, @hapsland/delivery-output, @hapsland/doctor-entry, @hapsland/hook-entry, @hapsland/hook-runtime, @hapsland/inspection-records, @hapsland/native-observation, @hapsland/parser-entry, @hapsland/pi-extension, @hapsland/resident-entry, @hapsland/resident-runtime, @hapsland/resident-transport, @hapsland/review-definition, @hapsland/review-execution, @hapsland/runtime-environment, @hapsland/runtime-inputs, @hapsland/source-analysis, @hapsland/source-artifacts
   • Running build, native:linux-arm64 in 23 packages
   • Remote caching disabled

@hapsland/runtime-environment:build: cache miss, executing e9f0d5f16c1911de
@hapsland/source-artifacts:build: cache hit, replaying logs f1f4bb5f1b4106b7
@hapsland/source-artifacts:build: $ node ../../scripts/compile-package.mjs
@hapsland/source-artifacts:build: Compiled @hapsland/source-artifacts: 243 recorded inputs
@hapsland/source-analysis:native:linux-arm64: cache hit, replaying logs 0c5be64d50043238
@hapsland/source-analysis:native:linux-arm64: $ node ../../scripts/native-task.mjs linux-arm64
@hapsland/agent-flow-bend:build: cache hit, replaying logs 002c9c9562acf166
@hapsland/agent-flow-bend:build: $ node ../../scripts/bend-producer.mjs
@hapsland/delivery-output:build: cache hit, replaying logs 3f38bcb773f05624
@hapsland/delivery-output:build: $ node ../../scripts/compile-package.mjs
@hapsland/delivery-output:build: Compiled @hapsland/delivery-output: 246 recorded inputs
@hapsland/credential-storage:native:linux-arm64: cache hit, replaying logs fc4e5df8fd543be9
@hapsland/credential-storage:native:linux-arm64: $ node ../../scripts/native-task.mjs linux-arm64
@hapsland/inspection-records:native:linux-arm64: cache hit, replaying logs a263bb3cff3046a3
@hapsland/inspection-records:native:linux-arm64: $ node ../../scripts/native-task.mjs linux-arm64
@hapsland/canonical-policy:build: cache hit, replaying logs d36516b081b05dc0
@hapsland/canonical-policy:build: $ node ../../scripts/compile-package.mjs
@hapsland/canonical-policy:build: Compiled @hapsland/canonical-policy: 356 recorded inputs
@hapsland/runtime-environment:build: $ node ../../scripts/compile-package.mjs
@hapsland/runtime-environment:build: Compiled @hapsland/runtime-environment: 376 recorded inputs
@hapsland/pi-extension:build: cache miss, executing 67df05c85d37eb8c
@hapsland/pi-extension:build: $ node ../../scripts/compile-package.mjs
@hapsland/runtime-inputs:build: cache miss, executing 75f27825b0e9bd14
@hapsland/runtime-inputs:build: $ node ../../scripts/compile-package.mjs
@hapsland/pi-extension:build: Compiled @hapsland/pi-extension: 215 recorded inputs
@hapsland/runtime-inputs:build: Compiled @hapsland/runtime-inputs: 367 recorded inputs
@hapsland/native-observation:build: cache miss, executing bd3f604c8304f235
@hapsland/credential-storage:build: cache miss, executing 3927d2eb288c4cf3
@hapsland/native-observation:build: $ node ../../scripts/compile-package.mjs
@hapsland/credential-storage:build: $ node ../../scripts/compile-package.mjs
@hapsland/credential-storage:build: Compiled @hapsland/credential-storage: 352 recorded inputs
@hapsland/native-observation:build: Compiled @hapsland/native-observation: 367 recorded inputs
@hapsland/inspection-records:build: cache miss, executing 97b3eb81bd19a945
@hapsland/source-analysis:build: cache miss, executing 4b1341fe5d763669
@hapsland/inspection-records:build: $ node ../../scripts/compile-package.mjs
@hapsland/source-analysis:build: $ node ../../scripts/compile-package.mjs
@hapsland/source-analysis:build: Compiled @hapsland/source-analysis: 382 recorded inputs
@hapsland/activity-observation:build: cache miss, executing e35832ab18cd19fe
@hapsland/activity-observation:build: $ node ../../scripts/compile-package.mjs
@hapsland/inspection-records:build: Compiled @hapsland/inspection-records: 423 recorded inputs
@hapsland/review-definition:build: cache miss, executing 69d194958ab7de5a
@hapsland/review-definition:build: $ node ../../scripts/compile-package.mjs
@hapsland/activity-observation:build: Compiled @hapsland/activity-observation: 405 recorded inputs
@hapsland/parser-entry:build: cache miss, executing a776e54fd998e096
@hapsland/parser-entry:build: $ node ../../scripts/compile-package.mjs
@hapsland/review-definition:build: Compiled @hapsland/review-definition: 440 recorded inputs
@hapsland/resident-transport:build: cache miss, executing 279e81a5e562c265
@hapsland/resident-transport:build: $ node ../../scripts/compile-package.mjs
@hapsland/parser-entry:build: Compiled @hapsland/parser-entry: 355 recorded inputs
@hapsland/review-execution:build: cache miss, executing a73d4cc88d116b82
@hapsland/review-execution:build: $ node ../../scripts/compile-package.mjs
@hapsland/resident-transport:build: Compiled @hapsland/resident-transport: 422 recorded inputs
@hapsland/hook-runtime:build: cache miss, executing 451e58ccf812b255
@hapsland/hook-runtime:build: $ node ../../scripts/compile-package.mjs
@hapsland/review-execution:build: Compiled @hapsland/review-execution: 514 recorded inputs
@hapsland/resident-runtime:build: cache miss, executing 734c8878b2dac489
@hapsland/resident-runtime:build: $ node ../../scripts/compile-package.mjs
@hapsland/hook-runtime:build: Compiled @hapsland/hook-runtime: 396 recorded inputs
@hapsland/hook-entry:build: cache miss, executing 64e9f611e8c3cff3
@hapsland/hook-entry:build: $ node ../../scripts/compile-package.mjs
@hapsland/hook-entry:build: Compiled @hapsland/hook-entry: 369 recorded inputs
@hapsland/resident-runtime:build: Compiled @hapsland/resident-runtime: 534 recorded inputs
@hapsland/administration:build: cache miss, executing bf361430b8eadfa5
@hapsland/resident-entry:build: cache miss, executing b98d2a3e54b9023f
@hapsland/resident-entry:build: $ node ../../scripts/compile-package.mjs
@hapsland/administration:build: $ node ../../scripts/compile-package.mjs
@hapsland/resident-entry:build: Compiled @hapsland/resident-entry: 518 recorded inputs
@hapsland/administration:build: Compiled @hapsland/administration: 610 recorded inputs
@hapsland/doctor-entry:build: cache miss, executing 5427ddd9cb0986d0
@hapsland/cli-entry:build: cache miss, executing 9b3e313d8064bb5d
@hapsland/cli-entry:build: $ node ../../scripts/compile-package.mjs
@hapsland/doctor-entry:build: $ node ../../scripts/compile-package.mjs
@hapsland/doctor-entry:build: Compiled @hapsland/doctor-entry: 402 recorded inputs
@hapsland/cli-entry:build: Compiled @hapsland/cli-entry: 551 recorded inputs

 Tasks:    26 successful, 26 total
Cached:    7 cached, 26 total
  Time:    16.028s 

checked 136 event kinds, 215 command variants, 401 consumed tags, 346 exact constructor schemas, and 5 compiled exports
checked 5 shared-adapter imports and zero direct policy consumers
 WARNING  Circular package dependency detected: @hapsland/monkey-business-bend, @hapsland/build-tooling, @hapsland/agent-flow-viz, @hapsland/verification, @hapsland/monkey-business, @hapsland/canonical-defense

   • turbo 2.11.7
   • Packages in scope: @hapsland/activity-observation, @hapsland/administration, @hapsland/agent-flow-bend, @hapsland/canonical-policy, @hapsland/cli-entry, @hapsland/credential-storage, @hapsland/delivery-output, @hapsland/doctor-entry, @hapsland/hook-entry, @hapsland/hook-runtime, @hapsland/inspection-records, @hapsland/native-observation, @hapsland/parser-entry, @hapsland/pi-extension, @hapsland/resident-entry, @hapsland/resident-runtime, @hapsland/resident-transport, @hapsland/review-definition, @hapsland/review-execution, @hapsland/runtime-environment, @hapsland/runtime-inputs, @hapsland/source-analysis, @hapsland/source-artifacts
   • Running assemble:linux-arm64, assemble:host in 23 packages
   • Remote caching disabled

@hapsland/delivery-output:build: cache hit, replaying logs 3f38bcb773f05624
@hapsland/delivery-output:build: $ node ../../scripts/compile-package.mjs
@hapsland/delivery-output:build: Compiled @hapsland/delivery-output: 246 recorded inputs
@hapsland/runtime-environment:build: cache hit, replaying logs e9f0d5f16c1911de
@hapsland/credential-storage:native:linux-arm64: cache hit, replaying logs fc4e5df8fd543be9
@hapsland/credential-storage:native:linux-arm64: $ node ../../scripts/native-task.mjs linux-arm64
@hapsland/inspection-records:native:linux-arm64: cache hit, replaying logs a263bb3cff3046a3
@hapsland/inspection-records:native:linux-arm64: $ node ../../scripts/native-task.mjs linux-arm64
@hapsland/runtime-environment:build: $ node ../../scripts/compile-package.mjs
@hapsland/runtime-environment:build: Compiled @hapsland/runtime-environment: 376 recorded inputs
@hapsland/source-artifacts:build: cache hit, replaying logs f1f4bb5f1b4106b7
@hapsland/source-artifacts:build: $ node ../../scripts/compile-package.mjs
@hapsland/source-artifacts:build: Compiled @hapsland/source-artifacts: 243 recorded inputs
@hapsland/source-analysis:native:linux-arm64: cache hit, replaying logs 0c5be64d50043238
@hapsland/agent-flow-bend:build: cache hit, replaying logs 002c9c9562acf166
@hapsland/source-analysis:native:linux-arm64: $ node ../../scripts/native-task.mjs linux-arm64
@hapsland/agent-flow-bend:build: $ node ../../scripts/bend-producer.mjs
@hapsland/canonical-policy:build: cache hit, replaying logs d36516b081b05dc0
@hapsland/canonical-policy:build: $ node ../../scripts/compile-package.mjs
@hapsland/canonical-policy:build: Compiled @hapsland/canonical-policy: 356 recorded inputs
@hapsland/pi-extension:build: cache hit, replaying logs 67df05c85d37eb8c
@hapsland/pi-extension:build: $ node ../../scripts/compile-package.mjs
@hapsland/pi-extension:build: Compiled @hapsland/pi-extension: 215 recorded inputs
@hapsland/runtime-inputs:build: cache hit, replaying logs 75f27825b0e9bd14
@hapsland/runtime-inputs:build: $ node ../../scripts/compile-package.mjs
@hapsland/runtime-inputs:build: Compiled @hapsland/runtime-inputs: 367 recorded inputs
@hapsland/pi-extension:assemble:host: cache miss, executing 8470f8bbcea42383
@hapsland/credential-storage:build: cache hit, replaying logs 3927d2eb288c4cf3
@hapsland/credential-storage:build: $ node ../../scripts/compile-package.mjs
@hapsland/credential-storage:build: Compiled @hapsland/credential-storage: 352 recorded inputs
@hapsland/inspection-records:build: cache hit, replaying logs 97b3eb81bd19a945
@hapsland/inspection-records:build: $ node ../../scripts/compile-package.mjs
@hapsland/inspection-records:build: Compiled @hapsland/inspection-records: 423 recorded inputs
@hapsland/native-observation:build: cache hit, replaying logs bd3f604c8304f235
@hapsland/native-observation:build: $ node ../../scripts/compile-package.mjs
@hapsland/native-observation:build: Compiled @hapsland/native-observation: 367 recorded inputs
@hapsland/pi-extension:assemble:host: $ node ../../scripts/assemble-host-modules.mjs
@hapsland/source-analysis:build: cache hit, replaying logs 4b1341fe5d763669
@hapsland/source-analysis:build: $ node ../../scripts/compile-package.mjs
@hapsland/source-analysis:build: Compiled @hapsland/source-analysis: 382 recorded inputs
@hapsland/review-definition:build: cache hit, replaying logs 69d194958ab7de5a
@hapsland/review-definition:build: $ node ../../scripts/compile-package.mjs
@hapsland/review-definition:build: Compiled @hapsland/review-definition: 440 recorded inputs
@hapsland/activity-observation:build: cache hit, replaying logs e35832ab18cd19fe
@hapsland/activity-observation:build: $ node ../../scripts/compile-package.mjs
@hapsland/activity-observation:build: Compiled @hapsland/activity-observation: 405 recorded inputs
@hapsland/parser-entry:build: cache hit, replaying logs a776e54fd998e096
@hapsland/parser-entry:build: $ node ../../scripts/compile-package.mjs
@hapsland/parser-entry:build: Compiled @hapsland/parser-entry: 355 recorded inputs
@hapsland/review-execution:build: cache hit, replaying logs a73d4cc88d116b82
@hapsland/review-execution:build: $ node ../../scripts/compile-package.mjs
@hapsland/review-execution:build: Compiled @hapsland/review-execution: 514 recorded inputs
@hapsland/resident-transport:build: cache hit, replaying logs 279e81a5e562c265
@hapsland/resident-transport:build: $ node ../../scripts/compile-package.mjs
@hapsland/resident-transport:build: Compiled @hapsland/resident-transport: 422 recorded inputs
@hapsland/parser-entry:assemble:linux-arm64: cache miss, executing 8fb213fed11676c2
@hapsland/parser-entry:assemble:linux-arm64: $ node ../../scripts/assemble-entry.mjs linux-arm64
@hapsland/resident-runtime:build: cache hit, replaying logs 734c8878b2dac489
@hapsland/resident-runtime:build: $ node ../../scripts/compile-package.mjs
@hapsland/resident-runtime:build: Compiled @hapsland/resident-runtime: 534 recorded inputs
@hapsland/hook-runtime:build: cache hit, replaying logs 451e58ccf812b255
@hapsland/hook-runtime:build: $ node ../../scripts/compile-package.mjs
@hapsland/hook-runtime:build: Compiled @hapsland/hook-runtime: 396 recorded inputs
@hapsland/resident-entry:build: cache hit, replaying logs b98d2a3e54b9023f
@hapsland/resident-entry:build: $ node ../../scripts/compile-package.mjs
@hapsland/resident-entry:build: Compiled @hapsland/resident-entry: 518 recorded inputs
@hapsland/administration:build: cache hit, replaying logs bf361430b8eadfa5
@hapsland/administration:build: $ node ../../scripts/compile-package.mjs
@hapsland/administration:build: Compiled @hapsland/administration: 610 recorded inputs
@hapsland/hook-entry:build: cache hit, replaying logs 64e9f611e8c3cff3
@hapsland/hook-entry:build: $ node ../../scripts/compile-package.mjs
@hapsland/hook-entry:build: Compiled @hapsland/hook-entry: 369 recorded inputs
@hapsland/resident-entry:assemble:linux-arm64: cache miss, executing d20626cfdccc1bf3
@hapsland/resident-entry:assemble:linux-arm64: $ node ../../scripts/assemble-entry.mjs linux-arm64
@hapsland/cli-entry:build: cache hit, replaying logs 9b3e313d8064bb5d
@hapsland/cli-entry:build: $ node ../../scripts/compile-package.mjs
@hapsland/cli-entry:build: Compiled @hapsland/cli-entry: 551 recorded inputs
@hapsland/doctor-entry:build: cache hit, replaying logs 5427ddd9cb0986d0
@hapsland/doctor-entry:build: $ node ../../scripts/compile-package.mjs
@hapsland/doctor-entry:build: Compiled @hapsland/doctor-entry: 402 recorded inputs
@hapsland/hook-entry:assemble:linux-arm64: cache miss, executing c64892c117d65141
@hapsland/hook-entry:assemble:linux-arm64: $ node ../../scripts/assemble-entry.mjs linux-arm64
@hapsland/cli-entry:assemble:linux-arm64: cache miss, executing 3e540cae74a3b891
@hapsland/cli-entry:assemble:linux-arm64: $ node ../../scripts/assemble-entry.mjs linux-arm64
@hapsland/doctor-entry:assemble:linux-arm64: cache miss, executing 7ea813bb38396dec
@hapsland/doctor-entry:assemble:linux-arm64: $ node ../../scripts/assemble-entry.mjs linux-arm64

 Tasks:    32 successful, 32 total
Cached:    26 cached, 32 total
  Time:    28.916s 

Published product: fresh source, compiler, native and artifact evidence verified
