✔ resolution cell identities remain unique and explicitly bounded (0.470753ms)
✔ retarget definition requires emitted target evidence and all four actual help behaviors (0.960921ms)
✔ retarget definition cannot accept correct logs with missing contributions or stale executable behavior (0.625544ms)
✔ unsupported-workspace-node-condition requires ordinary build refusal and no surviving hook (0.456836ms)
✔ unsupported-typescript-module-alias requires ordinary build refusal and no surviving hook (0.344002ms)
✔ unsupported-package-imports-alias requires ordinary build refusal and no surviving hook (1.086963ms)
✔ fixture anchors fail rather than silently weakening retarget evidence after source drift (0.654919ms)
✔ exact subpath ordinary repair rejects all removed emitted members (0.830337ms)
✔ pinned compiler accepts declaration alias without removed options or outside-root source (567.343903ms)
✔ actual acceptance context supplies every API used by all case modules (95.312279ms)
✔ mutation rollback preserves original bytes (1.841925ms)
✔ concurrent source change is preserved (0.627086ms)
✔ removed output can be restored (0.448418ms)
✔ paths and repeated mutation fail closed (0.099917ms)
✔ unfinished obligations are distinct from runnable accepted cells (0.081751ms)
✔ rename rollback restores source and removes owned destination (0.816087ms)
✔ rename never overwrites an existing destination (0.324085ms)
✔ incomplete-cache fixture removes only the requested emitted member (1.070755ms)
✔ incomplete-cache fixture rejects unknown and truncated archive profiles (0.403711ms)
✔ incomplete-cache fixture recognizes GNU metadata rather than treating it as a path prefix (0.218334ms)
✔ mutation paths reject symlink-parent escapes (1.408173ms)
✔ phased acceptance preserves declared case order and rejects duplicates (0.531128ms)
✔ created authored source is owned and removed only with matching bytes (0.551295ms)
✔ watch-upstream-implementation requires correlated watch transitions and repaired behavior (0.395044ms)
✔ watch-used-public-interface-break-and-repair requires correlated watch transitions and repaired behavior (0.120584ms)
✔ watch-upstream-output-deletion requires correlated watch transitions and repaired behavior (0.180876ms)
✔ watch-manifest-drift requires correlated watch transitions and repaired behavior (0.163251ms)
✔ watch drift updates retain original CAS ownership and refuse concurrent edits (0.846212ms)
✔ authored inventory includes ABI and config but never follows generated/cache output (6.242195ms)
✔ permanent receipts deduplicate content, bound unique bytes and refuse modified evidence (1.755758ms)
✔ candidate freeze detects auxiliary verification edits and ignores produced outputs (3.356057ms)
✔ warm proof uses actual Turbo metadata rather than replayed producer logs (0.807879ms)
✔ owner receipt inventory follows artifact ownership and rejects symlinks (0.490043ms)
✔ cache corruption uses retained ordinary task metadata without an identification rebuild (0.394419ms)
✔ successful generated-only repair can be omitted only with unchanged source and publication (0.106459ms)
✔ undeclared-edge fixture preserves valid hook shebang and targets the workspace edge (5.188566ms)
✔ failed or authored-mutated cells require repair without inspecting revoked publication (0.314293ms)
✔ crosscompile acceptance checks owner bytes and mapped public output with producer host identity (0.533836ms)
✔ incomplete assembly archive fixture supports legitimate executable members above 30MB (49.9049ms)
✔ acceptance tool probe returns actual selected version output and refuses expired campaigns (26.70675ms)
✔ checker acceptance requires actual function invocation rather than replayed task logs (9.844338ms)
✔ assembly recovery permits rebuilt current bytes but rejects mixed pairs and changed cache-only restores (0.554086ms)
✔ assembly cache and receipt fixtures own coherent pairs through actual CAS mutations (8.169705ms)
✔ missing export and source fixtures accept only target-specific compiler refusals (0.830379ms)
✔ watch scenario budget covers multiple builds while respecting campaign remaining deadline (0.1035ms)
ℹ tests 45
ℹ suites 0
ℹ pass 45
ℹ fail 0
ℹ cancelled 0
ℹ skipped 0
ℹ todo 0
ℹ duration_ms 617.634388
