✔ resolution cell identities remain unique and explicitly bounded (2.654185ms)
✔ retarget definition requires emitted target evidence and all four actual help behaviors (0.757088ms)
✔ retarget definition cannot accept correct logs with missing contributions or stale executable behavior (0.556504ms)
✔ unsupported-workspace-node-condition requires ordinary build refusal and no surviving hook (0.503712ms)
✔ unsupported-typescript-module-alias requires ordinary build refusal and no surviving hook (0.393127ms)
✔ unsupported-package-imports-alias requires ordinary build refusal and no surviving hook (0.368669ms)
✔ fixture anchors fail rather than silently weakening retarget evidence after source drift (0.137501ms)
✔ exact subpath ordinary repair rejects all removed emitted members (0.735964ms)
✔ pinned compiler accepts declaration alias without removed options or outside-root source (630.865743ms)
✔ actual acceptance context supplies every API used by all case modules (96.585966ms)
✔ mutation rollback preserves original bytes (1.971806ms)
✔ concurrent source change is preserved (0.65788ms)
✔ removed output can be restored (0.362086ms)
✔ paths and repeated mutation fail closed (0.104001ms)
✔ unfinished obligations are distinct from runnable accepted cells (0.088584ms)
✔ rename rollback restores source and removes owned destination (1.40026ms)
✔ rename never overwrites an existing destination (0.363503ms)
✔ incomplete-cache fixture removes only the requested emitted member (1.008174ms)
✔ incomplete-cache fixture rejects unknown and truncated archive profiles (0.420211ms)
✔ incomplete-cache fixture recognizes GNU metadata rather than treating it as a path prefix (0.227294ms)
✔ mutation paths reject symlink-parent escapes (0.824339ms)
✔ phased acceptance preserves declared case order and rejects duplicates (0.360627ms)
✔ created authored source is owned and removed only with matching bytes (0.574712ms)
✔ watch-upstream-implementation requires correlated watch transitions and repaired behavior (0.416545ms)
✔ watch-used-public-interface-break-and-repair requires correlated watch transitions and repaired behavior (0.136168ms)
✔ watch-upstream-output-deletion requires correlated watch transitions and repaired behavior (0.136709ms)
✔ watch-manifest-drift requires correlated watch transitions and repaired behavior (0.170584ms)
✔ watch drift updates retain original CAS ownership and refuse concurrent edits (0.781839ms)
✔ authored inventory includes ABI and config but never follows generated/cache output (7.540261ms)
✔ permanent receipts deduplicate content, bound unique bytes and refuse modified evidence (1.2043ms)
✔ candidate freeze detects auxiliary verification edits and ignores produced outputs (2.411892ms)
✔ warm proof uses actual Turbo metadata rather than replayed producer logs (0.769464ms)
✔ owner receipt inventory follows artifact ownership and rejects symlinks (0.88559ms)
✔ cache corruption uses retained ordinary task metadata without an identification rebuild (0.556004ms)
✔ successful generated-only repair can be omitted only with unchanged source and publication (0.122792ms)
✔ undeclared-edge fixture preserves valid hook shebang and targets the workspace edge (3.381107ms)
✔ failed or authored-mutated cells require repair without inspecting revoked publication (0.314253ms)
✔ crosscompile acceptance checks owner bytes and mapped public output with producer host identity (0.512587ms)
✔ incomplete assembly archive fixture supports legitimate executable members above 30MB (28.237406ms)
✔ acceptance tool probe returns actual selected version output and refuses expired campaigns (20.2816ms)
✔ checker acceptance requires actual function invocation rather than replayed task logs (8.920937ms)
✔ assembly recovery permits rebuilt current bytes but rejects mixed pairs and changed cache-only restores (0.548253ms)
✔ assembly cache and receipt fixtures own coherent pairs through actual CAS mutations (2.331475ms)
✔ missing export and source fixtures accept only target-specific compiler refusals (0.632087ms)
✔ watch scenario budget covers multiple builds while respecting campaign remaining deadline (0.082792ms)
ℹ tests 45
ℹ suites 0
ℹ pass 45
ℹ fail 0
ℹ cancelled 0
ℹ skipped 0
ℹ todo 0
ℹ duration_ms 678.850412
