✔ resolution cell identities remain unique and explicitly bounded (1.063133ms)
✔ retarget definition requires emitted target evidence and all four actual help behaviors (0.816215ms)
✔ retarget definition cannot accept correct logs with missing contributions or stale executable behavior (0.635963ms)
✔ unsupported-workspace-node-condition requires ordinary build refusal and no surviving hook (0.529295ms)
✔ unsupported-typescript-module-alias requires ordinary build refusal and no surviving hook (0.45442ms)
✔ unsupported-package-imports-alias requires ordinary build refusal and no surviving hook (0.258127ms)
✔ fixture anchors fail rather than silently weakening retarget evidence after source drift (0.239627ms)
✔ exact subpath ordinary repair rejects all removed emitted members (0.708922ms)
✔ pinned compiler accepts declaration alias without removed options or outside-root source (556.977222ms)
✔ actual acceptance context supplies every API used by all case modules (81.973591ms)
✔ mutation rollback preserves original bytes (1.635887ms)
✔ concurrent source change is preserved (0.647213ms)
✔ removed output can be restored (0.739297ms)
✔ paths and repeated mutation fail closed (0.121709ms)
✔ unfinished obligations are distinct from runnable accepted cells (0.081167ms)
✔ rename rollback restores source and removes owned destination (0.734214ms)
✔ rename never overwrites an existing destination (0.808339ms)
✔ incomplete-cache fixture removes only the requested emitted member (0.943465ms)
✔ incomplete-cache fixture rejects unknown and truncated archive profiles (0.915715ms)
✔ incomplete-cache fixture recognizes GNU metadata rather than treating it as a path prefix (0.266127ms)
✔ mutation paths reject symlink-parent escapes (0.804881ms)
✔ phased acceptance preserves declared case order and rejects duplicates (0.320294ms)
✔ created authored source is owned and removed only with matching bytes (0.615713ms)
✔ watch-upstream-implementation requires correlated watch transitions and repaired behavior (0.416587ms)
✔ watch-used-public-interface-break-and-repair requires correlated watch transitions and repaired behavior (0.169668ms)
✔ watch-upstream-output-deletion requires correlated watch transitions and repaired behavior (0.129167ms)
✔ watch-manifest-drift requires correlated watch transitions and repaired behavior (0.163085ms)
✔ watch drift updates retain original CAS ownership and refuse concurrent edits (2.787478ms)
✔ authored inventory includes ABI and config but never follows generated/cache output (6.653631ms)
✔ permanent receipts deduplicate content, bound unique bytes and refuse modified evidence (1.404926ms)
✔ candidate freeze detects auxiliary verification edits and ignores produced outputs (3.264065ms)
✔ warm proof uses actual Turbo metadata rather than replayed producer logs (0.803298ms)
✔ owner receipt inventory follows artifact ownership and rejects symlinks (0.495462ms)
✔ cache corruption uses retained ordinary task metadata without an identification rebuild (0.442253ms)
✔ successful generated-only repair can be omitted only with unchanged source and publication (0.098293ms)
✔ undeclared-edge fixture preserves valid hook shebang and targets the workspace edge (3.425233ms)
✔ failed or authored-mutated cells require repair without inspecting revoked publication (0.260668ms)
✔ crosscompile acceptance checks owner bytes and mapped public output with producer host identity (0.571671ms)
✔ incomplete assembly archive fixture supports legitimate executable members above 30MB (31.975022ms)
✔ acceptance tool probe returns actual selected version output and refuses expired campaigns (19.270681ms)
✔ checker acceptance requires actual function invocation rather than replayed task logs (9.435818ms)
✔ assembly recovery permits rebuilt current bytes but rejects mixed pairs and changed cache-only restores (0.533546ms)
✔ assembly cache and receipt fixtures own coherent pairs through actual CAS mutations (3.199857ms)
✔ missing export and source fixtures accept only target-specific compiler refusals (0.728881ms)
ℹ tests 44
ℹ suites 0
ℹ pass 44
ℹ fail 0
ℹ cancelled 0
ℹ skipped 0
ℹ todo 0
ℹ duration_ms 612.024578
