
> @hapsland/hapsland@0.1.0 build
> node scripts/build-product.mjs

 WARNING  Circular package dependency detected: @hapsland/monkey-business-bend, @hapsland/verification, @hapsland/agent-flow-viz, @hapsland/monkey-business, @hapsland/canonical-defense, @hapsland/build-tooling

   • turbo 2.11.7
   • Packages in scope: @hapsland/activity-observation, @hapsland/administration, @hapsland/agent-flow-bend, @hapsland/canonical-policy, @hapsland/cli-entry, @hapsland/credential-storage, @hapsland/delivery-output, @hapsland/doctor-entry, @hapsland/hook-entry, @hapsland/hook-runtime, @hapsland/inspection-records, @hapsland/native-observation, @hapsland/parser-entry, @hapsland/pi-extension, @hapsland/resident-entry, @hapsland/resident-runtime, @hapsland/resident-transport, @hapsland/review-definition, @hapsland/review-execution, @hapsland/runtime-environment, @hapsland/runtime-inputs, @hapsland/source-analysis, @hapsland/source-artifacts
   • Running build, native:linux-arm64 in 23 packages
   • Remote caching disabled

@hapsland/runtime-environment:build: cache miss, executing e5dd3ec20d65d6c7
@hapsland/source-artifacts:build: cache hit, replaying logs f1f4bb5f1b4106b7
@hapsland/source-artifacts:build: $ node ../../scripts/compile-package.mjs
@hapsland/source-artifacts:build: Compiled @hapsland/source-artifacts: 243 recorded inputs
@hapsland/source-analysis:native:linux-arm64: cache hit, replaying logs 0c5be64d50043238
@hapsland/source-analysis:native:linux-arm64: $ node ../../scripts/native-task.mjs linux-arm64
@hapsland/delivery-output:build: cache hit, replaying logs 3f38bcb773f05624
@hapsland/delivery-output:build: $ node ../../scripts/compile-package.mjs
@hapsland/delivery-output:build: Compiled @hapsland/delivery-output: 246 recorded inputs
@hapsland/credential-storage:native:linux-arm64: cache hit, replaying logs fc4e5df8fd543be9
@hapsland/credential-storage:native:linux-arm64: $ node ../../scripts/native-task.mjs linux-arm64
@hapsland/inspection-records:native:linux-arm64: cache hit, replaying logs a263bb3cff3046a3
@hapsland/inspection-records:native:linux-arm64: $ node ../../scripts/native-task.mjs linux-arm64
@hapsland/runtime-environment:build: $ node ../../scripts/compile-package.mjs
@hapsland/agent-flow-bend:build: cache hit, replaying logs 002c9c9562acf166
@hapsland/agent-flow-bend:build: $ node ../../scripts/bend-producer.mjs
@hapsland/canonical-policy:build: cache hit, replaying logs d36516b081b05dc0
@hapsland/canonical-policy:build: $ node ../../scripts/compile-package.mjs
@hapsland/canonical-policy:build: Compiled @hapsland/canonical-policy: 356 recorded inputs
@hapsland/runtime-environment:build: Compiled @hapsland/runtime-environment: 375 recorded inputs
@hapsland/runtime-inputs:build: cache miss, executing 8659ac112420d48d
@hapsland/pi-extension:build: cache miss, executing bf6b7a21fa6d3a87
@hapsland/runtime-inputs:build: $ node ../../scripts/compile-package.mjs
@hapsland/pi-extension:build: $ node ../../scripts/compile-package.mjs
@hapsland/pi-extension:build: Compiled @hapsland/pi-extension: 215 recorded inputs
@hapsland/runtime-inputs:build: Compiled @hapsland/runtime-inputs: 367 recorded inputs
@hapsland/native-observation:build: cache miss, executing bb6f4352a4331056
@hapsland/inspection-records:build: cache miss, executing 6471476314961386
@hapsland/inspection-records:build: $ node ../../scripts/compile-package.mjs
@hapsland/native-observation:build: $ node ../../scripts/compile-package.mjs
@hapsland/native-observation:build: Compiled @hapsland/native-observation: 367 recorded inputs
@hapsland/credential-storage:build: cache miss, executing 5c6eca8c52bc776c
@hapsland/credential-storage:build: $ node ../../scripts/compile-package.mjs
@hapsland/inspection-records:build: Compiled @hapsland/inspection-records: 423 recorded inputs
@hapsland/source-analysis:build: cache miss, executing c8d74aed489e775c
@hapsland/source-analysis:build: $ node ../../scripts/compile-package.mjs
@hapsland/credential-storage:build: Compiled @hapsland/credential-storage: 352 recorded inputs
@hapsland/activity-observation:build: cache miss, executing 80334bb9e3e371df
@hapsland/activity-observation:build: $ node ../../scripts/compile-package.mjs
@hapsland/source-analysis:build: Compiled @hapsland/source-analysis: 382 recorded inputs
@hapsland/review-definition:build: cache miss, executing 0ed372345470538b
@hapsland/review-definition:build: $ node ../../scripts/compile-package.mjs
@hapsland/activity-observation:build: Compiled @hapsland/activity-observation: 405 recorded inputs
@hapsland/parser-entry:build: cache miss, executing 2bd2b4248997526d
@hapsland/parser-entry:build: $ node ../../scripts/compile-package.mjs
@hapsland/review-definition:build: Compiled @hapsland/review-definition: 440 recorded inputs
@hapsland/resident-transport:build: cache miss, executing 4fe81f61cfbf1345
@hapsland/resident-transport:build: $ node ../../scripts/compile-package.mjs
@hapsland/parser-entry:build: Compiled @hapsland/parser-entry: 355 recorded inputs
@hapsland/review-execution:build: cache miss, executing 6d692fe464a1cdd2
@hapsland/review-execution:build: $ node ../../scripts/compile-package.mjs
@hapsland/resident-transport:build: Compiled @hapsland/resident-transport: 422 recorded inputs
@hapsland/hook-runtime:build: cache miss, executing da302b37020f665d
@hapsland/hook-runtime:build: $ node ../../scripts/compile-package.mjs
@hapsland/hook-runtime:build: Compiled @hapsland/hook-runtime: 396 recorded inputs
@hapsland/hook-entry:build: cache miss, executing 71f5baa046c86520
@hapsland/hook-entry:build: $ node ../../scripts/compile-package.mjs
@hapsland/review-execution:build: Compiled @hapsland/review-execution: 514 recorded inputs
@hapsland/resident-runtime:build: cache miss, executing 4d0bdb3879b475dc
@hapsland/resident-runtime:build: $ node ../../scripts/compile-package.mjs
@hapsland/hook-entry:build: Compiled @hapsland/hook-entry: 369 recorded inputs
@hapsland/resident-runtime:build: Compiled @hapsland/resident-runtime: 534 recorded inputs
@hapsland/administration:build: cache miss, executing c699a6f32d024e8c
@hapsland/resident-entry:build: cache miss, executing 2b385fa511fa0b90
@hapsland/administration:build: $ node ../../scripts/compile-package.mjs
@hapsland/resident-entry:build: $ node ../../scripts/compile-package.mjs
@hapsland/resident-entry:build: Compiled @hapsland/resident-entry: 518 recorded inputs
@hapsland/administration:build: Compiled @hapsland/administration: 610 recorded inputs
@hapsland/doctor-entry:build: cache miss, executing 8c5738f75b096d75
@hapsland/cli-entry:build: cache miss, executing 738a2031d669f95e
@hapsland/cli-entry:build: $ node ../../scripts/compile-package.mjs
@hapsland/doctor-entry:build: $ node ../../scripts/compile-package.mjs
@hapsland/doctor-entry:build: Compiled @hapsland/doctor-entry: 402 recorded inputs
@hapsland/cli-entry:build: Compiled @hapsland/cli-entry: 551 recorded inputs

 Tasks:    26 successful, 26 total
Cached:    7 cached, 26 total
  Time:    38.135s 

context canceled
checked 136 event kinds, 215 command variants, 401 consumed tags, 346 exact constructor schemas, and 5 compiled exports
checked 5 shared-adapter imports and zero direct policy consumers
 WARNING  Circular package dependency detected: @hapsland/monkey-business-bend, @hapsland/canonical-defense, @hapsland/build-tooling, @hapsland/verification, @hapsland/agent-flow-viz, @hapsland/monkey-business

   • turbo 2.11.7
   • Packages in scope: @hapsland/activity-observation, @hapsland/administration, @hapsland/agent-flow-bend, @hapsland/canonical-policy, @hapsland/cli-entry, @hapsland/credential-storage, @hapsland/delivery-output, @hapsland/doctor-entry, @hapsland/hook-entry, @hapsland/hook-runtime, @hapsland/inspection-records, @hapsland/native-observation, @hapsland/parser-entry, @hapsland/pi-extension, @hapsland/resident-entry, @hapsland/resident-runtime, @hapsland/resident-transport, @hapsland/review-definition, @hapsland/review-execution, @hapsland/runtime-environment, @hapsland/runtime-inputs, @hapsland/source-analysis, @hapsland/source-artifacts
   • Running assemble:linux-arm64, assemble:host in 23 packages
   • Remote caching disabled

@hapsland/runtime-environment:build: cache hit, replaying logs e5dd3ec20d65d6c7
@hapsland/credential-storage:native:linux-arm64: cache hit, replaying logs fc4e5df8fd543be9
@hapsland/credential-storage:native:linux-arm64: $ node ../../scripts/native-task.mjs linux-arm64
@hapsland/agent-flow-bend:build: cache hit, replaying logs 002c9c9562acf166
@hapsland/agent-flow-bend:build: $ node ../../scripts/bend-producer.mjs
@hapsland/runtime-environment:build: $ node ../../scripts/compile-package.mjs
@hapsland/runtime-environment:build: Compiled @hapsland/runtime-environment: 375 recorded inputs
@hapsland/source-artifacts:build: cache hit, replaying logs f1f4bb5f1b4106b7
@hapsland/inspection-records:native:linux-arm64: cache hit, replaying logs a263bb3cff3046a3
@hapsland/source-artifacts:build: $ node ../../scripts/compile-package.mjs
@hapsland/source-artifacts:build: Compiled @hapsland/source-artifacts: 243 recorded inputs
@hapsland/inspection-records:native:linux-arm64: $ node ../../scripts/native-task.mjs linux-arm64
@hapsland/source-analysis:native:linux-arm64: cache hit, replaying logs 0c5be64d50043238
@hapsland/source-analysis:native:linux-arm64: $ node ../../scripts/native-task.mjs linux-arm64
@hapsland/delivery-output:build: cache hit, replaying logs 3f38bcb773f05624
@hapsland/delivery-output:build: $ node ../../scripts/compile-package.mjs
@hapsland/delivery-output:build: Compiled @hapsland/delivery-output: 246 recorded inputs
@hapsland/pi-extension:build: cache hit, replaying logs bf6b7a21fa6d3a87
@hapsland/pi-extension:build: $ node ../../scripts/compile-package.mjs
@hapsland/pi-extension:build: Compiled @hapsland/pi-extension: 215 recorded inputs
@hapsland/canonical-policy:build: cache hit, replaying logs d36516b081b05dc0
@hapsland/canonical-policy:build: $ node ../../scripts/compile-package.mjs
@hapsland/canonical-policy:build: Compiled @hapsland/canonical-policy: 356 recorded inputs
@hapsland/runtime-inputs:build: cache hit, replaying logs 8659ac112420d48d
@hapsland/runtime-inputs:build: $ node ../../scripts/compile-package.mjs
@hapsland/runtime-inputs:build: Compiled @hapsland/runtime-inputs: 367 recorded inputs
@hapsland/pi-extension:assemble:host: cache miss, executing 630830b5430bae98
@hapsland/inspection-records:build: cache hit, replaying logs 6471476314961386
@hapsland/inspection-records:build: $ node ../../scripts/compile-package.mjs
@hapsland/inspection-records:build: Compiled @hapsland/inspection-records: 423 recorded inputs
@hapsland/native-observation:build: cache hit, replaying logs bb6f4352a4331056
@hapsland/native-observation:build: $ node ../../scripts/compile-package.mjs
@hapsland/native-observation:build: Compiled @hapsland/native-observation: 367 recorded inputs
@hapsland/credential-storage:build: cache hit, replaying logs 5c6eca8c52bc776c
@hapsland/credential-storage:build: $ node ../../scripts/compile-package.mjs
@hapsland/credential-storage:build: Compiled @hapsland/credential-storage: 352 recorded inputs
@hapsland/source-analysis:build: cache hit, replaying logs c8d74aed489e775c
@hapsland/source-analysis:build: $ node ../../scripts/compile-package.mjs
@hapsland/source-analysis:build: Compiled @hapsland/source-analysis: 382 recorded inputs
@hapsland/activity-observation:build: cache hit, replaying logs 80334bb9e3e371df
@hapsland/activity-observation:build: $ node ../../scripts/compile-package.mjs
@hapsland/activity-observation:build: Compiled @hapsland/activity-observation: 405 recorded inputs
@hapsland/pi-extension:assemble:host: $ node ../../scripts/assemble-host-modules.mjs
@hapsland/review-definition:build: cache hit, replaying logs 0ed372345470538b
@hapsland/review-definition:build: $ node ../../scripts/compile-package.mjs
@hapsland/review-definition:build: Compiled @hapsland/review-definition: 440 recorded inputs
@hapsland/parser-entry:build: cache hit, replaying logs 2bd2b4248997526d
@hapsland/parser-entry:build: $ node ../../scripts/compile-package.mjs
@hapsland/parser-entry:build: Compiled @hapsland/parser-entry: 355 recorded inputs
@hapsland/resident-transport:build: cache hit, replaying logs 4fe81f61cfbf1345
@hapsland/resident-transport:build: $ node ../../scripts/compile-package.mjs
@hapsland/resident-transport:build: Compiled @hapsland/resident-transport: 422 recorded inputs
@hapsland/review-execution:build: cache hit, replaying logs 6d692fe464a1cdd2
@hapsland/review-execution:build: $ node ../../scripts/compile-package.mjs
@hapsland/review-execution:build: Compiled @hapsland/review-execution: 514 recorded inputs
@hapsland/parser-entry:assemble:linux-arm64: cache miss, executing 664b86d6ed8fd6ab
@hapsland/parser-entry:assemble:linux-arm64: $ node ../../scripts/assemble-entry.mjs linux-arm64
@hapsland/hook-runtime:build: cache hit, replaying logs da302b37020f665d
@hapsland/hook-runtime:build: $ node ../../scripts/compile-package.mjs
@hapsland/hook-runtime:build: Compiled @hapsland/hook-runtime: 396 recorded inputs
@hapsland/resident-runtime:build: cache hit, replaying logs 4d0bdb3879b475dc
@hapsland/resident-runtime:build: $ node ../../scripts/compile-package.mjs
@hapsland/resident-runtime:build: Compiled @hapsland/resident-runtime: 534 recorded inputs
@hapsland/hook-entry:build: cache hit, replaying logs 71f5baa046c86520
@hapsland/hook-entry:build: $ node ../../scripts/compile-package.mjs
@hapsland/hook-entry:build: Compiled @hapsland/hook-entry: 369 recorded inputs
@hapsland/resident-entry:build: cache hit, replaying logs 2b385fa511fa0b90
@hapsland/resident-entry:build: $ node ../../scripts/compile-package.mjs
@hapsland/resident-entry:build: Compiled @hapsland/resident-entry: 518 recorded inputs
@hapsland/administration:build: cache hit, replaying logs c699a6f32d024e8c
@hapsland/administration:build: $ node ../../scripts/compile-package.mjs
@hapsland/administration:build: Compiled @hapsland/administration: 610 recorded inputs
@hapsland/hook-entry:assemble:linux-arm64: cache miss, executing a5267815c6bd791a
@hapsland/hook-entry:assemble:linux-arm64: $ node ../../scripts/assemble-entry.mjs linux-arm64
@hapsland/resident-entry:assemble:linux-arm64: cache miss, executing c2ea096a17c5a93c
@hapsland/resident-entry:assemble:linux-arm64: $ node ../../scripts/assemble-entry.mjs linux-arm64
@hapsland/cli-entry:build: cache hit, replaying logs 738a2031d669f95e
@hapsland/cli-entry:build: $ node ../../scripts/compile-package.mjs
@hapsland/cli-entry:build: Compiled @hapsland/cli-entry: 551 recorded inputs
@hapsland/doctor-entry:build: cache hit, replaying logs 8c5738f75b096d75
@hapsland/doctor-entry:build: $ node ../../scripts/compile-package.mjs
@hapsland/doctor-entry:build: Compiled @hapsland/doctor-entry: 402 recorded inputs
@hapsland/cli-entry:assemble:linux-arm64: cache miss, executing 21f895ec07ac5fb8
@hapsland/cli-entry:assemble:linux-arm64: $ node ../../scripts/assemble-entry.mjs linux-arm64
@hapsland/doctor-entry:assemble:linux-arm64: cache miss, executing 5034654479960d02
@hapsland/doctor-entry:assemble:linux-arm64: $ node ../../scripts/assemble-entry.mjs linux-arm64

 Tasks:    32 successful, 32 total
Cached:    26 cached, 32 total
  Time:    1m1.819s 

Published product: fresh source, compiler, native and artifact evidence verified
