
> @hapsland/hapsland@0.1.0 build
> node scripts/build-product.mjs

 WARNING  Circular package dependency detected: @hapsland/monkey-business-bend, @hapsland/canonical-defense, @hapsland/build-tooling, @hapsland/agent-flow-viz, @hapsland/monkey-business, @hapsland/verification

   • turbo 2.11.7
   • Packages in scope: @hapsland/activity-observation, @hapsland/administration, @hapsland/agent-flow-bend, @hapsland/canonical-policy, @hapsland/cli-entry, @hapsland/credential-storage, @hapsland/delivery-output, @hapsland/doctor-entry, @hapsland/hook-entry, @hapsland/hook-runtime, @hapsland/inspection-records, @hapsland/native-observation, @hapsland/parser-entry, @hapsland/pi-extension, @hapsland/resident-entry, @hapsland/resident-runtime, @hapsland/resident-transport, @hapsland/review-definition, @hapsland/review-execution, @hapsland/runtime-environment, @hapsland/runtime-inputs, @hapsland/source-analysis, @hapsland/source-artifacts
   • Running build, native:linux-arm64 in 23 packages
   • Remote caching disabled

@hapsland/runtime-environment:clean:compiler: cache bypass, force executing ecb411c305ad256c
@hapsland/resident-transport:clean:compiler: cache bypass, force executing 9d98d82a668602a1
@hapsland/resident-transport:clean:compiler: $ node ../../scripts/clean-compiler-output.mjs
@hapsland/runtime-environment:clean:compiler: $ node ../../scripts/clean-compiler-output.mjs
@hapsland/source-analysis:clean:compiler: cache bypass, force executing cecad6dc8a09b99a
@hapsland/source-analysis:clean:compiler: $ node ../../scripts/clean-compiler-output.mjs
@hapsland/source-analysis:native:linux-arm64: cache hit, replaying logs 891a2e2e89cb8ace
@hapsland/source-analysis:native:linux-arm64: $ node ../../scripts/native-task.mjs linux-arm64
@hapsland/source-artifacts:clean:compiler: cache bypass, force executing 754bea297fcb353b
@hapsland/source-artifacts:clean:compiler: $ node ../../scripts/clean-compiler-output.mjs
@hapsland/review-definition:clean:compiler: cache bypass, force executing 8555d0c01235f58b
@hapsland/review-definition:clean:compiler: $ node ../../scripts/clean-compiler-output.mjs
@hapsland/hook-entry:clean:compiler: cache bypass, force executing ff20880b3f458397
@hapsland/hook-entry:clean:compiler: $ node ../../scripts/clean-compiler-output.mjs
@hapsland/administration:clean:compiler: cache bypass, force executing 4de8c66233d6251d
@hapsland/hook-runtime:clean:compiler: cache bypass, force executing e5d6c33b80ec2b78
@hapsland/hook-runtime:clean:compiler: $ node ../../scripts/clean-compiler-output.mjs
@hapsland/administration:clean:compiler: $ node ../../scripts/clean-compiler-output.mjs
@hapsland/parser-entry:clean:compiler: cache bypass, force executing 4eddae4695a66a2b
@hapsland/parser-entry:clean:compiler: $ node ../../scripts/clean-compiler-output.mjs
@hapsland/pi-extension:clean:compiler: cache bypass, force executing 8c950af1b95423c2
@hapsland/pi-extension:clean:compiler: $ node ../../scripts/clean-compiler-output.mjs
@hapsland/runtime-inputs:clean:compiler: cache bypass, force executing 7216a22534516a9c
@hapsland/runtime-inputs:clean:compiler: $ node ../../scripts/clean-compiler-output.mjs
@hapsland/delivery-output:clean:compiler: cache bypass, force executing e9c3666a485a967a
@hapsland/delivery-output:clean:compiler: $ node ../../scripts/clean-compiler-output.mjs
@hapsland/doctor-entry:clean:compiler: cache bypass, force executing cb1dc54144c1ad85
@hapsland/doctor-entry:clean:compiler: $ node ../../scripts/clean-compiler-output.mjs
@hapsland/agent-flow-bend:clean:compiler: cache bypass, force executing e2ee34e525d0c046
@hapsland/agent-flow-bend:clean:compiler: $ node ../../scripts/clean-compiler-output.mjs
@hapsland/credential-storage:clean:compiler: cache bypass, force executing a7934eef4b3060cc
@hapsland/credential-storage:clean:compiler: $ node ../../scripts/clean-compiler-output.mjs
@hapsland/credential-storage:native:linux-arm64: cache hit, replaying logs 5cd91ac4e55c6449
@hapsland/credential-storage:native:linux-arm64: $ node ../../scripts/native-task.mjs linux-arm64
@hapsland/native-observation:clean:compiler: cache bypass, force executing 390d2054ca117144
@hapsland/native-observation:clean:compiler: $ node ../../scripts/clean-compiler-output.mjs
@hapsland/cli-entry:clean:compiler: cache bypass, force executing 14ab7f452560fe73
@hapsland/cli-entry:clean:compiler: $ node ../../scripts/clean-compiler-output.mjs
@hapsland/resident-runtime:clean:compiler: cache bypass, force executing ce1212936cd32be2
@hapsland/review-execution:clean:compiler: cache bypass, force executing 366288987dd0696c
@hapsland/resident-runtime:clean:compiler: $ node ../../scripts/clean-compiler-output.mjs
@hapsland/review-execution:clean:compiler: $ node ../../scripts/clean-compiler-output.mjs
@hapsland/canonical-policy:clean:compiler: cache bypass, force executing ecf25b68524b8f6a
@hapsland/canonical-policy:clean:compiler: $ node ../../scripts/clean-compiler-output.mjs
@hapsland/resident-entry:clean:compiler: cache bypass, force executing 2ed7b253040f9f97
@hapsland/resident-entry:clean:compiler: $ node ../../scripts/clean-compiler-output.mjs
@hapsland/activity-observation:clean:compiler: cache bypass, force executing 24ae3a8f2dfd1d90
@hapsland/activity-observation:clean:compiler: $ node ../../scripts/clean-compiler-output.mjs
@hapsland/inspection-records:clean:compiler: cache bypass, force executing 838f5401239953a3
@hapsland/inspection-records:clean:compiler: $ node ../../scripts/clean-compiler-output.mjs
@hapsland/inspection-records:native:linux-arm64: cache hit, replaying logs 7809ed95e437ce0e
@hapsland/inspection-records:native:linux-arm64: $ node ../../scripts/native-task.mjs linux-arm64
@hapsland/runtime-environment:build: cache miss, executing 3c3bc97adeda8bb1
@hapsland/runtime-environment:build: $ node ../../scripts/compile-package.mjs
@hapsland/source-artifacts:build: cache miss, executing 92143da81a8cd7a4
@hapsland/source-artifacts:build: $ node ../../scripts/compile-package.mjs
@hapsland/source-artifacts:build: file:///workspace/typescript/hapsland-243/scripts/compile-package.mjs:45
@hapsland/source-artifacts:build:         anticipated.error ?? new Error(`Compiler input discovery failed: ${anticipated.stdout}${anticipated.stderr}`)
@hapsland/source-artifacts:build:                              ^
@hapsland/source-artifacts:build: 
@hapsland/source-artifacts:build: Error: Compiler input discovery failed: packages/source-artifacts/tsconfig.json(3,3): error TS5090: Non-relative paths are not allowed. Did you forget a leading './'?
@hapsland/source-artifacts:build: packages/source-artifacts/tsconfig.json(3,3): error TS5102: Option 'baseUrl' has been removed. Please remove it from your configuration.
@hapsland/source-artifacts:build:   Use '"paths": {"*": ["../../*"]}' instead.
@hapsland/source-artifacts:build: /workspace/typescript/hapsland-243/node_modules/@typescript/typescript-linux-arm64/lib/lib.es5.d.ts
@hapsland/source-artifacts:build: /workspace/typescript/hapsland-243/node_modules/@typescript/typescript-linux-arm64/lib/lib.es2015.d.ts
@hapsland/source-artifacts:build: /workspace/typescript/hapsland-243/node_modules/@typescript/typescript-linux-arm64/lib/lib.es2016.d.ts
@hapsland/source-artifacts:build: /workspace/typescript/hapsland-243/node_modules/@typescript/typescript-linux-arm64/lib/lib.es2017.d.ts
@hapsland/source-artifacts:build: /workspace/typescript/hapsland-243/node_modules/@typescript/typescript-linux-arm64/lib/lib.es2018.d.ts
@hapsland/source-artifacts:build: /workspace/typescript/hapsland-243/node_modules/@typescript/typescript-linux-arm64/lib/lib.es2019.d.ts
@hapsland/source-artifacts:build: /workspace/typescript/hapsland-243/node_modules/@typescript/typescript-linux-arm64/lib/lib.es2020.d.ts
@hapsland/source-artifacts:build: /workspace/typescript/hapsland-243/node_modules/@typescript/typescript-linux-arm64/lib/lib.es2021.d.ts
@hapsland/source-artifacts:build: /workspace/typescript/hapsland-243/node_modules/@typescript/typescript-linux-arm64/lib/lib.es2022.d.ts
@hapsland/source-artifacts:build: /workspace/typescript/hapsland-243/node_modules/@typescript/typescript-linux-arm64/lib/lib.es2023.d.ts
@hapsland/source-artifacts:build: /workspace/typescript/hapsland-243/node_modules/@typescript/typescript-linux-arm64/lib/lib.es2024.d.ts
@hapsland/source-artifacts:build: /workspace/typescript/hapsland-243/node_modules/@typescript/typescript-linux-arm64/lib/lib.es2025.d.ts
@hapsland/source-artifacts:build: /workspace/typescript/hapsland-243/node_modules/@typescript/typescript-linux-arm64/lib/lib.esnext.d.ts
@hapsland/source-artifacts:build: /workspace/typescript/hapsland-243/node_modules/@typescript/typescript-linux-arm64/lib/lib.es2015.core.d.ts
@hapsland/source-artifacts:build: /workspace/typescript/hapsland-243/node_modules/@typescript/typescript-linux-arm64/lib/lib.es2015.collection.d.ts
@hapsland/source-artifacts:build: /workspace/typescript/hapsland-243/node_modules/@typescript/typescript-linux-arm64/lib/lib.es2015.generator.d.ts
@hapsland/source-artifacts:build: /workspace/typescript/hapsland-243/node_modules/@typescript/typescript-linux-arm64/lib/lib.es2015.iterable.d.ts
@hapsland/source-artifacts:build: /workspace/typescript/hapsland-243/node_modules/@typescript/typescript-linux-arm64/lib/lib.es2015.promise.d.ts
@hapsland/source-artifacts:build: /workspace/typescript/hapsland-243/node_modules/@typescript/typescript-linux-arm64/lib/lib.es2015.proxy.d.ts
@hapsland/source-artifacts:build: /workspace/typescript/hapsland-243/node_modules/@typescript/typescript-linux-arm64/lib/lib.es2015.reflect.d.ts
@hapsland/source-artifacts:build: /workspace/typescript/hapsland-243/node_modules/@typescript/typescript-linux-arm64/lib/lib.es2015.symbol.d.ts
@hapsland/source-artifacts:build: /workspace/typescript/hapsland-243/node_modules/@typescript/typescript-linux-arm64/lib/lib.es2015.symbol.wellknown.d.ts
@hapsland/source-artifacts:build: /workspace/typescript/hapsland-243/node_modules/@typescript/typescript-linux-arm64/lib/lib.es2016.array.include.d.ts
@hapsland/source-artifacts:build: /workspace/typescript/hapsland-243/node_modules/@typescript/typescript-linux-arm64/lib/lib.es2016.intl.d.ts
@hapsland/source-artifacts:build: /workspace/typescript/hapsland-243/node_modules/@typescript/typescript-linux-arm64/lib/lib.es2017.arraybuffer.d.ts
@hapsland/source-artifacts:build: /workspace/typescript/hapsland-243/node_modules/@typescript/typescript-linux-arm64/lib/lib.es2017.date.d.ts
@hapsland/source-artifacts:build: /workspace/typescript/hapsland-243/node_modules/@typescript/typescript-linux-arm64/lib/lib.es2017.object.d.ts
@hapsland/source-artifacts:build: /workspace/typescript/hapsland-243/node_modules/@typescript/typescript-linux-arm64/lib/lib.es2017.sharedmemory.d.ts
@hapsland/source-artifacts:build: /workspace/typescript/hapsland-243/node_modules/@typescript/typescript-linux-arm64/lib/lib.es2017.string.d.ts
@hapsland/source-artifacts:build: /workspace/typescript/hapsland-243/node_modules/@typescript/typescript-linux-arm64/lib/lib.es2017.intl.d.ts
@hapsland/source-artifacts:build: /workspace/typescript/hapsland-243/node_modules/@typescript/typescript-linux-arm64/lib/lib.es2017.typedarrays.d.ts
@hapsland/source-artifacts:build: /workspace/typescript/hapsland-243/node_modules/@typescript/typescript-linux-arm64/lib/lib.es2018.asyncgenerator.d.ts
@hapsland/source-artifacts:build: /workspace/typescript/hapsland-243/node_modules/@typescript/typescript-linux-arm64/lib/lib.es2018.asynciterable.d.ts
@hapsland/source-artifacts:build: /workspace/typescript/hapsland-243/node_modules/@typescript/typescript-linux-arm64/lib/lib.es2018.intl.d.ts
@hapsland/source-artifacts:build: /workspace/typescript/hapsland-243/node_modules/@typescript/typescript-linux-arm64/lib/lib.es2018.promise.d.ts
@hapsland/source-artifacts:build: /workspace/typescript/hapsland-243/node_modules/@typescript/typescript-linux-arm64/lib/lib.es2018.regexp.d.ts
@hapsland/source-artifacts:build: /workspace/typescript/hapsland-243/node_modules/@typescript/typescript-linux-arm64/lib/lib.es2019.array.d.ts
@hapsland/source-artifacts:build: /workspace/typescript/hapsland-243/node_modules/@typescript/typescript-linux-arm64/lib/lib.es2019.object.d.ts
@hapsland/source-artifacts:build: /workspace/typescript/hapsland-243/node_modules/@typescript/typescript-linux-arm64/lib/lib.es2019.string.d.ts
@hapsland/source-artifacts:build: /workspace/typescript/hapsland-243/node_modules/@typescript/typescript-linux-arm64/lib/lib.es2019.symbol.d.ts
@hapsland/source-artifacts:build: /workspace/typescript/hapsland-243/node_modules/@typescript/typescript-linux-arm64/lib/lib.es2019.intl.d.ts
@hapsland/source-artifacts:build: /workspace/typescript/hapsland-243/node_modules/@typescript/typescript-linux-arm64/lib/lib.es2020.bigint.d.ts
@hapsland/source-artifacts:build: /workspace/typescript/hapsland-243/node_modules/@typescript/typescript-linux-arm64/lib/lib.es2020.date.d.ts
@hapsland/source-artifacts:build: /workspace/typescript/hapsland-243/node_modules/@typescript/typescript-linux-arm64/lib/lib.es2020.promise.d.ts
@hapsland/source-artifacts:build: /workspace/typescript/hapsland-243/node_modules/@typescript/typescript-linux-arm64/lib/lib.es2020.sharedmemory.d.ts
@hapsland/source-artifacts:build: /workspace/typescript/hapsland-243/node_modules/@typescript/typescript-linux-arm64/lib/lib.es2020.string.d.ts
@hapsland/source-artifacts:build: /workspace/typescript/hapsland-243/node_modules/@typescript/typescript-linux-arm64/lib/lib.es2020.symbol.wellknown.d.ts
@hapsland/source-artifacts:build: /workspace/typescript/hapsland-243/node_modules/@typescript/typescript-linux-arm64/lib/lib.es2020.intl.d.ts
@hapsland/source-artifacts:build: /workspace/typescript/hapsland-243/node_modules/@typescript/typescript-linux-arm64/lib/lib.es2020.number.d.ts
@hapsland/source-artifacts:build: /workspace/typescript/hapsland-243/node_modules/@typescript/typescript-linux-arm64/lib/lib.es2021.promise.d.ts
@hapsland/source-artifacts:build: /workspace/typescript/hapsland-243/node_modules/@typescript/typescript-linux-arm64/lib/lib.es2021.string.d.ts
@hapsland/source-artifacts:build: /workspace/typescript/hapsland-243/node_modules/@typescript/typescript-linux-arm64/lib/lib.es2021.weakref.d.ts
@hapsland/source-artifacts:build: /workspace/typescript/hapsland-243/node_modules/@typescript/typescript-linux-arm64/lib/lib.es2021.intl.d.ts
@hapsland/source-artifacts:build: /workspace/typescript/hapsland-243/node_modules/@typescript/typescript-linux-arm64/lib/lib.es2022.array.d.ts
@hapsland/source-artifacts:build: /workspace/typescript/hapsland-243/node_modules/@typescript/typescript-linux-arm64/lib/lib.es2022.error.d.ts
@hapsland/source-artifacts:build: /workspace/typescript/hapsland-243/node_modules/@typescript/typescript-linux-arm64/lib/lib.es2022.intl.d.ts
@hapsland/source-artifacts:build: /workspace/typescript/hapsland-243/node_modules/@typescript/typescript-linux-arm64/lib/lib.es2022.object.d.ts
@hapsland/source-artifacts:build: /workspace/typescript/hapsland-243/node_modules/@typescript/typescript-linux-arm64/lib/lib.es2022.string.d.ts
@hapsland/source-artifacts:build: /workspace/typescript/hapsland-243/node_modules/@typescript/typescript-linux-arm64/lib/lib.es2022.regexp.d.ts
@hapsland/source-artifacts:build: /workspace/typescript/hapsland-243/node_modules/@typescript/typescript-linux-arm64/lib/lib.es2023.array.d.ts
@hapsland/source-artifacts:build: /workspace/typescript/hapsland-243/node_modules/@typescript/typescript-linux-arm64/lib/lib.es2023.collection.d.ts
@hapsland/source-artifacts:build: /workspace/typescript/hapsland-243/node_modules/@typescript/typescript-linux-arm64/lib/lib.es2023.intl.d.ts
@hapsland/source-artifacts:build: /workspace/typescript/hapsland-243/node_modules/@typescript/typescript-linux-arm64/lib/lib.es2024.arraybuffer.d.ts
@hapsland/source-artifacts:build: /workspace/typescript/hapsland-243/node_modules/@typescript/typescript-linux-arm64/lib/lib.es2024.collection.d.ts
@hapsland/source-artifacts:build: /workspace/typescript/hapsland-243/node_modules/@typescript/typescript-linux-arm64/lib/lib.es2024.object.d.ts
@hapsland/source-artifacts:build: /workspace/typescript/hapsland-243/node_modules/@typescript/typescript-linux-arm64/lib/lib.es2024.promise.d.ts
@hapsland/source-artifacts:build: /workspace/typescript/hapsland-243/node_modules/@typescript/typescript-linux-arm64/lib/lib.es2024.regexp.d.ts
@hapsland/source-artifacts:build: /workspace/typescript/hapsland-243/node_modules/@typescript/typescript-linux-arm64/lib/lib.es2024.sharedmemory.d.ts
@hapsland/source-artifacts:build: /workspace/typescript/hapsland-243/node_modules/@typescript/typescript-linux-arm64/lib/lib.es2024.string.d.ts
@hapsland/source-artifacts:build: /workspace/typescript/hapsland-243/node_modules/@typescript/typescript-linux-arm64/lib/lib.es2025.collection.d.ts
@hapsland/source-artifacts:build: /workspace/typescript/hapsland-243/node_modules/@typescript/typescript-linux-arm64/lib/lib.es2025.float16.d.ts
@hapsland/source-artifacts:build: /workspace/typescript/hapsland-243/node_modules/@typescript/typescript-linux-arm64/lib/lib.es2025.intl.d.ts
@hapsland/source-artifacts:build: /workspace/typescript/hapsland-243/node_modules/@typescript/typescript-linux-arm64/lib/lib.es2025.iterator.d.ts
@hapsland/source-artifacts:build: /workspace/typescript/hapsland-243/node_modules/@typescript/typescript-linux-arm64/lib/lib.es2025.promise.d.ts
@hapsland/source-artifacts:build: /workspace/typescript/hapsland-243/node_modules/@typescript/typescript-linux-arm64/lib/lib.es2025.regexp.d.ts
@hapsland/source-artifacts:build: /workspace/typescript/hapsland-243/node_modules/@typescript/typescript-linux-arm64/lib/lib.esnext.array.d.ts
@hapsland/source-artifacts:build: /workspace/typescript/hapsland-243/node_modules/@typescript/typescript-linux-arm64/lib/lib.esnext.collection.d.ts
@hapsland/source-artifacts:build: /workspace/typescript/hapsland-243/node_modules/@typescript/typescript-linux-arm64/lib/lib.esnext.date.d.ts
@hapsland/source-artifacts:build: /workspace/typescript/hapsland-243/node_modules/@typescript/typescript-linux-arm64/lib/lib.esnext.decorators.d.ts
@hapsland/source-artifacts:build: /workspace/typescript/hapsland-243/node_modules/@typescript/typescript-linux-arm64/lib/lib.esnext.disposable.d.ts
@hapsland/source-artifacts:build: /workspace/typescript/hapsland-243/node_modules/@typescript/typescript-linux-arm64/lib/lib.esnext.error.d.ts
@hapsland/source-artifacts:build: /workspace/typescript/hapsland-243/node_modules/@typescript/typescript-linux-arm64/lib/lib.esnext.intl.d.ts
@hapsland/source-artifacts:build: /workspace/typescript/hapsland-243/node_modules/@typescript/typescript-linux-arm64/lib/lib.esnext.sharedmemory.d.ts
@hapsland/source-artifacts:build: /workspace/typescript/hapsland-243/node_modules/@typescript/typescript-linux-arm64/lib/lib.esnext.temporal.d.ts
@hapsland/source-artifacts:build: /workspace/typescript/hapsland-243/node_modules/@typescript/typescript-linux-arm64/lib/lib.esnext.typedarrays.d.ts
@hapsland/source-artifacts:build: /workspace/typescript/hapsland-243/node_modules/@typescript/typescript-linux-arm64/lib/lib.decorators.d.ts
@hapsland/source-artifacts:build: /workspace/typescript/hapsland-243/node_modules/@typescript/typescript-linux-arm64/lib/lib.decorators.legacy.d.ts
@hapsland/source-artifacts:build: /workspace/typescript/hapsland-243/packages/source-artifacts/src/direct-event/artifact-model.ts
@hapsland/source-artifacts:build: /workspace/typescript/hapsland-243/node_modules/undici-types/utility.d.ts
@hapsland/source-artifacts:build: /workspace/typescript/hapsland-243/node_modules/undici-types/header.d.ts
@hapsland/source-artifacts:build: /workspace/typescript/hapsland-243/node_modules/undici-types/readable.d.ts
@hapsland/source-artifacts:build: /workspace/typescript/hapsland-243/node_modules/@types/node/globals.typedarray.d.ts
@hapsland/source-artifacts:build: /workspace/typescript/hapsland-243/node_modules/@types/node/buffer.buffer.d.ts
@hapsland/source-artifacts:build: /workspace/typescript/hapsland-243/node_modules/@types/node/globals.d.ts
@hapsland/source-artifacts:build: /workspace/typescript/hapsland-243/node_modules/@types/node/web-globals/abortcontroller.d.ts
@hapsland/source-artifacts:build: /workspace/typescript/hapsland-243/node_modules/@types/node/web-globals/blob.d.ts
@hapsland/source-artifacts:build: /workspace/typescript/hapsland-243/node_modules/@types/node/web-globals/console.d.ts
@hapsland/source-artifacts:build: /workspace/typescript/hapsland-243/node_modules/@types/node/web-globals/crypto.d.ts
@hapsland/source-artifacts:build: /workspace/typescript/hapsland-243/node_modules/@types/node/web-globals/domexception.d.ts
@hapsland/source-artifacts:build: /workspace/typescript/hapsland-243/node_modules/@types/node/web-globals/encoding.d.ts
@hapsland/source-artifacts:build: /workspace/typescript/hapsland-243/node_modules/@types/node/web-globals/events.d.ts
@hapsland/source-artifacts:build: /workspace/typescript/hapsland-243/node_modules/@types/node/web-globals/fetch.d.ts
@hapsland/source-artifacts:build: /workspace/typescript/hapsland-243/node_modules/@types/node/web-globals/importmeta.d.ts
@hapsland/source-artifacts:build: /workspace/typescript/hapsland-243/node_modules/@types/node/web-globals/messaging.d.ts
@hapsland/source-artifacts:build: /workspace/typescript/hapsland-243/node_modules/@types/node/web-globals/navigator.d.ts
@hapsland/source-artifacts:build: /workspace/typescript/hapsland-243/node_modules/@types/node/web-globals/performance.d.ts
@hapsland/source-artifacts:build: /workspace/typescript/hapsland-243/node_modules/@types/node/web-globals/storage.d.ts
@hapsland/source-artifacts:build: /workspace/typescript/hapsland-243/node_modules/@types/node/web-globals/streams.d.ts
@hapsland/source-artifacts:build: /workspace/typescript/hapsland-243/node_modules/@types/node/web-globals/timers.d.ts
@hapsland/source-artifacts:build: /workspace/typescript/hapsland-243/node_modules/@types/node/web-globals/url.d.ts
@hapsland/source-artifacts:build: /workspace/typescript/hapsland-243/node_modules/@types/node/assert.d.ts
@hapsland/source-artifacts:build: /workspace/typescript/hapsland-243/node_modules/@types/node/assert/strict.d.ts
@hapsland/source-artifacts:build: /workspace/typescript/hapsland-243/node_modules/@types/node/async_hooks.d.ts
@hapsland/source-artifacts:build: /workspace/typescript/hapsland-243/node_modules/@types/node/buffer.d.ts
@hapsland/source-artifacts:build: /workspace/typescript/hapsland-243/node_modules/@types/node/child_process.d.ts
@hapsland/source-artifacts:build: /workspace/typescript/hapsland-243/node_modules/@types/node/cluster.d.ts
@hapsland/source-artifacts:build: /workspace/typescript/hapsland-243/node_modules/@types/node/console.d.ts
@hapsland/source-artifacts:build: /workspace/typescript/hapsland-243/node_modules/@types/node/constants.d.ts
@hapsland/source-artifacts:build: /workspace/typescript/hapsland-243/node_modules/@types/node/crypto.d.ts
@hapsland/source-artifacts:build: /workspace/typescript/hapsland-243/node_modules/@types/node/dgram.d.ts
@hapsland/source-artifacts:build: /workspace/typescript/hapsland-243/node_modules/@types/node/diagnostics_channel.d.ts
@hapsland/source-artifacts:build: /workspace/typescript/hapsland-243/node_modules/@types/node/dns.d.ts
@hapsland/source-artifacts:build: /workspace/typescript/hapsland-243/node_modules/@types/node/dns/promises.d.ts
@hapsland/source-artifacts:build: /workspace/typescript/hapsland-243/node_modules/@types/node/domain.d.ts
@hapsland/source-artifacts:build: /workspace/typescript/hapsland-243/node_modules/@types/node/events.d.ts
@hapsland/source-artifacts:build: /workspace/typescript/hapsland-243/node_modules/@types/node/ffi.d.ts
@hapsland/source-artifacts:build: /workspace/typescript/hapsland-243/node_modules/@types/node/fs.d.ts
@hapsland/source-artifacts:build: /workspace/typescript/hapsland-243/node_modules/@types/node/fs/promises.d.ts
@hapsland/source-artifacts:build: /workspace/typescript/hapsland-243/node_modules/@types/node/http.d.ts
@hapsland/source-artifacts:build: /workspace/typescript/hapsland-243/node_modules/@types/node/http2.d.ts
@hapsland/source-artifacts:build: /workspace/typescript/hapsland-243/node_modules/@types/node/https.d.ts
@hapsland/source-artifacts:build: /workspace/typescript/hapsland-243/node_modules/@types/node/inspector.d.ts
@hapsland/source-artifacts:build: /workspace/typescript/hapsland-243/node_modules/@types/node/inspector.generated.d.ts
@hapsland/source-artifacts:build: /workspace/typescript/hapsland-243/node_modules/@types/node/inspector/promises.d.ts
@hapsland/source-artifacts:build: /workspace/typescript/hapsland-243/node_modules/@types/node/module.d.ts
@hapsland/source-artifacts:build: /workspace/typescript/hapsland-243/node_modules/@types/node/net.d.ts
@hapsland/source-artifacts:build: /workspace/typescript/hapsland-243/node_modules/@types/node/os.d.ts
@hapsland/source-artifacts:build: /workspace/typescript/hapsland-243/node_modules/@types/node/path.d.ts
@hapsland/source-artifacts:build: /workspace/typescript/hapsland-243/node_modules/@types/node/path/posix.d.ts
@hapsland/source-artifacts:build: /workspace/typescript/hapsland-243/node_modules/@types/node/path/win32.d.ts
@hapsland/source-artifacts:build: /workspace/typescript/hapsland-243/node_modules/@types/node/perf_hooks.d.ts
@hapsland/source-artifacts:build: /workspace/typescript/hapsland-243/node_modules/@types/node/process.d.ts
@hapsland/source-artifacts:build: /workspace/typescript/hapsland-243/node_modules/@types/node/punycode.d.ts
@hapsland/source-artifacts:build: /workspace/typescript/hapsland-243/node_modules/@types/node/querystring.d.ts
@hapsland/source-artifacts:build: /workspace/typescript/hapsland-243/node_modules/@types/node/quic.d.ts
@hapsland/source-artifacts:build: /workspace/typescript/hapsland-243/node_modules/@types/node/readline.d.ts
@hapsland/source-artifacts:build: /workspace/typescript/hapsland-243/node_modules/@types/node/readline/promises.d.ts
@hapsland/source-artifacts:build: /workspace/typescript/hapsland-243/node_modules/@types/node/repl.d.ts
@hapsland/source-artifacts:build: /workspace/typescript/hapsland-243/node_modules/@types/node/sea.d.ts
@hapsland/source-artifacts:build: /workspace/typescript/hapsland-243/node_modules/@types/node/sqlite.d.ts
@hapsland/source-artifacts:build: /workspace/typescript/hapsland-243/node_modules/@types/node/stream.d.ts
@hapsland/source-artifacts:build: /workspace/typescript/hapsland-243/node_modules/@types/node/stream/consumers.d.ts
@hapsland/source-artifacts:build: /workspace/typescript/hapsland-243/node_modules/@types/node/stream/iter.d.ts
@hapsland/source-artifacts:build: /workspace/typescript/hapsland-243/node_modules/@types/node/stream/promises.d.ts
@hapsland/source-artifacts:build: /workspace/typescript/hapsland-243/node_modules/@types/node/stream/web.d.ts
@hapsland/source-artifacts:build: /workspace/typescript/hapsland-243/node_modules/@types/node/string_decoder.d.ts
@hapsland/source-artifacts:build: /workspace/typescript/hapsland-243/node_modules/@types/node/test.d.ts
@hapsland/source-artifacts:build: /workspace/typescript/hapsland-243/node_modules/@types/node/test/reporters.d.ts
@hapsland/source-artifacts:build: /workspace/typescript/hapsland-243/node_modules/@types/node/timers.d.ts
@hapsland/source-artifacts:build: /workspace/typescript/hapsland-243/node_modules/@types/node/timers/promises.d.ts
@hapsland/source-artifacts:build: /workspace/typescript/hapsland-243/node_modules/@types/node/tls.d.ts
@hapsland/source-artifacts:build: /workspace/typescript/hapsland-243/node_modules/@types/node/trace_events.d.ts
@hapsland/source-artifacts:build: /workspace/typescript/hapsland-243/node_modules/@types/node/tty.d.ts
@hapsland/source-artifacts:build: /workspace/typescript/hapsland-243/node_modules/@types/node/url.d.ts
@hapsland/source-artifacts:build: /workspace/typescript/hapsland-243/node_modules/@types/node/util.d.ts
@hapsland/source-artifacts:build: /workspace/typescript/hapsland-243/node_modules/@types/node/util/types.d.ts
@hapsland/source-artifacts:build: /workspace/typescript/hapsland-243/node_modules/@types/node/v8.d.ts
@hapsland/source-artifacts:build: /workspace/typescript/hapsland-243/node_modules/@types/node/vm.d.ts
@hapsland/source-artifacts:build: /workspace/typescript/hapsland-243/node_modules/@types/node/wasi.d.ts
@hapsland/source-artifacts:build: /workspace/typescript/hapsland-243/node_modules/@types/node/worker_threads.d.ts
@hapsland/source-artifacts:build: /workspace/typescript/hapsland-243/node_modules/@types/node/zlib.d.ts
@hapsland/source-artifacts:build: /workspace/typescript/hapsland-243/node_modules/@types/node/zlib/iter.d.ts
@hapsland/source-artifacts:build: /workspace/typescript/hapsland-243/node_modules/@types/node/index.d.ts
@hapsland/source-artifacts:build: /workspace/typescript/hapsland-243/node_modules/undici-types/fetch.d.ts
@hapsland/source-artifacts:build: /workspace/typescript/hapsland-243/node_modules/undici-types/formdata.d.ts
@hapsland/source-artifacts:build: /workspace/typescript/hapsland-243/node_modules/undici-types/connector.d.ts
@hapsland/source-artifacts:build: /workspace/typescript/hapsland-243/node_modules/undici-types/client-stats.d.ts
@hapsland/source-artifacts:build: /workspace/typescript/hapsland-243/node_modules/undici-types/client.d.ts
@hapsland/source-artifacts:build: /workspace/typescript/hapsland-243/node_modules/undici-types/errors.d.ts
@hapsland/source-artifacts:build: /workspace/typescript/hapsland-243/node_modules/undici-types/dispatcher.d.ts
@hapsland/source-artifacts:build: /workspace/typescript/hapsland-243/node_modules/undici-types/global-dispatcher.d.ts
@hapsland/source-artifacts:build: /workspace/typescript/hapsland-243/node_modules/undici-types/global-origin.d.ts
@hapsland/source-artifacts:build: /workspace/typescript/hapsland-243/node_modules/undici-types/pool-stats.d.ts
@hapsland/source-artifacts:build: /workspace/typescript/hapsland-243/node_modules/undici-types/pool.d.ts
@hapsland/source-artifacts:build: /workspace/typescript/hapsland-243/node_modules/undici-types/handlers.d.ts
@hapsland/source-artifacts:build: /workspace/typescript/hapsland-243/node_modules/undici-types/balanced-pool.d.ts
@hapsland/source-artifacts:build: /workspace/typescript/hapsland-243/node_modules/undici-types/round-robin-pool.d.ts
@hapsland/source-artifacts:build: /workspace/typescript/hapsland-243/node_modules/undici-types/h2c-client.d.ts
@hapsland/source-artifacts:build: /workspace/typescript/hapsland-243/node_modules/undici-types/agent.d.ts
@hapsland/source-artifacts:build: /workspace/typescript/hapsland-243/node_modules/undici-types/dispatcher1-wrapper.d.ts
@hapsland/source-artifacts:build: /workspace/typescript/hapsland-243/node_modules/undici-types/mock-interceptor.d.ts
@hapsland/source-artifacts:build: /workspace/typescript/hapsland-243/node_modules/undici-types/mock-call-history.d.ts
@hapsland/source-artifacts:build: /workspace/typescript/hapsland-243/node_modules/undici-types/mock-agent.d.ts
@hapsland/source-artifacts:build: /workspace/typescript/hapsland-243/node_modules/undici-types/mock-client.d.ts
@hapsland/source-artifacts:build: /workspace/typescript/hapsland-243/node_modules/undici-types/mock-pool.d.ts
@hapsland/source-artifacts:build: /workspace/typescript/hapsland-243/node_modules/undici-types/snapshot-agent.d.ts
@hapsland/source-artifacts:build: /workspace/typescript/hapsland-243/node_modules/undici-types/mock-errors.d.ts
@hapsland/source-artifacts:build: /workspace/typescript/hapsland-243/node_modules/undici-types/proxy-agent.d.ts
@hapsland/source-artifacts:build: /workspace/typescript/hapsland-243/node_modules/undici-types/socks5-proxy-agent.d.ts
@hapsland/source-artifacts:build: /workspace/typescript/hapsland-243/node_modules/undici-types/env-http-proxy-agent.d.ts
@hapsland/source-artifacts:build: /workspace/typescript/hapsland-243/node_modules/undici-types/retry-handler.d.ts
@hapsland/source-artifacts:build: /workspace/typescript/hapsland-243/node_modules/undici-types/retry-agent.d.ts
@hapsland/source-artifacts:build: /workspace/typescript/hapsland-243/node_modules/undici-types/api.d.ts
@hapsland/source-artifacts:build: /workspace/typescript/hapsland-243/node_modules/undici-types/cache-interceptor.d.ts
@hapsland/source-artifacts:build: /workspace/typescript/hapsland-243/node_modules/undici-types/interceptors.d.ts
@hapsland/source-artifacts:build: /workspace/typescript/hapsland-243/node_modules/undici-types/util.d.ts
@hapsland/source-artifacts:build: /workspace/typescript/hapsland-243/node_modules/undici-types/cookies.d.ts
@hapsland/source-artifacts:build: /workspace/typescript/hapsland-243/node_modules/undici-types/patch.d.ts
@hapsland/source-artifacts:build: /workspace/typescript/hapsland-243/node_modules/undici-types/websocket.d.ts
@hapsland/source-artifacts:build: /workspace/typescript/hapsland-243/node_modules/undici-types/eventsource.d.ts
@hapsland/source-artifacts:build: /workspace/typescript/hapsland-243/node_modules/undici-types/diagnostics-channel.d.ts
@hapsland/source-artifacts:build: /workspace/typescript/hapsland-243/node_modules/undici-types/content-type.d.ts
@hapsland/source-artifacts:build: /workspace/typescript/hapsland-243/node_modules/undici-types/cache.d.ts
@hapsland/source-artifacts:build: /workspace/typescript/hapsland-243/node_modules/undici-types/index.d.ts
@hapsland/source-artifacts:build: /workspace/typescript/hapsland-243/node_modules/bun-types/globals.d.ts
@hapsland/source-artifacts:build: /workspace/typescript/hapsland-243/node_modules/bun-types/s3.d.ts
@hapsland/source-artifacts:build: /workspace/typescript/hapsland-243/node_modules/bun-types/fetch.d.ts
@hapsland/source-artifacts:build: /workspace/typescript/hapsland-243/node_modules/bun-types/jsx.d.ts
@hapsland/source-artifacts:build: /workspace/typescript/hapsland-243/node_modules/bun-types/bun.d.ts
@hapsland/source-artifacts:build: /workspace/typescript/hapsland-243/node_modules/bun-types/extensions.d.ts
@hapsland/source-artifacts:build: /workspace/typescript/hapsland-243/node_modules/bun-types/devserver.d.ts
@hapsland/source-artifacts:build: /workspace/typescript/hapsland-243/node_modules/bun-types/ffi.d.ts
@hapsland/source-artifacts:build: /workspace/typescript/hapsland-243/node_modules/bun-types/html-rewriter.d.ts
@hapsland/source-artifacts:build: /workspace/typescript/hapsland-243/node_modules/bun-types/jsc.d.ts
@hapsland/source-artifacts:build: /workspace/typescript/hapsland-243/node_modules/bun-types/sqlite.d.ts
@hapsland/source-artifacts:build: /workspace/typescript/hapsland-243/node_modules/bun-types/vendor/expect-type/utils.d.ts
@hapsland/source-artifacts:build: /workspace/typescript/hapsland-243/node_modules/bun-types/vendor/expect-type/overloads.d.ts
@hapsland/source-artifacts:build: /workspace/typescript/hapsland-243/node_modules/bun-types/vendor/expect-type/branding.d.ts
@hapsland/source-artifacts:build: /workspace/typescript/hapsland-243/node_modules/bun-types/vendor/expect-type/messages.d.ts
@hapsland/source-artifacts:build: /workspace/typescript/hapsland-243/node_modules/bun-types/vendor/expect-type/index.d.ts
@hapsland/source-artifacts:build: /workspace/typescript/hapsland-243/node_modules/bun-types/test.d.ts
@hapsland/source-artifacts:build: /workspace/typescript/hapsland-243/node_modules/bun-types/wasm.d.ts
@hapsland/source-artifacts:build: /workspace/typescript/hapsland-243/node_modules/bun-types/overrides.d.ts
@hapsland/source-artifacts:build: /workspace/typescript/hapsland-243/node_modules/bun-types/deprecated.d.ts
@hapsland/source-artifacts:build: /workspace/typescript/hapsland-243/node_modules/bun-types/redis.d.ts
@hapsland/source-artifacts:build: /workspace/typescript/hapsland-243/node_modules/bun-types/shell.d.ts
@hapsland/source-artifacts:build: /workspace/typescript/hapsland-243/node_modules/bun-types/serve.d.ts
@hapsland/source-artifacts:build: /workspace/typescript/hapsland-243/node_modules/bun-types/sql.d.ts
@hapsland/source-artifacts:build: /workspace/typescript/hapsland-243/node_modules/bun-types/security.d.ts
@hapsland/source-artifacts:build: /workspace/typescript/hapsland-243/node_modules/bun-types/bundle.d.ts
@hapsland/source-artifacts:build: /workspace/typescript/hapsland-243/node_modules/bun-types/bun.ns.d.ts
@hapsland/source-artifacts:build: /workspace/typescript/hapsland-243/node_modules/bun-types/index.d.ts
@hapsland/source-artifacts:build: /workspace/typescript/hapsland-243/node_modules/@types/bun/index.d.ts
@hapsland/source-artifacts:build: 
@hapsland/source-artifacts:build:     at file:///workspace/typescript/hapsland-243/scripts/compile-package.mjs:45:30
@hapsland/source-artifacts:build:     at async file:///workspace/typescript/hapsland-243/scripts/compile-package.mjs:12:1
@hapsland/source-artifacts:build: 
@hapsland/source-artifacts:build: Node.js v24.20.0
@hapsland/runtime-environment:build: file:///workspace/typescript/hapsland-243/scripts/compile-package.mjs:45
@hapsland/runtime-environment:build:         anticipated.error ?? new Error(`Compiler input discovery failed: ${anticipated.stdout}${anticipated.stderr}`)
@hapsland/runtime-environment:build:                              ^
@hapsland/runtime-environment:build: 
@hapsland/runtime-environment:build: Error: Compiler input discovery failed: packages/runtime-environment/tsconfig.json(3,3): error TS5090: Non-relative paths are not allowed. Did you forget a leading './'?
@hapsland/runtime-environment:build: packages/runtime-environment/tsconfig.json(3,3): error TS5102: Option 'baseUrl' has been removed. Please remove it from your configuration.
@hapsland/runtime-environment:build:   Use '"paths": {"*": ["../../*"]}' instead.
@hapsland/runtime-environment:build: /workspace/typescript/hapsland-243/node_modules/@typescript/typescript-linux-arm64/lib/lib.es5.d.ts
@hapsland/runtime-environment:build: /workspace/typescript/hapsland-243/node_modules/@typescript/typescript-linux-arm64/lib/lib.es2015.d.ts
@hapsland/runtime-environment:build: /workspace/typescript/hapsland-243/node_modules/@typescript/typescript-linux-arm64/lib/lib.es2016.d.ts
@hapsland/runtime-environment:build: /workspace/typescript/hapsland-243/node_modules/@typescript/typescript-linux-arm64/lib/lib.es2017.d.ts
@hapsland/runtime-environment:build: /workspace/typescript/hapsland-243/node_modules/@typescript/typescript-linux-arm64/lib/lib.es2018.d.ts
@hapsland/runtime-environment:build: /workspace/typescript/hapsland-243/node_modules/@typescript/typescript-linux-arm64/lib/lib.es2019.d.ts
@hapsland/runtime-environment:build: /workspace/typescript/hapsland-243/node_modules/@typescript/typescript-linux-arm64/lib/lib.es2020.d.ts
@hapsland/runtime-environment:build: /workspace/typescript/hapsland-243/node_modules/@typescript/typescript-linux-arm64/lib/lib.es2021.d.ts
@hapsland/runtime-environment:build: /workspace/typescript/hapsland-243/node_modules/@typescript/typescript-linux-arm64/lib/lib.es2022.d.ts
@hapsland/runtime-environment:build: /workspace/typescript/hapsland-243/node_modules/@typescript/typescript-linux-arm64/lib/lib.es2023.d.ts
@hapsland/runtime-environment:build: /workspace/typescript/hapsland-243/node_modules/@typescript/typescript-linux-arm64/lib/lib.es2024.d.ts
@hapsland/runtime-environment:build: /workspace/typescript/hapsland-243/node_modules/@typescript/typescript-linux-arm64/lib/lib.es2025.d.ts
@hapsland/runtime-environment:build: /workspace/typescript/hapsland-243/node_modules/@typescript/typescript-linux-arm64/lib/lib.esnext.d.ts
@hapsland/runtime-environment:build: /workspace/typescript/hapsland-243/node_modules/@typescript/typescript-linux-arm64/lib/lib.es2015.core.d.ts
@hapsland/runtime-environment:build: /workspace/typescript/hapsland-243/node_modules/@typescript/typescript-linux-arm64/lib/lib.es2015.collection.d.ts
@hapsland/runtime-environment:build: /workspace/typescript/hapsland-243/node_modules/@typescript/typescript-linux-arm64/lib/lib.es2015.generator.d.ts
@hapsland/runtime-environment:build: /workspace/typescript/hapsland-243/node_modules/@typescript/typescript-linux-arm64/lib/lib.es2015.iterable.d.ts
@hapsland/runtime-environment:build: /workspace/typescript/hapsland-243/node_modules/@typescript/typescript-linux-arm64/lib/lib.es2015.promise.d.ts
@hapsland/runtime-environment:build: /workspace/typescript/hapsland-243/node_modules/@typescript/typescript-linux-arm64/lib/lib.es2015.proxy.d.ts
@hapsland/runtime-environment:build: /workspace/typescript/hapsland-243/node_modules/@typescript/typescript-linux-arm64/lib/lib.es2015.reflect.d.ts
@hapsland/runtime-environment:build: /workspace/typescript/hapsland-243/node_modules/@typescript/typescript-linux-arm64/lib/lib.es2015.symbol.d.ts
@hapsland/runtime-environment:build: /workspace/typescript/hapsland-243/node_modules/@typescript/typescript-linux-arm64/lib/lib.es2015.symbol.wellknown.d.ts
@hapsland/runtime-environment:build: /workspace/typescript/hapsland-243/node_modules/@typescript/typescript-linux-arm64/lib/lib.es2016.array.include.d.ts
@hapsland/runtime-environment:build: /workspace/typescript/hapsland-243/node_modules/@typescript/typescript-linux-arm64/lib/lib.es2016.intl.d.ts
@hapsland/runtime-environment:build: /workspace/typescript/hapsland-243/node_modules/@typescript/typescript-linux-arm64/lib/lib.es2017.arraybuffer.d.ts
@hapsland/runtime-environment:build: /workspace/typescript/hapsland-243/node_modules/@typescript/typescript-linux-arm64/lib/lib.es2017.date.d.ts
@hapsland/runtime-environment:build: /workspace/typescript/hapsland-243/node_modules/@typescript/typescript-linux-arm64/lib/lib.es2017.object.d.ts
@hapsland/runtime-environment:build: /workspace/typescript/hapsland-243/node_modules/@typescript/typescript-linux-arm64/lib/lib.es2017.sharedmemory.d.ts
@hapsland/runtime-environment:build: /workspace/typescript/hapsland-243/node_modules/@typescript/typescript-linux-arm64/lib/lib.es2017.string.d.ts
@hapsland/runtime-environment:build: /workspace/typescript/hapsland-243/node_modules/@typescript/typescript-linux-arm64/lib/lib.es2017.intl.d.ts
@hapsland/runtime-environment:build: /workspace/typescript/hapsland-243/node_modules/@typescript/typescript-linux-arm64/lib/lib.es2017.typedarrays.d.ts
@hapsland/runtime-environment:build: /workspace/typescript/hapsland-243/node_modules/@typescript/typescript-linux-arm64/lib/lib.es2018.asyncgenerator.d.ts
@hapsland/runtime-environment:build: /workspace/typescript/hapsland-243/node_modules/@typescript/typescript-linux-arm64/lib/lib.es2018.asynciterable.d.ts
@hapsland/runtime-environment:build: /workspace/typescript/hapsland-243/node_modules/@typescript/typescript-linux-arm64/lib/lib.es2018.intl.d.ts
@hapsland/runtime-environment:build: /workspace/typescript/hapsland-243/node_modules/@typescript/typescript-linux-arm64/lib/lib.es2018.promise.d.ts
@hapsland/runtime-environment:build: /workspace/typescript/hapsland-243/node_modules/@typescript/typescript-linux-arm64/lib/lib.es2018.regexp.d.ts
@hapsland/runtime-environment:build: /workspace/typescript/hapsland-243/node_modules/@typescript/typescript-linux-arm64/lib/lib.es2019.array.d.ts
@hapsland/runtime-environment:build: /workspace/typescript/hapsland-243/node_modules/@typescript/typescript-linux-arm64/lib/lib.es2019.object.d.ts
@hapsland/runtime-environment:build: /workspace/typescript/hapsland-243/node_modules/@typescript/typescript-linux-arm64/lib/lib.es2019.string.d.ts
@hapsland/runtime-environment:build: /workspace/typescript/hapsland-243/node_modules/@typescript/typescript-linux-arm64/lib/lib.es2019.symbol.d.ts
@hapsland/runtime-environment:build: /workspace/typescript/hapsland-243/node_modules/@typescript/typescript-linux-arm64/lib/lib.es2019.intl.d.ts
@hapsland/runtime-environment:build: /workspace/typescript/hapsland-243/node_modules/@typescript/typescript-linux-arm64/lib/lib.es2020.bigint.d.ts
@hapsland/runtime-environment:build: /workspace/typescript/hapsland-243/node_modules/@typescript/typescript-linux-arm64/lib/lib.es2020.date.d.ts
@hapsland/runtime-environment:build: /workspace/typescript/hapsland-243/node_modules/@typescript/typescript-linux-arm64/lib/lib.es2020.promise.d.ts
@hapsland/runtime-environment:build: /workspace/typescript/hapsland-243/node_modules/@typescript/typescript-linux-arm64/lib/lib.es2020.sharedmemory.d.ts
@hapsland/runtime-environment:build: /workspace/typescript/hapsland-243/node_modules/@typescript/typescript-linux-arm64/lib/lib.es2020.string.d.ts
@hapsland/runtime-environment:build: /workspace/typescript/hapsland-243/node_modules/@typescript/typescript-linux-arm64/lib/lib.es2020.symbol.wellknown.d.ts
@hapsland/runtime-environment:build: /workspace/typescript/hapsland-243/node_modules/@typescript/typescript-linux-arm64/lib/lib.es2020.intl.d.ts
@hapsland/runtime-environment:build: /workspace/typescript/hapsland-243/node_modules/@typescript/typescript-linux-arm64/lib/lib.es2020.number.d.ts
@hapsland/runtime-environment:build: /workspace/typescript/hapsland-243/node_modules/@typescript/typescript-linux-arm64/lib/lib.es2021.promise.d.ts
@hapsland/runtime-environment:build: /workspace/typescript/hapsland-243/node_modules/@typescript/typescript-linux-arm64/lib/lib.es2021.string.d.ts
@hapsland/runtime-environment:build: /workspace/typescript/hapsland-243/node_modules/@typescript/typescript-linux-arm64/lib/lib.es2021.weakref.d.ts
@hapsland/runtime-environment:build: /workspace/typescript/hapsland-243/node_modules/@typescript/typescript-linux-arm64/lib/lib.es2021.intl.d.ts
@hapsland/runtime-environment:build: /workspace/typescript/hapsland-243/node_modules/@typescript/typescript-linux-arm64/lib/lib.es2022.array.d.ts
@hapsland/runtime-environment:build: /workspace/typescript/hapsland-243/node_modules/@typescript/typescript-linux-arm64/lib/lib.es2022.error.d.ts
@hapsland/runtime-environment:build: /workspace/typescript/hapsland-243/node_modules/@typescript/typescript-linux-arm64/lib/lib.es2022.intl.d.ts
@hapsland/runtime-environment:build: /workspace/typescript/hapsland-243/node_modules/@typescript/typescript-linux-arm64/lib/lib.es2022.object.d.ts
@hapsland/runtime-environment:build: /workspace/typescript/hapsland-243/node_modules/@typescript/typescript-linux-arm64/lib/lib.es2022.string.d.ts
@hapsland/runtime-environment:build: /workspace/typescript/hapsland-243/node_modules/@typescript/typescript-linux-arm64/lib/lib.es2022.regexp.d.ts
@hapsland/runtime-environment:build: /workspace/typescript/hapsland-243/node_modules/@typescript/typescript-linux-arm64/lib/lib.es2023.array.d.ts
@hapsland/runtime-environment:build: /workspace/typescript/hapsland-243/node_modules/@typescript/typescript-linux-arm64/lib/lib.es2023.collection.d.ts
@hapsland/runtime-environment:build: /workspace/typescript/hapsland-243/node_modules/@typescript/typescript-linux-arm64/lib/lib.es2023.intl.d.ts
@hapsland/runtime-environment:build: /workspace/typescript/hapsland-243/node_modules/@typescript/typescript-linux-arm64/lib/lib.es2024.arraybuffer.d.ts
@hapsland/runtime-environment:build: /workspace/typescript/hapsland-243/node_modules/@typescript/typescript-linux-arm64/lib/lib.es2024.collection.d.ts
@hapsland/runtime-environment:build: /workspace/typescript/hapsland-243/node_modules/@typescript/typescript-linux-arm64/lib/lib.es2024.object.d.ts
@hapsland/runtime-environment:build: /workspace/typescript/hapsland-243/node_modules/@typescript/typescript-linux-arm64/lib/lib.es2024.promise.d.ts
@hapsland/runtime-environment:build: /workspace/typescript/hapsland-243/node_modules/@typescript/typescript-linux-arm64/lib/lib.es2024.regexp.d.ts
@hapsland/runtime-environment:build: /workspace/typescript/hapsland-243/node_modules/@typescript/typescript-linux-arm64/lib/lib.es2024.sharedmemory.d.ts
@hapsland/runtime-environment:build: /workspace/typescript/hapsland-243/node_modules/@typescript/typescript-linux-arm64/lib/lib.es2024.string.d.ts
@hapsland/runtime-environment:build: /workspace/typescript/hapsland-243/node_modules/@typescript/typescript-linux-arm64/lib/lib.es2025.collection.d.ts
@hapsland/runtime-environment:build: /workspace/typescript/hapsland-243/node_modules/@typescript/typescript-linux-arm64/lib/lib.es2025.float16.d.ts
@hapsland/runtime-environment:build: /workspace/typescript/hapsland-243/node_modules/@typescript/typescript-linux-arm64/lib/lib.es2025.intl.d.ts
@hapsland/runtime-environment:build: /workspace/typescript/hapsland-243/node_modules/@typescript/typescript-linux-arm64/lib/lib.es2025.iterator.d.ts
@hapsland/runtime-environment:build: /workspace/typescript/hapsland-243/node_modules/@typescript/typescript-linux-arm64/lib/lib.es2025.promise.d.ts
@hapsland/runtime-environment:build: /workspace/typescript/hapsland-243/node_modules/@typescript/typescript-linux-arm64/lib/lib.es2025.regexp.d.ts
@hapsland/runtime-environment:build: /workspace/typescript/hapsland-243/node_modules/@typescript/typescript-linux-arm64/lib/lib.esnext.array.d.ts
@hapsland/runtime-environment:build: /workspace/typescript/hapsland-243/node_modules/@typescript/typescript-linux-arm64/lib/lib.esnext.collection.d.ts
@hapsland/runtime-environment:build: /workspace/typescript/hapsland-243/node_modules/@typescript/typescript-linux-arm64/lib/lib.esnext.date.d.ts
@hapsland/runtime-environment:build: /workspace/typescript/hapsland-243/node_modules/@typescript/typescript-linux-arm64/lib/lib.esnext.decorators.d.ts
@hapsland/runtime-environment:build: /workspace/typescript/hapsland-243/node_modules/@typescript/typescript-linux-arm64/lib/lib.esnext.disposable.d.ts
@hapsland/runtime-environment:build: /workspace/typescript/hapsland-243/node_modules/@typescript/typescript-linux-arm64/lib/lib.esnext.error.d.ts
@hapsland/runtime-environment:build: /workspace/typescript/hapsland-243/node_modules/@typescript/typescript-linux-arm64/lib/lib.esnext.intl.d.ts
@hapsland/runtime-environment:build: /workspace/typescript/hapsland-243/node_modules/@typescript/typescript-linux-arm64/lib/lib.esnext.sharedmemory.d.ts
@hapsland/runtime-environment:build: /workspace/typescript/hapsland-243/node_modules/@typescript/typescript-linux-arm64/lib/lib.esnext.temporal.d.ts
@hapsland/runtime-environment:build: /workspace/typescript/hapsland-243/node_modules/@typescript/typescript-linux-arm64/lib/lib.esnext.typedarrays.d.ts
@hapsland/runtime-environment:build: /workspace/typescript/hapsland-243/node_modules/@typescript/typescript-linux-arm64/lib/lib.decorators.d.ts
@hapsland/runtime-environment:build: /workspace/typescript/hapsland-243/node_modules/@typescript/typescript-linux-arm64/lib/lib.decorators.legacy.d.ts
@hapsland/runtime-environment:build: /workspace/typescript/hapsland-243/node_modules/effect/dist/Types.d.ts
@hapsland/runtime-environment:build: /workspace/typescript/hapsland-243/node_modules/effect/dist/HKT.d.ts
@hapsland/runtime-environment:build: /workspace/typescript/hapsland-243/node_modules/effect/dist/Function.d.ts
@hapsland/runtime-environment:build: /workspace/typescript/hapsland-243/node_modules/effect/dist/Ordering.d.ts
@hapsland/runtime-environment:build: /workspace/typescript/hapsland-243/node_modules/effect/dist/Order.d.ts
@hapsland/runtime-environment:build: /workspace/typescript/hapsland-243/node_modules/effect/dist/Combiner.d.ts
@hapsland/runtime-environment:build: /workspace/typescript/hapsland-243/node_modules/effect/dist/Reducer.d.ts
@hapsland/runtime-environment:build: /workspace/typescript/hapsland-243/node_modules/effect/dist/Equivalence.d.ts
@hapsland/runtime-environment:build: /workspace/typescript/hapsland-243/node_modules/effect/dist/Predicate.d.ts
@hapsland/runtime-environment:build: /workspace/typescript/hapsland-243/node_modules/effect/dist/Inspectable.d.ts
@hapsland/runtime-environment:build: /workspace/typescript/hapsland-243/node_modules/effect/dist/Pipeable.d.ts
@hapsland/runtime-environment:build: /workspace/typescript/hapsland-243/node_modules/effect/dist/Unify.d.ts
@hapsland/runtime-environment:build: /workspace/typescript/hapsland-243/node_modules/effect/dist/Utils.d.ts
@hapsland/runtime-environment:build: /workspace/typescript/hapsland-243/node_modules/effect/dist/Result.d.ts
@hapsland/runtime-environment:build: /workspace/typescript/hapsland-243/node_modules/effect/dist/Filter.d.ts
@hapsland/runtime-environment:build: /workspace/typescript/hapsland-243/node_modules/effect/dist/Option.d.ts
@hapsland/runtime-environment:build: /workspace/typescript/hapsland-243/node_modules/effect/dist/Record.d.ts
@hapsland/runtime-environment:build: /workspace/typescript/hapsland-243/node_modules/effect/dist/Array.d.ts
@hapsland/runtime-environment:build: /workspace/typescript/hapsland-243/node_modules/effect/dist/Hash.d.ts
@hapsland/runtime-environment:build: /workspace/typescript/hapsland-243/node_modules/effect/dist/Equal.d.ts
@hapsland/runtime-environment:build: /workspace/typescript/hapsland-243/node_modules/effect/dist/Context.d.ts
@hapsland/runtime-environment:build: /workspace/typescript/hapsland-243/node_modules/effect/dist/Exit.d.ts
@hapsland/runtime-environment:build: /workspace/typescript/hapsland-243/node_modules/effect/dist/LogLevel.d.ts
@hapsland/runtime-environment:build: /workspace/typescript/hapsland-243/node_modules/effect/dist/Duration.d.ts
@hapsland/runtime-environment:build: /workspace/typescript/hapsland-243/node_modules/effect/dist/NonEmptyIterable.d.ts
@hapsland/runtime-environment:build: /workspace/typescript/hapsland-243/node_modules/effect/dist/Chunk.d.ts
@hapsland/runtime-environment:build: /workspace/typescript/hapsland-243/node_modules/effect/dist/Deferred.d.ts
@hapsland/runtime-environment:build: /workspace/typescript/hapsland-243/node_modules/effect/dist/Latch.d.ts
@hapsland/runtime-environment:build: /workspace/typescript/hapsland-243/node_modules/effect/dist/MutableList.d.ts
@hapsland/runtime-environment:build: /workspace/typescript/hapsland-243/node_modules/effect/dist/MutableRef.d.ts
@hapsland/runtime-environment:build: /workspace/typescript/hapsland-243/node_modules/effect/dist/Scope.d.ts
@hapsland/runtime-environment:build: /workspace/typescript/hapsland-243/node_modules/effect/dist/PubSub.d.ts
@hapsland/runtime-environment:build: /workspace/typescript/hapsland-243/node_modules/effect/dist/Pull.d.ts
@hapsland/runtime-environment:build: /workspace/typescript/hapsland-243/node_modules/effect/dist/Scheduler.d.ts
@hapsland/runtime-environment:build: /workspace/typescript/hapsland-243/node_modules/effect/dist/Queue.d.ts
@hapsland/runtime-environment:build: /workspace/typescript/hapsland-243/node_modules/effect/dist/DateTime.d.ts
@hapsland/runtime-environment:build: /workspace/typescript/hapsland-243/node_modules/effect/dist/Cron.d.ts
@hapsland/runtime-environment:build: /workspace/typescript/hapsland-243/node_modules/effect/dist/Schedule.d.ts
@hapsland/runtime-environment:build: /workspace/typescript/hapsland-243/node_modules/effect/dist/Take.d.ts
@hapsland/runtime-environment:build: /workspace/typescript/hapsland-243/node_modules/effect/dist/Tracer.d.ts
@hapsland/runtime-environment:build: /workspace/typescript/hapsland-243/node_modules/effect/dist/Channel.d.ts
@hapsland/runtime-environment:build: /workspace/typescript/hapsland-243/node_modules/effect/dist/BigDecimal.d.ts
@hapsland/runtime-environment:build: /workspace/typescript/hapsland-243/node_modules/effect/dist/Differ.d.ts
@hapsland/runtime-environment:build: /workspace/typescript/hapsland-243/node_modules/effect/dist/Formatter.d.ts
@hapsland/runtime-environment:build: /workspace/typescript/hapsland-243/node_modules/effect/dist/Graph.d.ts
@hapsland/runtime-environment:build: /workspace/typescript/hapsland-243/node_modules/effect/dist/HashMap.d.ts
@hapsland/runtime-environment:build: /workspace/typescript/hapsland-243/node_modules/effect/dist/HashSet.d.ts
@hapsland/runtime-environment:build: /workspace/typescript/hapsland-243/node_modules/effect/dist/Data.d.ts
@hapsland/runtime-environment:build: /workspace/typescript/hapsland-243/node_modules/effect/dist/http/Cookies.d.ts
@hapsland/runtime-environment:build: /workspace/typescript/hapsland-243/node_modules/effect/dist/Redactable.d.ts
@hapsland/runtime-environment:build: /workspace/typescript/hapsland-243/node_modules/effect/dist/Redacted.d.ts
@hapsland/runtime-environment:build: /workspace/typescript/hapsland-243/node_modules/effect/dist/http/Headers.d.ts
@hapsland/runtime-environment:build: /workspace/typescript/hapsland-243/node_modules/effect/dist/http/UrlParams.d.ts
@hapsland/runtime-environment:build: /workspace/typescript/hapsland-243/node_modules/effect/dist/internal/schemaError.d.ts
@hapsland/runtime-environment:build: /workspace/typescript/hapsland-243/node_modules/effect/dist/JsonPatch.d.ts
@hapsland/runtime-environment:build: /workspace/typescript/hapsland-243/node_modules/effect/dist/JsonSchema.d.ts
@hapsland/runtime-environment:build: /workspace/typescript/hapsland-243/node_modules/effect/dist/net/NetAddress.d.ts
@hapsland/runtime-environment:build: /workspace/typescript/hapsland-243/node_modules/effect/dist/net/IpInterface.d.ts
@hapsland/runtime-environment:build: /workspace/typescript/hapsland-243/node_modules/effect/dist/net/IpNetwork.d.ts
@hapsland/runtime-environment:build: /workspace/typescript/hapsland-243/node_modules/effect/dist/StandardSchema.d.ts
@hapsland/runtime-environment:build: /workspace/typescript/hapsland-243/node_modules/effect/dist/SchemaIssue.d.ts
@hapsland/runtime-environment:build: /workspace/typescript/hapsland-243/node_modules/effect/dist/SchemaGetter.d.ts
@hapsland/runtime-environment:build: /workspace/typescript/hapsland-243/node_modules/effect/dist/SchemaTransformation.d.ts
@hapsland/runtime-environment:build: /workspace/typescript/hapsland-243/node_modules/effect/dist/SchemaAST.d.ts
@hapsland/runtime-environment:build: /workspace/typescript/hapsland-243/node_modules/effect/dist/Optic.d.ts
@hapsland/runtime-environment:build: /workspace/typescript/hapsland-243/node_modules/effect/dist/SchemaParser.d.ts
@hapsland/runtime-environment:build: /workspace/typescript/hapsland-243/node_modules/effect/dist/SchemaRepresentation.d.ts
@hapsland/runtime-environment:build: /workspace/typescript/hapsland-243/node_modules/effect/dist/Struct.d.ts
@hapsland/runtime-environment:build: /workspace/typescript/hapsland-243/node_modules/effect/dist/Schema.d.ts
@hapsland/runtime-environment:build: /workspace/typescript/hapsland-243/node_modules/effect/dist/Brand.d.ts
@hapsland/runtime-environment:build: /workspace/typescript/hapsland-243/node_modules/effect/dist/ByteSize.d.ts
@hapsland/runtime-environment:build: /workspace/typescript/hapsland-243/node_modules/effect/dist/ExecutionPlan.d.ts
@hapsland/runtime-environment:build: /workspace/typescript/hapsland-243/node_modules/effect/dist/Sink.d.ts
@hapsland/runtime-environment:build: /workspace/typescript/hapsland-243/node_modules/effect/dist/Stream.d.ts
@hapsland/runtime-environment:build: /workspace/typescript/hapsland-243/node_modules/effect/dist/Layer.d.ts
@hapsland/runtime-environment:build: /workspace/typescript/hapsland-243/node_modules/effect/dist/Metric.d.ts
@hapsland/runtime-environment:build: /workspace/typescript/hapsland-243/node_modules/effect/dist/PlatformError.d.ts
@hapsland/runtime-environment:build: /workspace/typescript/hapsland-243/node_modules/effect/dist/FileSystem.d.ts
@hapsland/runtime-environment:build: /workspace/typescript/hapsland-243/node_modules/effect/dist/Logger.d.ts
@hapsland/runtime-environment:build: /workspace/typescript/hapsland-243/node_modules/effect/dist/References.d.ts
@hapsland/runtime-environment:build: /workspace/typescript/hapsland-243/node_modules/effect/dist/Fiber.d.ts
@hapsland/runtime-environment:build: /workspace/typescript/hapsland-243/node_modules/effect/dist/Cause.d.ts
@hapsland/runtime-environment:build: /workspace/typescript/hapsland-243/node_modules/effect/dist/Clock.d.ts
@hapsland/runtime-environment:build: /workspace/typescript/hapsland-243/node_modules/effect/dist/Request.d.ts
@hapsland/runtime-environment:build: /workspace/typescript/hapsland-243/node_modules/effect/dist/MutableHashMap.d.ts
@hapsland/runtime-environment:build: /workspace/typescript/hapsland-243/node_modules/effect/dist/Cache.d.ts
@hapsland/runtime-environment:build: /workspace/typescript/hapsland-243/node_modules/effect/dist/PrimaryKey.d.ts
@hapsland/runtime-environment:build: /workspace/typescript/hapsland-243/node_modules/effect/dist/reactivity/Reactivity.d.ts
@hapsland/runtime-environment:build: /workspace/typescript/hapsland-243/node_modules/effect/dist/Semaphore.d.ts
@hapsland/runtime-environment:build: /workspace/typescript/hapsland-243/node_modules/effect/dist/sql/SqlError.d.ts
@hapsland/runtime-environment:build: /workspace/typescript/hapsland-243/node_modules/effect/dist/sql/SqlConnection.d.ts
@hapsland/runtime-environment:build: /workspace/typescript/hapsland-243/node_modules/effect/dist/sql/Statement.d.ts
@hapsland/runtime-environment:build: /workspace/typescript/hapsland-243/node_modules/effect/dist/sql/SqlClient.d.ts
@hapsland/runtime-environment:build: /workspace/typescript/hapsland-243/node_modules/effect/dist/Path.d.ts
@hapsland/runtime-environment:build: /workspace/typescript/hapsland-243/node_modules/effect/dist/persistence/KeyValueStore.d.ts
@hapsland/runtime-environment:build: /workspace/typescript/hapsland-243/node_modules/effect/dist/persistence/Redis.d.ts
@hapsland/runtime-environment:build: /workspace/typescript/hapsland-243/node_modules/effect/dist/persistence/Persistence.d.ts
@hapsland/runtime-environment:build: /workspace/typescript/hapsland-243/node_modules/effect/dist/persistence/Persistable.d.ts
@hapsland/runtime-environment:build: /workspace/typescript/hapsland-243/node_modules/effect/dist/RequestResolver.d.ts
@hapsland/runtime-environment:build: /workspace/typescript/hapsland-243/node_modules/effect/dist/TxRef.d.ts
@hapsland/runtime-environment:build: /workspace/typescript/hapsland-243/node_modules/effect/dist/Effect.d.ts
@hapsland/runtime-environment:build: /workspace/typescript/hapsland-243/packages/runtime-environment/src/process/closed-stdin.ts
@hapsland/runtime-environment:build: /workspace/typescript/hapsland-243/packages/runtime-environment/src/runtime/agent-clients.ts
@hapsland/runtime-environment:build: /workspace/typescript/hapsland-243/node_modules/effect/dist/ConfigProvider.d.ts
@hapsland/runtime-environment:build: /workspace/typescript/hapsland-243/node_modules/effect/dist/Config.d.ts
@hapsland/runtime-environment:build: /workspace/typescript/hapsland-243/node_modules/effect/dist/Runtime.d.ts
@hapsland/runtime-environment:build: /workspace/typescript/hapsland-243/node_modules/effect/dist/cli/CliError.d.ts
@hapsland/runtime-environment:build: /workspace/typescript/hapsland-243/node_modules/effect/dist/process/ChildProcess.d.ts
@hapsland/runtime-environment:build: /workspace/typescript/hapsland-243/node_modules/effect/dist/process/ChildProcessSpawner.d.ts
@hapsland/runtime-environment:build: /workspace/typescript/hapsland-243/node_modules/effect/dist/Stdio.d.ts
@hapsland/runtime-environment:build: /workspace/typescript/hapsland-243/node_modules/effect/dist/Terminal.d.ts
@hapsland/runtime-environment:build: /workspace/typescript/hapsland-243/node_modules/effect/dist/cli/GlobalFlag.d.ts
@hapsland/runtime-environment:build: /workspace/typescript/hapsland-243/node_modules/effect/dist/cli/HelpDoc.d.ts
@hapsland/runtime-environment:build: /workspace/typescript/hapsland-243/node_modules/effect/dist/cli/Primitive.d.ts
@hapsland/runtime-environment:build: /workspace/typescript/hapsland-243/node_modules/effect/dist/cli/Prompt.d.ts
@hapsland/runtime-environment:build: /workspace/typescript/hapsland-243/node_modules/effect/dist/cli/Param.d.ts
@hapsland/runtime-environment:build: /workspace/typescript/hapsland-243/node_modules/effect/dist/cli/internal/config.d.ts
@hapsland/runtime-environment:build: /workspace/typescript/hapsland-243/node_modules/effect/dist/cli/internal/command.d.ts
@hapsland/runtime-environment:build: /workspace/typescript/hapsland-243/node_modules/effect/dist/cli/Command.d.ts
@hapsland/runtime-environment:build: /workspace/typescript/hapsland-243/node_modules/effect/dist/cli/Flag.d.ts
@hapsland/runtime-environment:build: /workspace/typescript/hapsland-243/packages/runtime-environment/src/runtime/argument-flags.ts
@hapsland/runtime-environment:build: /workspace/typescript/hapsland-243/packages/runtime-environment/src/runtime/backend.ts
@hapsland/runtime-environment:build: /workspace/typescript/hapsland-243/packages/runtime-environment/src/runtime/release-identity.generated.ts
@hapsland/runtime-environment:build: /workspace/typescript/hapsland-243/packages/runtime-environment/src/runtime/bun-runtime.ts
@hapsland/runtime-environment:build: /workspace/typescript/hapsland-243/packages/runtime-environment/src/runtime/cli-information.ts
@hapsland/runtime-environment:build: /workspace/typescript/hapsland-243/packages/runtime-environment/src/runtime/cli-names.ts
@hapsland/runtime-environment:build: /workspace/typescript/hapsland-243/packages/runtime-environment/src/runtime/hook-catalog.ts
@hapsland/runtime-environment:build: /workspace/typescript/hapsland-243/packages/runtime-environment/src/runtime/hook-invocation.ts
@hapsland/runtime-environment:build: /workspace/typescript/hapsland-243/packages/runtime-environment/src/runtime/machine-clock.ts
@hapsland/runtime-environment:build: /workspace/typescript/hapsland-243/packages/runtime-environment/src/runtime/source-runtime-layout.ts
@hapsland/runtime-environment:build: /workspace/typescript/hapsland-243/packages/runtime-environment/src/runtime/package-runtime.ts
@hapsland/runtime-environment:build: /workspace/typescript/hapsland-243/packages/runtime-environment/src/runtime/review-engine-boundary.ts
@hapsland/runtime-environment:build: /workspace/typescript/hapsland-243/packages/runtime-environment/src/runtime/user-paths.ts
@hapsland/runtime-environment:build: /workspace/typescript/hapsland-243/node_modules/undici-types/utility.d.ts
@hapsland/runtime-environment:build: /workspace/typescript/hapsland-243/node_modules/undici-types/header.d.ts
@hapsland/runtime-environment:build: /workspace/typescript/hapsland-243/node_modules/undici-types/readable.d.ts
@hapsland/runtime-environment:build: /workspace/typescript/hapsland-243/node_modules/@types/node/globals.typedarray.d.ts
@hapsland/runtime-environment:build: /workspace/typescript/hapsland-243/node_modules/@types/node/buffer.buffer.d.ts
@hapsland/runtime-environment:build: /workspace/typescript/hapsland-243/node_modules/@types/node/globals.d.ts
@hapsland/runtime-environment:build: /workspace/typescript/hapsland-243/node_modules/@types/node/web-globals/abortcontroller.d.ts
@hapsland/runtime-environment:build: /workspace/typescript/hapsland-243/node_modules/@types/node/web-globals/blob.d.ts
@hapsland/runtime-environment:build: /workspace/typescript/hapsland-243/node_modules/@types/node/web-globals/console.d.ts
@hapsland/runtime-environment:build: /workspace/typescript/hapsland-243/node_modules/@types/node/web-globals/crypto.d.ts
@hapsland/runtime-environment:build: /workspace/typescript/hapsland-243/node_modules/@types/node/web-globals/domexception.d.ts
@hapsland/runtime-environment:build: /workspace/typescript/hapsland-243/node_modules/@types/node/web-globals/encoding.d.ts
@hapsland/runtime-environment:build: /workspace/typescript/hapsland-243/node_modules/@types/node/web-globals/events.d.ts
@hapsland/runtime-environment:build: /workspace/typescript/hapsland-243/node_modules/@types/node/web-globals/fetch.d.ts
@hapsland/runtime-environment:build: /workspace/typescript/hapsland-243/node_modules/@types/node/web-globals/importmeta.d.ts
@hapsland/runtime-environment:build: /workspace/typescript/hapsland-243/node_modules/@types/node/web-globals/messaging.d.ts
@hapsland/runtime-environment:build: /workspace/typescript/hapsland-243/node_modules/@types/node/web-globals/navigator.d.ts
@hapsland/runtime-environment:build: /workspace/typescript/hapsland-243/node_modules/@types/node/web-globals/performance.d.ts
@hapsland/runtime-environment:build: /workspace/typescript/hapsland-243/node_modules/@types/node/web-globals/storage.d.ts
@hapsland/runtime-environment:build: /workspace/typescript/hapsland-243/node_modules/@types/node/web-globals/streams.d.ts
@hapsland/runtime-environment:build: /workspace/typescript/hapsland-243/node_modules/@types/node/web-globals/timers.d.ts
@hapsland/runtime-environment:build: /workspace/typescript/hapsland-243/node_modules/@types/node/web-globals/url.d.ts
@hapsland/runtime-environment:build: /workspace/typescript/hapsland-243/node_modules/@types/node/assert.d.ts
@hapsland/runtime-environment:build: /workspace/typescript/hapsland-243/node_modules/@types/node/assert/strict.d.ts
@hapsland/runtime-environment:build: /workspace/typescript/hapsland-243/node_modules/@types/node/async_hooks.d.ts
@hapsland/runtime-environment:build: /workspace/typescript/hapsland-243/node_modules/@types/node/buffer.d.ts
@hapsland/runtime-environment:build: /workspace/typescript/hapsland-243/node_modules/@types/node/child_process.d.ts
@hapsland/runtime-environment:build: /workspace/typescript/hapsland-243/node_modules/@types/node/cluster.d.ts
@hapsland/runtime-environment:build: /workspace/typescript/hapsland-243/node_modules/@types/node/console.d.ts
@hapsland/runtime-environment:build: /workspace/typescript/hapsland-243/node_modules/@types/node/constants.d.ts
@hapsland/runtime-environment:build: /workspace/typescript/hapsland-243/node_modules/@types/node/crypto.d.ts
@hapsland/runtime-environment:build: /workspace/typescript/hapsland-243/node_modules/@types/node/dgram.d.ts
@hapsland/runtime-environment:build: /workspace/typescript/hapsland-243/node_modules/@types/node/diagnostics_channel.d.ts
@hapsland/runtime-environment:build: /workspace/typescript/hapsland-243/node_modules/@types/node/dns.d.ts
@hapsland/runtime-environment:build: /workspace/typescript/hapsland-243/node_modules/@types/node/dns/promises.d.ts
@hapsland/runtime-environment:build: /workspace/typescript/hapsland-243/node_modules/@types/node/domain.d.ts
@hapsland/runtime-environment:build: /workspace/typescript/hapsland-243/node_modules/@types/node/events.d.ts
@hapsland/runtime-environment:build: /workspace/typescript/hapsland-243/node_modules/@types/node/ffi.d.ts
@hapsland/runtime-environment:build: /workspace/typescript/hapsland-243/node_modules/@types/node/fs.d.ts
@hapsland/runtime-environment:build: /workspace/typescript/hapsland-243/node_modules/@types/node/fs/promises.d.ts
@hapsland/runtime-environment:build: /workspace/typescript/hapsland-243/node_modules/@types/node/http.d.ts
@hapsland/runtime-environment:build: /workspace/typescript/hapsland-243/node_modules/@types/node/http2.d.ts
@hapsland/runtime-environment:build: /workspace/typescript/hapsland-243/node_modules/@types/node/https.d.ts
@hapsland/runtime-environment:build: /workspace/typescript/hapsland-243/node_modules/@types/node/inspector.d.ts
@hapsland/runtime-environment:build: /workspace/typescript/hapsland-243/node_modules/@types/node/inspector.generated.d.ts
@hapsland/runtime-environment:build: /workspace/typescript/hapsland-243/node_modules/@types/node/inspector/promises.d.ts
@hapsland/runtime-environment:build: /workspace/typescript/hapsland-243/node_modules/@types/node/module.d.ts
@hapsland/runtime-environment:build: /workspace/typescript/hapsland-243/node_modules/@types/node/net.d.ts
@hapsland/runtime-environment:build: /workspace/typescript/hapsland-243/node_modules/@types/node/os.d.ts
@hapsland/runtime-environment:build: /workspace/typescript/hapsland-243/node_modules/@types/node/path.d.ts
@hapsland/runtime-environment:build: /workspace/typescript/hapsland-243/node_modules/@types/node/path/posix.d.ts
@hapsland/runtime-environment:build: /workspace/typescript/hapsland-243/node_modules/@types/node/path/win32.d.ts
@hapsland/runtime-environment:build: /workspace/typescript/hapsland-243/node_modules/@types/node/perf_hooks.d.ts
@hapsland/runtime-environment:build: /workspace/typescript/hapsland-243/node_modules/@types/node/process.d.ts
@hapsland/runtime-environment:build: /workspace/typescript/hapsland-243/node_modules/@types/node/punycode.d.ts
@hapsland/runtime-environment:build: /workspace/typescript/hapsland-243/node_modules/@types/node/querystring.d.ts
@hapsland/runtime-environment:build: /workspace/typescript/hapsland-243/node_modules/@types/node/quic.d.ts
@hapsland/runtime-environment:build: /workspace/typescript/hapsland-243/node_modules/@types/node/readline.d.ts
@hapsland/runtime-environment:build: /workspace/typescript/hapsland-243/node_modules/@types/node/readline/promises.d.ts
@hapsland/runtime-environment:build: /workspace/typescript/hapsland-243/node_modules/@types/node/repl.d.ts
@hapsland/runtime-environment:build: /workspace/typescript/hapsland-243/node_modules/@types/node/sea.d.ts
@hapsland/runtime-environment:build: /workspace/typescript/hapsland-243/node_modules/@types/node/sqlite.d.ts
@hapsland/runtime-environment:build: /workspace/typescript/hapsland-243/node_modules/@types/node/stream.d.ts
@hapsland/runtime-environment:build: /workspace/typescript/hapsland-243/node_modules/@types/node/stream/consumers.d.ts
@hapsland/runtime-environment:build: /workspace/typescript/hapsland-243/node_modules/@types/node/stream/iter.d.ts
@hapsland/runtime-environment:build: /workspace/typescript/hapsland-243/node_modules/@types/node/stream/promises.d.ts
@hapsland/runtime-environment:build: /workspace/typescript/hapsland-243/node_modules/@types/node/stream/web.d.ts
@hapsland/runtime-environment:build: /workspace/typescript/hapsland-243/node_modules/@types/node/string_decoder.d.ts
@hapsland/runtime-environment:build: /workspace/typescript/hapsland-243/node_modules/@types/node/test.d.ts
@hapsland/runtime-environment:build: /workspace/typescript/hapsland-243/node_modules/@types/node/test/reporters.d.ts
@hapsland/runtime-environment:build: /workspace/typescript/hapsland-243/node_modules/@types/node/timers.d.ts
@hapsland/runtime-environment:build: /workspace/typescript/hapsland-243/node_modules/@types/node/timers/promises.d.ts
@hapsland/runtime-environment:build: /workspace/typescript/hapsland-243/node_modules/@types/node/tls.d.ts
@hapsland/runtime-environment:build: /workspace/typescript/hapsland-243/node_modules/@types/node/trace_events.d.ts
@hapsland/runtime-environment:build: /workspace/typescript/hapsland-243/node_modules/@types/node/tty.d.ts
@hapsland/runtime-environment:build: /workspace/typescript/hapsland-243/node_modules/@types/node/url.d.ts
@hapsland/runtime-environment:build: /workspace/typescript/hapsland-243/node_modules/@types/node/util.d.ts
@hapsland/runtime-environment:build: /workspace/typescript/hapsland-243/node_modules/@types/node/util/types.d.ts
@hapsland/runtime-environment:build: /workspace/typescript/hapsland-243/node_modules/@types/node/v8.d.ts
@hapsland/runtime-environment:build: /workspace/typescript/hapsland-243/node_modules/@types/node/vm.d.ts
@hapsland/runtime-environment:build: /workspace/typescript/hapsland-243/node_modules/@types/node/wasi.d.ts
@hapsland/runtime-environment:build: /workspace/typescript/hapsland-243/node_modules/@types/node/worker_threads.d.ts
@hapsland/runtime-environment:build: /workspace/typescript/hapsland-243/node_modules/@types/node/zlib.d.ts
@hapsland/runtime-environment:build: /workspace/typescript/hapsland-243/node_modules/@types/node/zlib/iter.d.ts
@hapsland/runtime-environment:build: /workspace/typescript/hapsland-243/node_modules/@types/node/index.d.ts
@hapsland/runtime-environment:build: /workspace/typescript/hapsland-243/node_modules/undici-types/fetch.d.ts
@hapsland/runtime-environment:build: /workspace/typescript/hapsland-243/node_modules/undici-types/formdata.d.ts
@hapsland/runtime-environment:build: /workspace/typescript/hapsland-243/node_modules/undici-types/connector.d.ts
@hapsland/runtime-environment:build: /workspace/typescript/hapsland-243/node_modules/undici-types/client-stats.d.ts
@hapsland/runtime-environment:build: /workspace/typescript/hapsland-243/node_modules/undici-types/client.d.ts
@hapsland/runtime-environment:build: /workspace/typescript/hapsland-243/node_modules/undici-types/errors.d.ts
@hapsland/runtime-environment:build: /workspace/typescript/hapsland-243/node_modules/undici-types/dispatcher.d.ts
@hapsland/runtime-environment:build: /workspace/typescript/hapsland-243/node_modules/undici-types/global-dispatcher.d.ts
@hapsland/runtime-environment:build: /workspace/typescript/hapsland-243/node_modules/undici-types/global-origin.d.ts
@hapsland/runtime-environment:build: /workspace/typescript/hapsland-243/node_modules/undici-types/pool-stats.d.ts
@hapsland/runtime-environment:build: /workspace/typescript/hapsland-243/node_modules/undici-types/pool.d.ts
@hapsland/runtime-environment:build: /workspace/typescript/hapsland-243/node_modules/undici-types/handlers.d.ts
@hapsland/runtime-environment:build: /workspace/typescript/hapsland-243/node_modules/undici-types/balanced-pool.d.ts
@hapsland/runtime-environment:build: /workspace/typescript/hapsland-243/node_modules/undici-types/round-robin-pool.d.ts
@hapsland/runtime-environment:build: /workspace/typescript/hapsland-243/node_modules/undici-types/h2c-client.d.ts
@hapsland/runtime-environment:build: /workspace/typescript/hapsland-243/node_modules/undici-types/agent.d.ts
@hapsland/runtime-environment:build: /workspace/typescript/hapsland-243/node_modules/undici-types/dispatcher1-wrapper.d.ts
@hapsland/runtime-environment:build: /workspace/typescript/hapsland-243/node_modules/undici-types/mock-interceptor.d.ts
@hapsland/runtime-environment:build: /workspace/typescript/hapsland-243/node_modules/undici-types/mock-call-history.d.ts
@hapsland/runtime-environment:build: /workspace/typescript/hapsland-243/node_modules/undici-types/mock-agent.d.ts
@hapsland/runtime-environment:build: /workspace/typescript/hapsland-243/node_modules/undici-types/mock-client.d.ts
@hapsland/runtime-environment:build: /workspace/typescript/hapsland-243/node_modules/undici-types/mock-pool.d.ts
@hapsland/runtime-environment:build: /workspace/typescript/hapsland-243/node_modules/undici-types/snapshot-agent.d.ts
@hapsland/runtime-environment:build: /workspace/typescript/hapsland-243/node_modules/undici-types/mock-errors.d.ts
@hapsland/runtime-environment:build: /workspace/typescript/hapsland-243/node_modules/undici-types/proxy-agent.d.ts
@hapsland/runtime-environment:build: /workspace/typescript/hapsland-243/node_modules/undici-types/socks5-proxy-agent.d.ts
@hapsland/runtime-environment:build: /workspace/typescript/hapsland-243/node_modules/undici-types/env-http-proxy-agent.d.ts
@hapsland/runtime-environment:build: /workspace/typescript/hapsland-243/node_modules/undici-types/retry-handler.d.ts
@hapsland/runtime-environment:build: /workspace/typescript/hapsland-243/node_modules/undici-types/retry-agent.d.ts
@hapsland/runtime-environment:build: /workspace/typescript/hapsland-243/node_modules/undici-types/api.d.ts
@hapsland/runtime-environment:build: /workspace/typescript/hapsland-243/node_modules/undici-types/cache-interceptor.d.ts
@hapsland/runtime-environment:build: /workspace/typescript/hapsland-243/node_modules/undici-types/interceptors.d.ts
@hapsland/runtime-environment:build: /workspace/typescript/hapsland-243/node_modules/undici-types/util.d.ts
@hapsland/runtime-environment:build: /workspace/typescript/hapsland-243/node_modules/undici-types/cookies.d.ts
@hapsland/runtime-environment:build: /workspace/typescript/hapsland-243/node_modules/undici-types/patch.d.ts
@hapsland/runtime-environment:build: /workspace/typescript/hapsland-243/node_modules/undici-types/websocket.d.ts
@hapsland/runtime-environment:build: /workspace/typescript/hapsland-243/node_modules/undici-types/eventsource.d.ts
@hapsland/runtime-environment:build: /workspace/typescript/hapsland-243/node_modules/undici-types/diagnostics-channel.d.ts
@hapsland/runtime-environment:build: /workspace/typescript/hapsland-243/node_modules/undici-types/content-type.d.ts
@hapsland/runtime-environment:build: /workspace/typescript/hapsland-243/node_modules/undici-types/cache.d.ts
@hapsland/runtime-environment:build: /workspace/typescript/hapsland-243/node_modules/undici-types/index.d.ts
@hapsland/runtime-environment:build: /workspace/typescript/hapsland-243/node_modules/bun-types/globals.d.ts
@hapsland/runtime-environment:build: /workspace/typescript/hapsland-243/node_modules/bun-types/s3.d.ts
@hapsland/runtime-environment:build: /workspace/typescript/hapsland-243/node_modules/bun-types/fetch.d.ts
@hapsland/runtime-environment:build: /workspace/typescript/hapsland-243/node_modules/bun-types/jsx.d.ts
@hapsland/runtime-environment:build: /workspace/typescript/hapsland-243/node_modules/bun-types/bun.d.ts
@hapsland/runtime-environment:build: /workspace/typescript/hapsland-243/node_modules/bun-types/extensions.d.ts
@hapsland/runtime-environment:build: /workspace/typescript/hapsland-243/node_modules/bun-types/devserver.d.ts
@hapsland/runtime-environment:build: /workspace/typescript/hapsland-243/node_modules/bun-types/ffi.d.ts
@hapsland/runtime-environment:build: /workspace/typescript/hapsland-243/node_modules/bun-types/html-rewriter.d.ts
@hapsland/runtime-environment:build: /workspace/typescript/hapsland-243/node_modules/bun-types/jsc.d.ts
@hapsland/runtime-environment:build: /workspace/typescript/hapsland-243/node_modules/bun-types/sqlite.d.ts
@hapsland/runtime-environment:build: /workspace/typescript/hapsland-243/node_modules/bun-types/vendor/expect-type/utils.d.ts
@hapsland/runtime-environment:build: /workspace/typescript/hapsland-243/node_modules/bun-types/vendor/expect-type/overloads.d.ts
@hapsland/runtime-environment:build: /workspace/typescript/hapsland-243/node_modules/bun-types/vendor/expect-type/branding.d.ts
@hapsland/runtime-environment:build: /workspace/typescript/hapsland-243/node_modules/bun-types/vendor/expect-type/messages.d.ts
@hapsland/runtime-environment:build: /workspace/typescript/hapsland-243/node_modules/bun-types/vendor/expect-type/index.d.ts
@hapsland/runtime-environment:build: /workspace/typescript/hapsland-243/node_modules/bun-types/test.d.ts
@hapsland/runtime-environment:build: /workspace/typescript/hapsland-243/node_modules/bun-types/wasm.d.ts
@hapsland/runtime-environment:build: /workspace/typescript/hapsland-243/node_modules/bun-types/overrides.d.ts
@hapsland/runtime-environment:build: /workspace/typescript/hapsland-243/node_modules/bun-types/deprecated.d.ts
@hapsland/runtime-environment:build: /workspace/typescript/hapsland-243/node_modules/bun-types/redis.d.ts
@hapsland/runtime-environment:build: /workspace/typescript/hapsland-243/node_modules/bun-types/shell.d.ts
@hapsland/runtime-environment:build: /workspace/typescript/hapsland-243/node_modules/bun-types/serve.d.ts
@hapsland/runtime-environment:build: /workspace/typescript/hapsland-243/node_modules/bun-types/sql.d.ts
@hapsland/runtime-environment:build: /workspace/typescript/hapsland-243/node_modules/bun-types/security.d.ts
@hapsland/runtime-environment:build: /workspace/typescript/hapsland-243/node_modules/bun-types/bundle.d.ts
@hapsland/runtime-environment:build: /workspace/typescript/hapsland-243/node_modules/bun-types/bun.ns.d.ts
@hapsland/runtime-environment:build: /workspace/typescript/hapsland-243/node_modules/bun-types/index.d.ts
@hapsland/runtime-environment:build: /workspace/typescript/hapsland-243/node_modules/@types/bun/index.d.ts
@hapsland/runtime-environment:build: 
@hapsland/runtime-environment:build:     at file:///workspace/typescript/hapsland-243/scripts/compile-package.mjs:45:30
@hapsland/runtime-environment:build:     at async file:///workspace/typescript/hapsland-243/scripts/compile-package.mjs:12:1
@hapsland/runtime-environment:build: 
@hapsland/runtime-environment:build: Node.js v24.20.0
@hapsland/source-artifacts:build: error: script "build" exited with code 1
@hapsland/delivery-output:build: cache miss, executing fcdcd66e534b1f19
@hapsland/runtime-environment:build: error: script "build" exited with code 1
@hapsland/agent-flow-bend:build: cache hit, replaying logs bfbc0d5d94e39e06
@hapsland/agent-flow-bend:build: $ node ../../scripts/bend-producer.mjs
@hapsland/source-artifacts#build:  ERROR  command (/workspace/typescript/hapsland-243/packages/source-artifacts) /workspace/typescript/hapsland-243/node_modules/.bin/bun run build exited (1)

 Tasks:    27 successful, 30 total
Cached:    4 cached, 30 total
  Time:    1.228s 
Failed:    @hapsland/source-artifacts#build

 ERROR  run failed: command  exited (1)
file:///workspace/typescript/hapsland-243/scripts/build-process.mjs:108
    if (result.code !== 0) throw new Error(`Build process failed (${result.code ?? result.signal}): ${command}`)
                                 ^

Error: Build process failed (1): /workspace/typescript/hapsland-243/node_modules/.bin/turbo
    at runBuildProcess (file:///workspace/typescript/hapsland-243/scripts/build-process.mjs:108:34)
    at process.processTicksAndRejections (node:internal/process/task_queues:104:5)
    at async file:///workspace/typescript/hapsland-243/scripts/build-workspaces.mjs:45:3
    at async file:///workspace/typescript/hapsland-243/scripts/build-workspaces.mjs:20:1

Node.js v24.20.0
file:///workspace/typescript/hapsland-243/scripts/build-process.mjs:108
    if (result.code !== 0) throw new Error(`Build process failed (${result.code ?? result.signal}): ${command}`)
                                 ^

Error: Build process failed (1): /home/node/.local/share/mise/installs/node/24.20.0/bin/node
    at runBuildProcess (file:///workspace/typescript/hapsland-243/scripts/build-process.mjs:108:34)
    at process.processTicksAndRejections (node:internal/process/task_queues:104:5)
    at async file:///workspace/typescript/hapsland-243/scripts/build-product.mjs:39:5
    at async file:///workspace/typescript/hapsland-243/scripts/build-product.mjs:19:1

Node.js v24.20.0
