✔ actual acceptance context supplies every API used by all case modules (93.137388ms)
✔ mutation rollback preserves original bytes (3.256764ms)
✔ concurrent source change is preserved (0.696711ms)
✔ removed output can be restored (1.194213ms)
✔ paths and repeated mutation fail closed (0.116084ms)
✔ unfinished obligations are distinct from runnable accepted cells (0.084209ms)
✔ rename rollback restores source and removes owned destination (1.311964ms)
✔ rename never overwrites an existing destination (0.299418ms)
✔ incomplete-cache fixture removes only the requested emitted member (0.96492ms)
✔ incomplete-cache fixture rejects unknown and truncated archive profiles (0.342877ms)
✔ incomplete-cache fixture recognizes GNU metadata rather than treating it as a path prefix (0.228543ms)
✔ mutation paths reject symlink-parent escapes (1.074462ms)
✔ phased acceptance preserves declared case order and rejects duplicates (0.322835ms)
✔ created authored source is owned and removed only with matching bytes (0.661086ms)
✔ watch-upstream-implementation requires correlated watch transitions and repaired behavior (0.413001ms)
✔ watch-used-public-interface-break-and-repair requires correlated watch transitions and repaired behavior (0.162167ms)
✔ watch-upstream-output-deletion requires correlated watch transitions and repaired behavior (0.194376ms)
✔ watch-manifest-drift requires correlated watch transitions and repaired behavior (0.176126ms)
✔ watch drift updates retain original CAS ownership and refuse concurrent edits (1.192755ms)
✔ authored inventory includes ABI and config but never follows generated/cache output (7.019613ms)
✔ permanent receipts deduplicate content, bound unique bytes and refuse modified evidence (3.397847ms)
✔ candidate freeze detects auxiliary verification edits and ignores produced outputs (2.940554ms)
✔ warm proof uses actual Turbo metadata rather than replayed producer logs (0.769545ms)
✔ owner receipt inventory follows artifact ownership and rejects symlinks (1.118629ms)
✔ cache corruption uses retained ordinary task metadata without an identification rebuild (0.431168ms)
✔ successful generated-only repair can be omitted only with unchanged source and publication (0.101334ms)
✔ undeclared-edge fixture preserves valid hook shebang and targets the workspace edge (3.831599ms)
✔ failed or authored-mutated cells require repair without inspecting revoked publication (0.442168ms)
✔ crosscompile acceptance checks owner bytes and mapped public output with producer host identity (0.583294ms)
✔ incomplete assembly archive fixture supports legitimate executable members above 30MB (36.281277ms)
✔ acceptance tool probe returns actual selected version output and refuses expired campaigns (21.24738ms)
✔ checker acceptance requires actual function invocation rather than replayed task logs (7.605031ms)
✔ assembly recovery permits rebuilt current bytes but rejects mixed pairs and changed cache-only restores (0.520877ms)
✔ assembly cache and receipt fixtures own coherent pairs through actual CAS mutations (2.631428ms)
✔ missing export and source fixtures accept only target-specific compiler refusals (0.685128ms)
ℹ tests 35
ℹ suites 0
ℹ pass 35
ℹ fail 0
ℹ cancelled 0
ℹ skipped 0
ℹ todo 0
ℹ duration_ms 251.726342
