✔ actual acceptance context supplies every API used by all case modules (71.946936ms)
✔ mutation rollback preserves original bytes (1.700887ms)
✔ concurrent source change is preserved (0.969132ms)
✔ removed output can be restored (0.540712ms)
✔ paths and repeated mutation fail closed (0.128293ms)
✔ unfinished obligations are distinct from runnable accepted cells (0.07475ms)
✔ rename rollback restores source and removes owned destination (0.962507ms)
✔ rename never overwrites an existing destination (0.352211ms)
✔ incomplete-cache fixture removes only the requested emitted member (1.080966ms)
✔ incomplete-cache fixture rejects unknown and truncated archive profiles (0.402378ms)
✔ incomplete-cache fixture recognizes GNU metadata rather than treating it as a path prefix (0.235794ms)
✔ mutation paths reject symlink-parent escapes (2.072057ms)
✔ phased acceptance preserves declared case order and rejects duplicates (0.301711ms)
✔ created authored source is owned and removed only with matching bytes (0.604754ms)
✔ watch-upstream-implementation requires correlated watch transitions and repaired behavior (0.44742ms)
✔ watch-used-public-interface-break-and-repair requires correlated watch transitions and repaired behavior (0.129334ms)
✔ watch-upstream-output-deletion requires correlated watch transitions and repaired behavior (0.136542ms)
✔ watch-manifest-drift requires correlated watch transitions and repaired behavior (0.165584ms)
✔ watch drift updates retain original CAS ownership and refuse concurrent edits (0.854756ms)
✔ authored inventory includes ABI and config but never follows generated/cache output (6.120878ms)
✔ permanent receipts deduplicate content, bound unique bytes and refuse modified evidence (0.944507ms)
✔ candidate freeze detects auxiliary verification edits and ignores produced outputs (2.33435ms)
✔ warm proof uses actual Turbo metadata rather than replayed producer logs (0.804131ms)
✔ owner receipt inventory follows artifact ownership and rejects symlinks (1.057966ms)
✔ cache corruption uses retained ordinary task metadata without an identification rebuild (0.400961ms)
✔ successful generated-only repair can be omitted only with unchanged source and publication (0.105626ms)
✔ undeclared-edge fixture preserves valid hook shebang and targets the workspace edge (3.359399ms)
✔ failed or authored-mutated cells require repair without inspecting revoked publication (0.325377ms)
✔ crosscompile acceptance checks owner bytes and mapped public output with producer host identity (0.506171ms)
✔ incomplete assembly archive fixture supports legitimate executable members above 30MB (39.762412ms)
✔ acceptance tool probe returns actual selected version output and refuses expired campaigns (20.959026ms)
✔ checker acceptance requires actual function invocation rather than replayed task logs (9.799071ms)
✔ assembly recovery permits rebuilt current bytes but rejects mixed pairs and changed cache-only restores (0.641963ms)
✔ assembly cache and receipt fixtures own coherent pairs through actual CAS mutations (3.006522ms)
✔ missing export and source fixtures accept only target-specific compiler refusals (0.818672ms)
ℹ tests 35
ℹ suites 0
ℹ pass 35
ℹ fail 0
ℹ cancelled 0
ℹ skipped 0
ℹ todo 0
ℹ duration_ms 223.918031
