
> @hapsland/hapsland@0.1.0 build
> node scripts/build-product.mjs

 WARNING  Circular package dependency detected: @hapsland/agent-flow-viz, @hapsland/verification, @hapsland/monkey-business, @hapsland/monkey-business-bend, @hapsland/canonical-defense, @hapsland/build-tooling

   • turbo 2.11.7
   • Packages in scope: @hapsland/activity-observation, @hapsland/administration, @hapsland/agent-flow-bend, @hapsland/canonical-policy, @hapsland/cli-entry, @hapsland/credential-storage, @hapsland/delivery-output, @hapsland/doctor-entry, @hapsland/hook-entry, @hapsland/hook-runtime, @hapsland/inspection-records, @hapsland/native-observation, @hapsland/parser-entry, @hapsland/pi-extension, @hapsland/resident-entry, @hapsland/resident-runtime, @hapsland/resident-transport, @hapsland/review-definition, @hapsland/review-execution, @hapsland/runtime-environment, @hapsland/runtime-inputs, @hapsland/source-analysis, @hapsland/source-artifacts
   • Running build, native:linux-arm64 in 23 packages
   • Remote caching disabled

@hapsland/runtime-environment:build: cache hit, replaying logs 2f0e44dc51238a92
@hapsland/runtime-environment:build: $ node ../../scripts/compile-package.mjs
@hapsland/runtime-environment:build: Compiled @hapsland/runtime-environment: 375 recorded inputs
@hapsland/pi-extension:build: cache hit, replaying logs 9d81749ce6cd0a03
@hapsland/pi-extension:build: $ node ../../scripts/compile-package.mjs
@hapsland/pi-extension:build: Compiled @hapsland/pi-extension: 215 recorded inputs
@hapsland/source-artifacts:build: cache hit, replaying logs f1f4bb5f1b4106b7
@hapsland/source-artifacts:build: $ node ../../scripts/compile-package.mjs
@hapsland/source-artifacts:build: Compiled @hapsland/source-artifacts: 243 recorded inputs
@hapsland/delivery-output:build: cache hit, replaying logs 3f38bcb773f05624
@hapsland/delivery-output:build: $ node ../../scripts/compile-package.mjs
@hapsland/delivery-output:build: Compiled @hapsland/delivery-output: 246 recorded inputs
@hapsland/inspection-records:native:linux-arm64: cache hit, replaying logs a263bb3cff3046a3
@hapsland/inspection-records:native:linux-arm64: $ node ../../scripts/native-task.mjs linux-arm64
@hapsland/credential-storage:native:linux-arm64: cache hit, replaying logs fc4e5df8fd543be9
@hapsland/credential-storage:native:linux-arm64: $ node ../../scripts/native-task.mjs linux-arm64
@hapsland/source-analysis:native:linux-arm64: cache hit, replaying logs 0c5be64d50043238
@hapsland/source-analysis:native:linux-arm64: $ node ../../scripts/native-task.mjs linux-arm64
@hapsland/agent-flow-bend:build: cache hit, replaying logs 9fbae85c7c61e241
@hapsland/agent-flow-bend:build: $ node ../../scripts/bend-producer.mjs
@hapsland/canonical-policy:build: cache hit, replaying logs 2965a8ceedcbcd3b
@hapsland/canonical-policy:build: $ node ../../scripts/compile-package.mjs
@hapsland/canonical-policy:build: Compiled @hapsland/canonical-policy: 356 recorded inputs
@hapsland/runtime-inputs:build: cache hit, replaying logs 6238cfc300c76d76
@hapsland/runtime-inputs:build: $ node ../../scripts/compile-package.mjs
@hapsland/runtime-inputs:build: Compiled @hapsland/runtime-inputs: 367 recorded inputs
@hapsland/credential-storage:build: cache hit, replaying logs d33cd9dab03e17bd
@hapsland/credential-storage:build: $ node ../../scripts/compile-package.mjs
@hapsland/credential-storage:build: Compiled @hapsland/credential-storage: 352 recorded inputs
@hapsland/native-observation:build: cache hit, replaying logs 25b1cb904eda554a
@hapsland/native-observation:build: $ node ../../scripts/compile-package.mjs
@hapsland/native-observation:build: Compiled @hapsland/native-observation: 367 recorded inputs
@hapsland/inspection-records:build: cache hit, replaying logs 128e45e907558411
@hapsland/inspection-records:build: $ node ../../scripts/compile-package.mjs
@hapsland/inspection-records:build: Compiled @hapsland/inspection-records: 423 recorded inputs
@hapsland/activity-observation:build: cache hit, replaying logs cb3440a11b7f682c
@hapsland/review-definition:build: cache hit, replaying logs 6341b2101875e57e
@hapsland/review-definition:build: $ node ../../scripts/compile-package.mjs
@hapsland/review-definition:build: Compiled @hapsland/review-definition: 440 recorded inputs
@hapsland/source-analysis:build: cache hit, replaying logs 90a8e513174816cd
@hapsland/source-analysis:build: $ node ../../scripts/compile-package.mjs
@hapsland/source-analysis:build: Compiled @hapsland/source-analysis: 382 recorded inputs
@hapsland/review-execution:build: cache hit, replaying logs 81f997b682bf9818
@hapsland/review-execution:build: $ node ../../scripts/compile-package.mjs
@hapsland/review-execution:build: Compiled @hapsland/review-execution: 514 recorded inputs
@hapsland/parser-entry:build: cache hit, replaying logs 536f1f974dc705df
@hapsland/parser-entry:build: $ node ../../scripts/compile-package.mjs
@hapsland/parser-entry:build: Compiled @hapsland/parser-entry: 355 recorded inputs
@hapsland/activity-observation:build: $ node ../../scripts/compile-package.mjs
@hapsland/activity-observation:build: Compiled @hapsland/activity-observation: 405 recorded inputs
@hapsland/resident-transport:build: cache hit, replaying logs 4c350b408e12dbdd
@hapsland/resident-transport:build: $ node ../../scripts/compile-package.mjs
@hapsland/resident-transport:build: Compiled @hapsland/resident-transport: 422 recorded inputs
@hapsland/hook-runtime:build: cache hit, replaying logs 6150e3af36050a2a
@hapsland/resident-runtime:build: cache hit, replaying logs 0bb907b7c743af04
@hapsland/hook-runtime:build: $ node ../../scripts/compile-package.mjs
@hapsland/hook-runtime:build: Compiled @hapsland/hook-runtime: 396 recorded inputs
@hapsland/resident-runtime:build: $ node ../../scripts/compile-package.mjs
@hapsland/resident-runtime:build: Compiled @hapsland/resident-runtime: 534 recorded inputs
@hapsland/hook-entry:build: cache miss, executing fa88ad1f63dfb286
@hapsland/resident-entry:build: cache hit, replaying logs 6a41a348caee8f5f
@hapsland/resident-entry:build: $ node ../../scripts/compile-package.mjs
@hapsland/resident-entry:build: Compiled @hapsland/resident-entry: 518 recorded inputs
@hapsland/administration:build: cache hit, replaying logs bc5e08b08cd56ef8
@hapsland/administration:build: $ node ../../scripts/compile-package.mjs
@hapsland/administration:build: Compiled @hapsland/administration: 610 recorded inputs
@hapsland/cli-entry:build: cache hit, replaying logs 872bfed8e0e8ae91
@hapsland/cli-entry:build: $ node ../../scripts/compile-package.mjs
@hapsland/cli-entry:build: Compiled @hapsland/cli-entry: 551 recorded inputs
@hapsland/doctor-entry:build: cache hit, replaying logs 415850863969c0e7
@hapsland/doctor-entry:build: $ node ../../scripts/compile-package.mjs
@hapsland/doctor-entry:build: Compiled @hapsland/doctor-entry: 402 recorded inputs
@hapsland/hook-entry:build: $ node ../../scripts/compile-package.mjs
@hapsland/hook-entry:build: file:///workspace/typescript/hapsland-243/scripts/compile-package.mjs:45
@hapsland/hook-entry:build:         anticipated.error ?? new Error(`Compiler input discovery failed: ${anticipated.stdout}${anticipated.stderr}`)
@hapsland/hook-entry:build:                              ^
@hapsland/hook-entry:build: 
@hapsland/hook-entry:build: Error: Compiler input discovery failed: packages/hook-entry/src/hook-main.ts(2,1): error TS18026: '#!' can only be used at the start of a file.
@hapsland/hook-entry:build: packages/hook-entry/src/hook-main.ts(2,16): error TS1005: ';' expected.
@hapsland/hook-entry:build: /workspace/typescript/hapsland-243/node_modules/@typescript/typescript-linux-arm64/lib/lib.es5.d.ts
@hapsland/hook-entry:build: /workspace/typescript/hapsland-243/node_modules/@typescript/typescript-linux-arm64/lib/lib.es2015.d.ts
@hapsland/hook-entry:build: /workspace/typescript/hapsland-243/node_modules/@typescript/typescript-linux-arm64/lib/lib.es2016.d.ts
@hapsland/hook-entry:build: /workspace/typescript/hapsland-243/node_modules/@typescript/typescript-linux-arm64/lib/lib.es2017.d.ts
@hapsland/hook-entry:build: /workspace/typescript/hapsland-243/node_modules/@typescript/typescript-linux-arm64/lib/lib.es2018.d.ts
@hapsland/hook-entry:build: /workspace/typescript/hapsland-243/node_modules/@typescript/typescript-linux-arm64/lib/lib.es2019.d.ts
@hapsland/hook-entry:build: /workspace/typescript/hapsland-243/node_modules/@typescript/typescript-linux-arm64/lib/lib.es2020.d.ts
@hapsland/hook-entry:build: /workspace/typescript/hapsland-243/node_modules/@typescript/typescript-linux-arm64/lib/lib.es2021.d.ts
@hapsland/hook-entry:build: /workspace/typescript/hapsland-243/node_modules/@typescript/typescript-linux-arm64/lib/lib.es2022.d.ts
@hapsland/hook-entry:build: /workspace/typescript/hapsland-243/node_modules/@typescript/typescript-linux-arm64/lib/lib.es2023.d.ts
@hapsland/hook-entry:build: /workspace/typescript/hapsland-243/node_modules/@typescript/typescript-linux-arm64/lib/lib.es2024.d.ts
@hapsland/hook-entry:build: /workspace/typescript/hapsland-243/node_modules/@typescript/typescript-linux-arm64/lib/lib.es2025.d.ts
@hapsland/hook-entry:build: /workspace/typescript/hapsland-243/node_modules/@typescript/typescript-linux-arm64/lib/lib.esnext.d.ts
@hapsland/hook-entry:build: /workspace/typescript/hapsland-243/node_modules/@typescript/typescript-linux-arm64/lib/lib.es2015.core.d.ts
@hapsland/hook-entry:build: /workspace/typescript/hapsland-243/node_modules/@typescript/typescript-linux-arm64/lib/lib.es2015.collection.d.ts
@hapsland/hook-entry:build: /workspace/typescript/hapsland-243/node_modules/@typescript/typescript-linux-arm64/lib/lib.es2015.generator.d.ts
@hapsland/hook-entry:build: /workspace/typescript/hapsland-243/node_modules/@typescript/typescript-linux-arm64/lib/lib.es2015.iterable.d.ts
@hapsland/hook-entry:build: /workspace/typescript/hapsland-243/node_modules/@typescript/typescript-linux-arm64/lib/lib.es2015.promise.d.ts
@hapsland/hook-entry:build: /workspace/typescript/hapsland-243/node_modules/@typescript/typescript-linux-arm64/lib/lib.es2015.proxy.d.ts
@hapsland/hook-entry:build: /workspace/typescript/hapsland-243/node_modules/@typescript/typescript-linux-arm64/lib/lib.es2015.reflect.d.ts
@hapsland/hook-entry:build: /workspace/typescript/hapsland-243/node_modules/@typescript/typescript-linux-arm64/lib/lib.es2015.symbol.d.ts
@hapsland/hook-entry:build: /workspace/typescript/hapsland-243/node_modules/@typescript/typescript-linux-arm64/lib/lib.es2015.symbol.wellknown.d.ts
@hapsland/hook-entry:build: /workspace/typescript/hapsland-243/node_modules/@typescript/typescript-linux-arm64/lib/lib.es2016.array.include.d.ts
@hapsland/hook-entry:build: /workspace/typescript/hapsland-243/node_modules/@typescript/typescript-linux-arm64/lib/lib.es2016.intl.d.ts
@hapsland/hook-entry:build: /workspace/typescript/hapsland-243/node_modules/@typescript/typescript-linux-arm64/lib/lib.es2017.arraybuffer.d.ts
@hapsland/hook-entry:build: /workspace/typescript/hapsland-243/node_modules/@typescript/typescript-linux-arm64/lib/lib.es2017.date.d.ts
@hapsland/hook-entry:build: /workspace/typescript/hapsland-243/node_modules/@typescript/typescript-linux-arm64/lib/lib.es2017.object.d.ts
@hapsland/hook-entry:build: /workspace/typescript/hapsland-243/node_modules/@typescript/typescript-linux-arm64/lib/lib.es2017.sharedmemory.d.ts
@hapsland/hook-entry:build: /workspace/typescript/hapsland-243/node_modules/@typescript/typescript-linux-arm64/lib/lib.es2017.string.d.ts
@hapsland/hook-entry:build: /workspace/typescript/hapsland-243/node_modules/@typescript/typescript-linux-arm64/lib/lib.es2017.intl.d.ts
@hapsland/hook-entry:build: /workspace/typescript/hapsland-243/node_modules/@typescript/typescript-linux-arm64/lib/lib.es2017.typedarrays.d.ts
@hapsland/hook-entry:build: /workspace/typescript/hapsland-243/node_modules/@typescript/typescript-linux-arm64/lib/lib.es2018.asyncgenerator.d.ts
@hapsland/hook-entry:build: /workspace/typescript/hapsland-243/node_modules/@typescript/typescript-linux-arm64/lib/lib.es2018.asynciterable.d.ts
@hapsland/hook-entry:build: /workspace/typescript/hapsland-243/node_modules/@typescript/typescript-linux-arm64/lib/lib.es2018.intl.d.ts
@hapsland/hook-entry:build: /workspace/typescript/hapsland-243/node_modules/@typescript/typescript-linux-arm64/lib/lib.es2018.promise.d.ts
@hapsland/hook-entry:build: /workspace/typescript/hapsland-243/node_modules/@typescript/typescript-linux-arm64/lib/lib.es2018.regexp.d.ts
@hapsland/hook-entry:build: /workspace/typescript/hapsland-243/node_modules/@typescript/typescript-linux-arm64/lib/lib.es2019.array.d.ts
@hapsland/hook-entry:build: /workspace/typescript/hapsland-243/node_modules/@typescript/typescript-linux-arm64/lib/lib.es2019.object.d.ts
@hapsland/hook-entry:build: /workspace/typescript/hapsland-243/node_modules/@typescript/typescript-linux-arm64/lib/lib.es2019.string.d.ts
@hapsland/hook-entry:build: /workspace/typescript/hapsland-243/node_modules/@typescript/typescript-linux-arm64/lib/lib.es2019.symbol.d.ts
@hapsland/hook-entry:build: /workspace/typescript/hapsland-243/node_modules/@typescript/typescript-linux-arm64/lib/lib.es2019.intl.d.ts
@hapsland/hook-entry:build: /workspace/typescript/hapsland-243/node_modules/@typescript/typescript-linux-arm64/lib/lib.es2020.bigint.d.ts
@hapsland/hook-entry:build: /workspace/typescript/hapsland-243/node_modules/@typescript/typescript-linux-arm64/lib/lib.es2020.date.d.ts
@hapsland/hook-entry:build: /workspace/typescript/hapsland-243/node_modules/@typescript/typescript-linux-arm64/lib/lib.es2020.promise.d.ts
@hapsland/hook-entry:build: /workspace/typescript/hapsland-243/node_modules/@typescript/typescript-linux-arm64/lib/lib.es2020.sharedmemory.d.ts
@hapsland/hook-entry:build: /workspace/typescript/hapsland-243/node_modules/@typescript/typescript-linux-arm64/lib/lib.es2020.string.d.ts
@hapsland/hook-entry:build: /workspace/typescript/hapsland-243/node_modules/@typescript/typescript-linux-arm64/lib/lib.es2020.symbol.wellknown.d.ts
@hapsland/hook-entry:build: /workspace/typescript/hapsland-243/node_modules/@typescript/typescript-linux-arm64/lib/lib.es2020.intl.d.ts
@hapsland/hook-entry:build: /workspace/typescript/hapsland-243/node_modules/@typescript/typescript-linux-arm64/lib/lib.es2020.number.d.ts
@hapsland/hook-entry:build: /workspace/typescript/hapsland-243/node_modules/@typescript/typescript-linux-arm64/lib/lib.es2021.promise.d.ts
@hapsland/hook-entry:build: /workspace/typescript/hapsland-243/node_modules/@typescript/typescript-linux-arm64/lib/lib.es2021.string.d.ts
@hapsland/hook-entry:build: /workspace/typescript/hapsland-243/node_modules/@typescript/typescript-linux-arm64/lib/lib.es2021.weakref.d.ts
@hapsland/hook-entry:build: /workspace/typescript/hapsland-243/node_modules/@typescript/typescript-linux-arm64/lib/lib.es2021.intl.d.ts
@hapsland/hook-entry:build: /workspace/typescript/hapsland-243/node_modules/@typescript/typescript-linux-arm64/lib/lib.es2022.array.d.ts
@hapsland/hook-entry:build: /workspace/typescript/hapsland-243/node_modules/@typescript/typescript-linux-arm64/lib/lib.es2022.error.d.ts
@hapsland/hook-entry:build: /workspace/typescript/hapsland-243/node_modules/@typescript/typescript-linux-arm64/lib/lib.es2022.intl.d.ts
@hapsland/hook-entry:build: /workspace/typescript/hapsland-243/node_modules/@typescript/typescript-linux-arm64/lib/lib.es2022.object.d.ts
@hapsland/hook-entry:build: /workspace/typescript/hapsland-243/node_modules/@typescript/typescript-linux-arm64/lib/lib.es2022.string.d.ts
@hapsland/hook-entry:build: /workspace/typescript/hapsland-243/node_modules/@typescript/typescript-linux-arm64/lib/lib.es2022.regexp.d.ts
@hapsland/hook-entry:build: /workspace/typescript/hapsland-243/node_modules/@typescript/typescript-linux-arm64/lib/lib.es2023.array.d.ts
@hapsland/hook-entry:build: /workspace/typescript/hapsland-243/node_modules/@typescript/typescript-linux-arm64/lib/lib.es2023.collection.d.ts
@hapsland/hook-entry:build: /workspace/typescript/hapsland-243/node_modules/@typescript/typescript-linux-arm64/lib/lib.es2023.intl.d.ts
@hapsland/hook-entry:build: /workspace/typescript/hapsland-243/node_modules/@typescript/typescript-linux-arm64/lib/lib.es2024.arraybuffer.d.ts
@hapsland/hook-entry:build: /workspace/typescript/hapsland-243/node_modules/@typescript/typescript-linux-arm64/lib/lib.es2024.collection.d.ts
@hapsland/hook-entry:build: /workspace/typescript/hapsland-243/node_modules/@typescript/typescript-linux-arm64/lib/lib.es2024.object.d.ts
@hapsland/hook-entry:build: /workspace/typescript/hapsland-243/node_modules/@typescript/typescript-linux-arm64/lib/lib.es2024.promise.d.ts
@hapsland/hook-entry:build: /workspace/typescript/hapsland-243/node_modules/@typescript/typescript-linux-arm64/lib/lib.es2024.regexp.d.ts
@hapsland/hook-entry:build: /workspace/typescript/hapsland-243/node_modules/@typescript/typescript-linux-arm64/lib/lib.es2024.sharedmemory.d.ts
@hapsland/hook-entry:build: /workspace/typescript/hapsland-243/node_modules/@typescript/typescript-linux-arm64/lib/lib.es2024.string.d.ts
@hapsland/hook-entry:build: /workspace/typescript/hapsland-243/node_modules/@typescript/typescript-linux-arm64/lib/lib.es2025.collection.d.ts
@hapsland/hook-entry:build: /workspace/typescript/hapsland-243/node_modules/@typescript/typescript-linux-arm64/lib/lib.es2025.float16.d.ts
@hapsland/hook-entry:build: /workspace/typescript/hapsland-243/node_modules/@typescript/typescript-linux-arm64/lib/lib.es2025.intl.d.ts
@hapsland/hook-entry:build: /workspace/typescript/hapsland-243/node_modules/@typescript/typescript-linux-arm64/lib/lib.es2025.iterator.d.ts
@hapsland/hook-entry:build: /workspace/typescript/hapsland-243/node_modules/@typescript/typescript-linux-arm64/lib/lib.es2025.promise.d.ts
@hapsland/hook-entry:build: /workspace/typescript/hapsland-243/node_modules/@typescript/typescript-linux-arm64/lib/lib.es2025.regexp.d.ts
@hapsland/hook-entry:build: /workspace/typescript/hapsland-243/node_modules/@typescript/typescript-linux-arm64/lib/lib.esnext.array.d.ts
@hapsland/hook-entry:build: /workspace/typescript/hapsland-243/node_modules/@typescript/typescript-linux-arm64/lib/lib.esnext.collection.d.ts
@hapsland/hook-entry:build: /workspace/typescript/hapsland-243/node_modules/@typescript/typescript-linux-arm64/lib/lib.esnext.date.d.ts
@hapsland/hook-entry:build: /workspace/typescript/hapsland-243/node_modules/@typescript/typescript-linux-arm64/lib/lib.esnext.decorators.d.ts
@hapsland/hook-entry:build: /workspace/typescript/hapsland-243/node_modules/@typescript/typescript-linux-arm64/lib/lib.esnext.disposable.d.ts
@hapsland/hook-entry:build: /workspace/typescript/hapsland-243/node_modules/@typescript/typescript-linux-arm64/lib/lib.esnext.error.d.ts
@hapsland/hook-entry:build: /workspace/typescript/hapsland-243/node_modules/@typescript/typescript-linux-arm64/lib/lib.esnext.intl.d.ts
@hapsland/hook-entry:build: /workspace/typescript/hapsland-243/node_modules/@typescript/typescript-linux-arm64/lib/lib.esnext.sharedmemory.d.ts
@hapsland/hook-entry:build: /workspace/typescript/hapsland-243/node_modules/@typescript/typescript-linux-arm64/lib/lib.esnext.temporal.d.ts
@hapsland/hook-entry:build: /workspace/typescript/hapsland-243/node_modules/@typescript/typescript-linux-arm64/lib/lib.esnext.typedarrays.d.ts
@hapsland/hook-entry:build: /workspace/typescript/hapsland-243/node_modules/@typescript/typescript-linux-arm64/lib/lib.decorators.d.ts
@hapsland/hook-entry:build: /workspace/typescript/hapsland-243/node_modules/@typescript/typescript-linux-arm64/lib/lib.decorators.legacy.d.ts
@hapsland/hook-entry:build: /workspace/typescript/hapsland-243/packages/administration/dist/onboarding/native-architecture.d.ts
@hapsland/hook-entry:build: /workspace/typescript/hapsland-243/node_modules/effect/dist/Types.d.ts
@hapsland/hook-entry:build: /workspace/typescript/hapsland-243/node_modules/effect/dist/HKT.d.ts
@hapsland/hook-entry:build: /workspace/typescript/hapsland-243/node_modules/effect/dist/Function.d.ts
@hapsland/hook-entry:build: /workspace/typescript/hapsland-243/node_modules/effect/dist/Ordering.d.ts
@hapsland/hook-entry:build: /workspace/typescript/hapsland-243/node_modules/effect/dist/Order.d.ts
@hapsland/hook-entry:build: /workspace/typescript/hapsland-243/node_modules/effect/dist/Combiner.d.ts
@hapsland/hook-entry:build: /workspace/typescript/hapsland-243/node_modules/effect/dist/Reducer.d.ts
@hapsland/hook-entry:build: /workspace/typescript/hapsland-243/node_modules/effect/dist/Equivalence.d.ts
@hapsland/hook-entry:build: /workspace/typescript/hapsland-243/node_modules/effect/dist/Predicate.d.ts
@hapsland/hook-entry:build: /workspace/typescript/hapsland-243/node_modules/effect/dist/Inspectable.d.ts
@hapsland/hook-entry:build: /workspace/typescript/hapsland-243/node_modules/effect/dist/Pipeable.d.ts
@hapsland/hook-entry:build: /workspace/typescript/hapsland-243/node_modules/effect/dist/Unify.d.ts
@hapsland/hook-entry:build: /workspace/typescript/hapsland-243/node_modules/effect/dist/Utils.d.ts
@hapsland/hook-entry:build: /workspace/typescript/hapsland-243/node_modules/effect/dist/Result.d.ts
@hapsland/hook-entry:build: /workspace/typescript/hapsland-243/node_modules/effect/dist/Filter.d.ts
@hapsland/hook-entry:build: /workspace/typescript/hapsland-243/node_modules/effect/dist/Option.d.ts
@hapsland/hook-entry:build: /workspace/typescript/hapsland-243/node_modules/effect/dist/Record.d.ts
@hapsland/hook-entry:build: /workspace/typescript/hapsland-243/node_modules/effect/dist/Array.d.ts
@hapsland/hook-entry:build: /workspace/typescript/hapsland-243/node_modules/effect/dist/Hash.d.ts
@hapsland/hook-entry:build: /workspace/typescript/hapsland-243/node_modules/effect/dist/Equal.d.ts
@hapsland/hook-entry:build: /workspace/typescript/hapsland-243/node_modules/effect/dist/Context.d.ts
@hapsland/hook-entry:build: /workspace/typescript/hapsland-243/node_modules/effect/dist/Exit.d.ts
@hapsland/hook-entry:build: /workspace/typescript/hapsland-243/node_modules/effect/dist/LogLevel.d.ts
@hapsland/hook-entry:build: /workspace/typescript/hapsland-243/node_modules/effect/dist/Duration.d.ts
@hapsland/hook-entry:build: /workspace/typescript/hapsland-243/node_modules/effect/dist/NonEmptyIterable.d.ts
@hapsland/hook-entry:build: /workspace/typescript/hapsland-243/node_modules/effect/dist/Chunk.d.ts
@hapsland/hook-entry:build: /workspace/typescript/hapsland-243/node_modules/effect/dist/Deferred.d.ts
@hapsland/hook-entry:build: /workspace/typescript/hapsland-243/node_modules/effect/dist/Latch.d.ts
@hapsland/hook-entry:build: /workspace/typescript/hapsland-243/node_modules/effect/dist/MutableList.d.ts
@hapsland/hook-entry:build: /workspace/typescript/hapsland-243/node_modules/effect/dist/MutableRef.d.ts
@hapsland/hook-entry:build: /workspace/typescript/hapsland-243/node_modules/effect/dist/Scope.d.ts
@hapsland/hook-entry:build: /workspace/typescript/hapsland-243/node_modules/effect/dist/PubSub.d.ts
@hapsland/hook-entry:build: /workspace/typescript/hapsland-243/node_modules/effect/dist/Pull.d.ts
@hapsland/hook-entry:build: /workspace/typescript/hapsland-243/node_modules/effect/dist/Scheduler.d.ts
@hapsland/hook-entry:build: /workspace/typescript/hapsland-243/node_modules/effect/dist/Queue.d.ts
@hapsland/hook-entry:build: /workspace/typescript/hapsland-243/node_modules/effect/dist/DateTime.d.ts
@hapsland/hook-entry:build: /workspace/typescript/hapsland-243/node_modules/effect/dist/Cron.d.ts
@hapsland/hook-entry:build: /workspace/typescript/hapsland-243/node_modules/effect/dist/Schedule.d.ts
@hapsland/hook-entry:build: /workspace/typescript/hapsland-243/node_modules/effect/dist/Take.d.ts
@hapsland/hook-entry:build: /workspace/typescript/hapsland-243/node_modules/effect/dist/Tracer.d.ts
@hapsland/hook-entry:build: /workspace/typescript/hapsland-243/node_modules/effect/dist/Channel.d.ts
@hapsland/hook-entry:build: /workspace/typescript/hapsland-243/node_modules/effect/dist/BigDecimal.d.ts
@hapsland/hook-entry:build: /workspace/typescript/hapsland-243/node_modules/effect/dist/Differ.d.ts
@hapsland/hook-entry:build: /workspace/typescript/hapsland-243/node_modules/effect/dist/Formatter.d.ts
@hapsland/hook-entry:build: /workspace/typescript/hapsland-243/node_modules/effect/dist/Graph.d.ts
@hapsland/hook-entry:build: /workspace/typescript/hapsland-243/node_modules/effect/dist/HashMap.d.ts
@hapsland/hook-entry:build: /workspace/typescript/hapsland-243/node_modules/effect/dist/HashSet.d.ts
@hapsland/hook-entry:build: /workspace/typescript/hapsland-243/node_modules/effect/dist/Data.d.ts
@hapsland/hook-entry:build: /workspace/typescript/hapsland-243/node_modules/effect/dist/http/Cookies.d.ts
@hapsland/hook-entry:build: /workspace/typescript/hapsland-243/node_modules/effect/dist/Redactable.d.ts
@hapsland/hook-entry:build: /workspace/typescript/hapsland-243/node_modules/effect/dist/Redacted.d.ts
@hapsland/hook-entry:build: /workspace/typescript/hapsland-243/node_modules/effect/dist/http/Headers.d.ts
@hapsland/hook-entry:build: /workspace/typescript/hapsland-243/node_modules/effect/dist/http/UrlParams.d.ts
@hapsland/hook-entry:build: /workspace/typescript/hapsland-243/node_modules/effect/dist/internal/schemaError.d.ts
@hapsland/hook-entry:build: /workspace/typescript/hapsland-243/node_modules/effect/dist/JsonPatch.d.ts
@hapsland/hook-entry:build: /workspace/typescript/hapsland-243/node_modules/effect/dist/JsonSchema.d.ts
@hapsland/hook-entry:build: /workspace/typescript/hapsland-243/node_modules/effect/dist/net/NetAddress.d.ts
@hapsland/hook-entry:build: /workspace/typescript/hapsland-243/node_modules/effect/dist/net/IpInterface.d.ts
@hapsland/hook-entry:build: /workspace/typescript/hapsland-243/node_modules/effect/dist/net/IpNetwork.d.ts
@hapsland/hook-entry:build: /workspace/typescript/hapsland-243/node_modules/effect/dist/StandardSchema.d.ts
@hapsland/hook-entry:build: /workspace/typescript/hapsland-243/node_modules/effect/dist/SchemaIssue.d.ts
@hapsland/hook-entry:build: /workspace/typescript/hapsland-243/node_modules/effect/dist/SchemaGetter.d.ts
@hapsland/hook-entry:build: /workspace/typescript/hapsland-243/node_modules/effect/dist/SchemaTransformation.d.ts
@hapsland/hook-entry:build: /workspace/typescript/hapsland-243/node_modules/effect/dist/SchemaAST.d.ts
@hapsland/hook-entry:build: /workspace/typescript/hapsland-243/node_modules/effect/dist/Optic.d.ts
@hapsland/hook-entry:build: /workspace/typescript/hapsland-243/node_modules/effect/dist/SchemaParser.d.ts
@hapsland/hook-entry:build: /workspace/typescript/hapsland-243/node_modules/effect/dist/SchemaRepresentation.d.ts
@hapsland/hook-entry:build: /workspace/typescript/hapsland-243/node_modules/effect/dist/Struct.d.ts
@hapsland/hook-entry:build: /workspace/typescript/hapsland-243/node_modules/effect/dist/Schema.d.ts
@hapsland/hook-entry:build: /workspace/typescript/hapsland-243/node_modules/effect/dist/Brand.d.ts
@hapsland/hook-entry:build: /workspace/typescript/hapsland-243/node_modules/effect/dist/ByteSize.d.ts
@hapsland/hook-entry:build: /workspace/typescript/hapsland-243/node_modules/effect/dist/ExecutionPlan.d.ts
@hapsland/hook-entry:build: /workspace/typescript/hapsland-243/node_modules/effect/dist/Sink.d.ts
@hapsland/hook-entry:build: /workspace/typescript/hapsland-243/node_modules/effect/dist/Stream.d.ts
@hapsland/hook-entry:build: /workspace/typescript/hapsland-243/node_modules/effect/dist/Layer.d.ts
@hapsland/hook-entry:build: /workspace/typescript/hapsland-243/node_modules/effect/dist/Metric.d.ts
@hapsland/hook-entry:build: /workspace/typescript/hapsland-243/node_modules/effect/dist/PlatformError.d.ts
@hapsland/hook-entry:build: /workspace/typescript/hapsland-243/node_modules/effect/dist/FileSystem.d.ts
@hapsland/hook-entry:build: /workspace/typescript/hapsland-243/node_modules/effect/dist/Logger.d.ts
@hapsland/hook-entry:build: /workspace/typescript/hapsland-243/node_modules/effect/dist/References.d.ts
@hapsland/hook-entry:build: /workspace/typescript/hapsland-243/node_modules/effect/dist/Fiber.d.ts
@hapsland/hook-entry:build: /workspace/typescript/hapsland-243/node_modules/effect/dist/Cause.d.ts
@hapsland/hook-entry:build: /workspace/typescript/hapsland-243/node_modules/effect/dist/Clock.d.ts
@hapsland/hook-entry:build: /workspace/typescript/hapsland-243/node_modules/effect/dist/Request.d.ts
@hapsland/hook-entry:build: /workspace/typescript/hapsland-243/node_modules/effect/dist/MutableHashMap.d.ts
@hapsland/hook-entry:build: /workspace/typescript/hapsland-243/node_modules/effect/dist/Cache.d.ts
@hapsland/hook-entry:build: /workspace/typescript/hapsland-243/node_modules/effect/dist/PrimaryKey.d.ts
@hapsland/hook-entry:build: /workspace/typescript/hapsland-243/node_modules/effect/dist/reactivity/Reactivity.d.ts
@hapsland/hook-entry:build: /workspace/typescript/hapsland-243/node_modules/effect/dist/Semaphore.d.ts
@hapsland/hook-entry:build: /workspace/typescript/hapsland-243/node_modules/effect/dist/sql/SqlError.d.ts
@hapsland/hook-entry:build: /workspace/typescript/hapsland-243/node_modules/effect/dist/sql/SqlConnection.d.ts
@hapsland/hook-entry:build: /workspace/typescript/hapsland-243/node_modules/effect/dist/sql/Statement.d.ts
@hapsland/hook-entry:build: /workspace/typescript/hapsland-243/node_modules/effect/dist/sql/SqlClient.d.ts
@hapsland/hook-entry:build: /workspace/typescript/hapsland-243/node_modules/effect/dist/Path.d.ts
@hapsland/hook-entry:build: /workspace/typescript/hapsland-243/node_modules/effect/dist/persistence/KeyValueStore.d.ts
@hapsland/hook-entry:build: /workspace/typescript/hapsland-243/node_modules/effect/dist/persistence/Redis.d.ts
@hapsland/hook-entry:build: /workspace/typescript/hapsland-243/node_modules/effect/dist/persistence/Persistence.d.ts
@hapsland/hook-entry:build: /workspace/typescript/hapsland-243/node_modules/effect/dist/persistence/Persistable.d.ts
@hapsland/hook-entry:build: /workspace/typescript/hapsland-243/node_modules/effect/dist/RequestResolver.d.ts
@hapsland/hook-entry:build: /workspace/typescript/hapsland-243/node_modules/effect/dist/TxRef.d.ts
@hapsland/hook-entry:build: /workspace/typescript/hapsland-243/node_modules/effect/dist/Effect.d.ts
@hapsland/hook-entry:build: /workspace/typescript/hapsland-243/packages/resident-transport/dist/resident/hook-clock.d.ts
@hapsland/hook-entry:build: /workspace/typescript/hapsland-243/node_modules/effect/dist/ConfigProvider.d.ts
@hapsland/hook-entry:build: /workspace/typescript/hapsland-243/node_modules/effect/dist/Config.d.ts
@hapsland/hook-entry:build: /workspace/typescript/hapsland-243/node_modules/effect/dist/Runtime.d.ts
@hapsland/hook-entry:build: /workspace/typescript/hapsland-243/node_modules/effect/dist/cli/CliError.d.ts
@hapsland/hook-entry:build: /workspace/typescript/hapsland-243/node_modules/effect/dist/process/ChildProcess.d.ts
@hapsland/hook-entry:build: /workspace/typescript/hapsland-243/node_modules/effect/dist/process/ChildProcessSpawner.d.ts
@hapsland/hook-entry:build: /workspace/typescript/hapsland-243/node_modules/effect/dist/Stdio.d.ts
@hapsland/hook-entry:build: /workspace/typescript/hapsland-243/node_modules/effect/dist/Terminal.d.ts
@hapsland/hook-entry:build: /workspace/typescript/hapsland-243/node_modules/effect/dist/cli/GlobalFlag.d.ts
@hapsland/hook-entry:build: /workspace/typescript/hapsland-243/node_modules/effect/dist/cli/HelpDoc.d.ts
@hapsland/hook-entry:build: /workspace/typescript/hapsland-243/node_modules/effect/dist/cli/Primitive.d.ts
@hapsland/hook-entry:build: /workspace/typescript/hapsland-243/node_modules/effect/dist/cli/Prompt.d.ts
@hapsland/hook-entry:build: /workspace/typescript/hapsland-243/node_modules/effect/dist/cli/Param.d.ts
@hapsland/hook-entry:build: /workspace/typescript/hapsland-243/node_modules/effect/dist/cli/internal/config.d.ts
@hapsland/hook-entry:build: /workspace/typescript/hapsland-243/node_modules/effect/dist/cli/internal/command.d.ts
@hapsland/hook-entry:build: /workspace/typescript/hapsland-243/node_modules/effect/dist/cli/Command.d.ts
@hapsland/hook-entry:build: /workspace/typescript/hapsland-243/node_modules/effect/dist/cli/Flag.d.ts
@hapsland/hook-entry:build: /workspace/typescript/hapsland-243/packages/hook-runtime/dist/hooks/arguments.d.ts
@hapsland/hook-entry:build: /workspace/typescript/hapsland-243/packages/hook-runtime/dist/hooks/command.d.ts
@hapsland/hook-entry:build: /workspace/typescript/hapsland-243/packages/hook-runtime/dist/hooks/program.d.ts
@hapsland/hook-entry:build: /workspace/typescript/hapsland-243/packages/runtime-environment/dist/runtime/cli-information.d.ts
@hapsland/hook-entry:build: /workspace/typescript/hapsland-243/packages/runtime-environment/dist/runtime/release-identity.generated.d.ts
@hapsland/hook-entry:build: /workspace/typescript/hapsland-243/packages/runtime-environment/dist/runtime/bun-runtime.d.ts
@hapsland/hook-entry:build: /workspace/typescript/hapsland-243/packages/runtime-environment/dist/runtime/package-runtime.d.ts
@hapsland/hook-entry:build: /workspace/typescript/hapsland-243/packages/hook-entry/src/hook-main.ts
@hapsland/hook-entry:build: /workspace/typescript/hapsland-243/node_modules/undici-types/utility.d.ts
@hapsland/hook-entry:build: /workspace/typescript/hapsland-243/node_modules/undici-types/header.d.ts
@hapsland/hook-entry:build: /workspace/typescript/hapsland-243/node_modules/undici-types/readable.d.ts
@hapsland/hook-entry:build: /workspace/typescript/hapsland-243/node_modules/@types/node/globals.typedarray.d.ts
@hapsland/hook-entry:build: /workspace/typescript/hapsland-243/node_modules/@types/node/buffer.buffer.d.ts
@hapsland/hook-entry:build: /workspace/typescript/hapsland-243/node_modules/@types/node/globals.d.ts
@hapsland/hook-entry:build: /workspace/typescript/hapsland-243/node_modules/@types/node/web-globals/abortcontroller.d.ts
@hapsland/hook-entry:build: /workspace/typescript/hapsland-243/node_modules/@types/node/web-globals/blob.d.ts
@hapsland/hook-entry:build: /workspace/typescript/hapsland-243/node_modules/@types/node/web-globals/console.d.ts
@hapsland/hook-entry:build: /workspace/typescript/hapsland-243/node_modules/@types/node/web-globals/crypto.d.ts
@hapsland/hook-entry:build: /workspace/typescript/hapsland-243/node_modules/@types/node/web-globals/domexception.d.ts
@hapsland/hook-entry:build: /workspace/typescript/hapsland-243/node_modules/@types/node/web-globals/encoding.d.ts
@hapsland/hook-entry:build: /workspace/typescript/hapsland-243/node_modules/@types/node/web-globals/events.d.ts
@hapsland/hook-entry:build: /workspace/typescript/hapsland-243/node_modules/@types/node/web-globals/fetch.d.ts
@hapsland/hook-entry:build: /workspace/typescript/hapsland-243/node_modules/@types/node/web-globals/importmeta.d.ts
@hapsland/hook-entry:build: /workspace/typescript/hapsland-243/node_modules/@types/node/web-globals/messaging.d.ts
@hapsland/hook-entry:build: /workspace/typescript/hapsland-243/node_modules/@types/node/web-globals/navigator.d.ts
@hapsland/hook-entry:build: /workspace/typescript/hapsland-243/node_modules/@types/node/web-globals/performance.d.ts
@hapsland/hook-entry:build: /workspace/typescript/hapsland-243/node_modules/@types/node/web-globals/storage.d.ts
@hapsland/hook-entry:build: /workspace/typescript/hapsland-243/node_modules/@types/node/web-globals/streams.d.ts
@hapsland/hook-entry:build: /workspace/typescript/hapsland-243/node_modules/@types/node/web-globals/timers.d.ts
@hapsland/hook-entry:build: /workspace/typescript/hapsland-243/node_modules/@types/node/web-globals/url.d.ts
@hapsland/hook-entry:build: /workspace/typescript/hapsland-243/node_modules/@types/node/assert.d.ts
@hapsland/hook-entry:build: /workspace/typescript/hapsland-243/node_modules/@types/node/assert/strict.d.ts
@hapsland/hook-entry:build: /workspace/typescript/hapsland-243/node_modules/@types/node/async_hooks.d.ts
@hapsland/hook-entry:build: /workspace/typescript/hapsland-243/node_modules/@types/node/buffer.d.ts
@hapsland/hook-entry:build: /workspace/typescript/hapsland-243/node_modules/@types/node/child_process.d.ts
@hapsland/hook-entry:build: /workspace/typescript/hapsland-243/node_modules/@types/node/cluster.d.ts
@hapsland/hook-entry:build: /workspace/typescript/hapsland-243/node_modules/@types/node/console.d.ts
@hapsland/hook-entry:build: /workspace/typescript/hapsland-243/node_modules/@types/node/constants.d.ts
@hapsland/hook-entry:build: /workspace/typescript/hapsland-243/node_modules/@types/node/crypto.d.ts
@hapsland/hook-entry:build: /workspace/typescript/hapsland-243/node_modules/@types/node/dgram.d.ts
@hapsland/hook-entry:build: /workspace/typescript/hapsland-243/node_modules/@types/node/diagnostics_channel.d.ts
@hapsland/hook-entry:build: /workspace/typescript/hapsland-243/node_modules/@types/node/dns.d.ts
@hapsland/hook-entry:build: /workspace/typescript/hapsland-243/node_modules/@types/node/dns/promises.d.ts
@hapsland/hook-entry:build: /workspace/typescript/hapsland-243/node_modules/@types/node/domain.d.ts
@hapsland/hook-entry:build: /workspace/typescript/hapsland-243/node_modules/@types/node/events.d.ts
@hapsland/hook-entry:build: /workspace/typescript/hapsland-243/node_modules/@types/node/ffi.d.ts
@hapsland/hook-entry:build: /workspace/typescript/hapsland-243/node_modules/@types/node/fs.d.ts
@hapsland/hook-entry:build: /workspace/typescript/hapsland-243/node_modules/@types/node/fs/promises.d.ts
@hapsland/hook-entry:build: /workspace/typescript/hapsland-243/node_modules/@types/node/http.d.ts
@hapsland/hook-entry:build: /workspace/typescript/hapsland-243/node_modules/@types/node/http2.d.ts
@hapsland/hook-entry:build: /workspace/typescript/hapsland-243/node_modules/@types/node/https.d.ts
@hapsland/hook-entry:build: /workspace/typescript/hapsland-243/node_modules/@types/node/inspector.d.ts
@hapsland/hook-entry:build: /workspace/typescript/hapsland-243/node_modules/@types/node/inspector.generated.d.ts
@hapsland/hook-entry:build: /workspace/typescript/hapsland-243/node_modules/@types/node/inspector/promises.d.ts
@hapsland/hook-entry:build: /workspace/typescript/hapsland-243/node_modules/@types/node/module.d.ts
@hapsland/hook-entry:build: /workspace/typescript/hapsland-243/node_modules/@types/node/net.d.ts
@hapsland/hook-entry:build: /workspace/typescript/hapsland-243/node_modules/@types/node/os.d.ts
@hapsland/hook-entry:build: /workspace/typescript/hapsland-243/node_modules/@types/node/path.d.ts
@hapsland/hook-entry:build: /workspace/typescript/hapsland-243/node_modules/@types/node/path/posix.d.ts
@hapsland/hook-entry:build: /workspace/typescript/hapsland-243/node_modules/@types/node/path/win32.d.ts
@hapsland/hook-entry:build: /workspace/typescript/hapsland-243/node_modules/@types/node/perf_hooks.d.ts
@hapsland/hook-entry:build: /workspace/typescript/hapsland-243/node_modules/@types/node/process.d.ts
@hapsland/hook-entry:build: /workspace/typescript/hapsland-243/node_modules/@types/node/punycode.d.ts
@hapsland/hook-entry:build: /workspace/typescript/hapsland-243/node_modules/@types/node/querystring.d.ts
@hapsland/hook-entry:build: /workspace/typescript/hapsland-243/node_modules/@types/node/quic.d.ts
@hapsland/hook-entry:build: /workspace/typescript/hapsland-243/node_modules/@types/node/readline.d.ts
@hapsland/hook-entry:build: /workspace/typescript/hapsland-243/node_modules/@types/node/readline/promises.d.ts
@hapsland/hook-entry:build: /workspace/typescript/hapsland-243/node_modules/@types/node/repl.d.ts
@hapsland/hook-entry:build: /workspace/typescript/hapsland-243/node_modules/@types/node/sea.d.ts
@hapsland/hook-entry:build: /workspace/typescript/hapsland-243/node_modules/@types/node/sqlite.d.ts
@hapsland/hook-entry:build: /workspace/typescript/hapsland-243/node_modules/@types/node/stream.d.ts
@hapsland/hook-entry:build: /workspace/typescript/hapsland-243/node_modules/@types/node/stream/consumers.d.ts
@hapsland/hook-entry:build: /workspace/typescript/hapsland-243/node_modules/@types/node/stream/iter.d.ts
@hapsland/hook-entry:build: /workspace/typescript/hapsland-243/node_modules/@types/node/stream/promises.d.ts
@hapsland/hook-entry:build: /workspace/typescript/hapsland-243/node_modules/@types/node/stream/web.d.ts
@hapsland/hook-entry:build: /workspace/typescript/hapsland-243/node_modules/@types/node/string_decoder.d.ts
@hapsland/hook-entry:build: /workspace/typescript/hapsland-243/node_modules/@types/node/test.d.ts
@hapsland/hook-entry:build: /workspace/typescript/hapsland-243/node_modules/@types/node/test/reporters.d.ts
@hapsland/hook-entry:build: /workspace/typescript/hapsland-243/node_modules/@types/node/timers.d.ts
@hapsland/hook-entry:build: /workspace/typescript/hapsland-243/node_modules/@types/node/timers/promises.d.ts
@hapsland/hook-entry:build: /workspace/typescript/hapsland-243/node_modules/@types/node/tls.d.ts
@hapsland/hook-entry:build: /workspace/typescript/hapsland-243/node_modules/@types/node/trace_events.d.ts
@hapsland/hook-entry:build: /workspace/typescript/hapsland-243/node_modules/@types/node/tty.d.ts
@hapsland/hook-entry:build: /workspace/typescript/hapsland-243/node_modules/@types/node/url.d.ts
@hapsland/hook-entry:build: /workspace/typescript/hapsland-243/node_modules/@types/node/util.d.ts
@hapsland/hook-entry:build: /workspace/typescript/hapsland-243/node_modules/@types/node/util/types.d.ts
@hapsland/hook-entry:build: /workspace/typescript/hapsland-243/node_modules/@types/node/v8.d.ts
@hapsland/hook-entry:build: /workspace/typescript/hapsland-243/node_modules/@types/node/vm.d.ts
@hapsland/hook-entry:build: /workspace/typescript/hapsland-243/node_modules/@types/node/wasi.d.ts
@hapsland/hook-entry:build: /workspace/typescript/hapsland-243/node_modules/@types/node/worker_threads.d.ts
@hapsland/hook-entry:build: /workspace/typescript/hapsland-243/node_modules/@types/node/zlib.d.ts
@hapsland/hook-entry:build: /workspace/typescript/hapsland-243/node_modules/@types/node/zlib/iter.d.ts
@hapsland/hook-entry:build: /workspace/typescript/hapsland-243/node_modules/@types/node/index.d.ts
@hapsland/hook-entry:build: /workspace/typescript/hapsland-243/node_modules/undici-types/fetch.d.ts
@hapsland/hook-entry:build: /workspace/typescript/hapsland-243/node_modules/undici-types/formdata.d.ts
@hapsland/hook-entry:build: /workspace/typescript/hapsland-243/node_modules/undici-types/connector.d.ts
@hapsland/hook-entry:build: /workspace/typescript/hapsland-243/node_modules/undici-types/client-stats.d.ts
@hapsland/hook-entry:build: /workspace/typescript/hapsland-243/node_modules/undici-types/client.d.ts
@hapsland/hook-entry:build: /workspace/typescript/hapsland-243/node_modules/undici-types/errors.d.ts
@hapsland/hook-entry:build: /workspace/typescript/hapsland-243/node_modules/undici-types/dispatcher.d.ts
@hapsland/hook-entry:build: /workspace/typescript/hapsland-243/node_modules/undici-types/global-dispatcher.d.ts
@hapsland/hook-entry:build: /workspace/typescript/hapsland-243/node_modules/undici-types/global-origin.d.ts
@hapsland/hook-entry:build: /workspace/typescript/hapsland-243/node_modules/undici-types/pool-stats.d.ts
@hapsland/hook-entry:build: /workspace/typescript/hapsland-243/node_modules/undici-types/pool.d.ts
@hapsland/hook-entry:build: /workspace/typescript/hapsland-243/node_modules/undici-types/handlers.d.ts
@hapsland/hook-entry:build: /workspace/typescript/hapsland-243/node_modules/undici-types/balanced-pool.d.ts
@hapsland/hook-entry:build: /workspace/typescript/hapsland-243/node_modules/undici-types/round-robin-pool.d.ts
@hapsland/hook-entry:build: /workspace/typescript/hapsland-243/node_modules/undici-types/h2c-client.d.ts
@hapsland/hook-entry:build: /workspace/typescript/hapsland-243/node_modules/undici-types/agent.d.ts
@hapsland/hook-entry:build: /workspace/typescript/hapsland-243/node_modules/undici-types/dispatcher1-wrapper.d.ts
@hapsland/hook-entry:build: /workspace/typescript/hapsland-243/node_modules/undici-types/mock-interceptor.d.ts
@hapsland/hook-entry:build: /workspace/typescript/hapsland-243/node_modules/undici-types/mock-call-history.d.ts
@hapsland/hook-entry:build: /workspace/typescript/hapsland-243/node_modules/undici-types/mock-agent.d.ts
@hapsland/hook-entry:build: /workspace/typescript/hapsland-243/node_modules/undici-types/mock-client.d.ts
@hapsland/hook-entry:build: /workspace/typescript/hapsland-243/node_modules/undici-types/mock-pool.d.ts
@hapsland/hook-entry:build: /workspace/typescript/hapsland-243/node_modules/undici-types/snapshot-agent.d.ts
@hapsland/hook-entry:build: /workspace/typescript/hapsland-243/node_modules/undici-types/mock-errors.d.ts
@hapsland/hook-entry:build: /workspace/typescript/hapsland-243/node_modules/undici-types/proxy-agent.d.ts
@hapsland/hook-entry:build: /workspace/typescript/hapsland-243/node_modules/undici-types/socks5-proxy-agent.d.ts
@hapsland/hook-entry:build: /workspace/typescript/hapsland-243/node_modules/undici-types/env-http-proxy-agent.d.ts
@hapsland/hook-entry:build: /workspace/typescript/hapsland-243/node_modules/undici-types/retry-handler.d.ts
@hapsland/hook-entry:build: /workspace/typescript/hapsland-243/node_modules/undici-types/retry-agent.d.ts
@hapsland/hook-entry:build: /workspace/typescript/hapsland-243/node_modules/undici-types/api.d.ts
@hapsland/hook-entry:build: /workspace/typescript/hapsland-243/node_modules/undici-types/cache-interceptor.d.ts
@hapsland/hook-entry:build: /workspace/typescript/hapsland-243/node_modules/undici-types/interceptors.d.ts
@hapsland/hook-entry:build: /workspace/typescript/hapsland-243/node_modules/undici-types/util.d.ts
@hapsland/hook-entry:build: /workspace/typescript/hapsland-243/node_modules/undici-types/cookies.d.ts
@hapsland/hook-entry:build: /workspace/typescript/hapsland-243/node_modules/undici-types/patch.d.ts
@hapsland/hook-entry:build: /workspace/typescript/hapsland-243/node_modules/undici-types/websocket.d.ts
@hapsland/hook-entry:build: /workspace/typescript/hapsland-243/node_modules/undici-types/eventsource.d.ts
@hapsland/hook-entry:build: /workspace/typescript/hapsland-243/node_modules/undici-types/diagnostics-channel.d.ts
@hapsland/hook-entry:build: /workspace/typescript/hapsland-243/node_modules/undici-types/content-type.d.ts
@hapsland/hook-entry:build: /workspace/typescript/hapsland-243/node_modules/undici-types/cache.d.ts
@hapsland/hook-entry:build: /workspace/typescript/hapsland-243/node_modules/undici-types/index.d.ts
@hapsland/hook-entry:build: /workspace/typescript/hapsland-243/node_modules/bun-types/globals.d.ts
@hapsland/hook-entry:build: /workspace/typescript/hapsland-243/node_modules/bun-types/s3.d.ts
@hapsland/hook-entry:build: /workspace/typescript/hapsland-243/node_modules/bun-types/fetch.d.ts
@hapsland/hook-entry:build: /workspace/typescript/hapsland-243/node_modules/bun-types/jsx.d.ts
@hapsland/hook-entry:build: /workspace/typescript/hapsland-243/node_modules/bun-types/bun.d.ts
@hapsland/hook-entry:build: /workspace/typescript/hapsland-243/node_modules/bun-types/extensions.d.ts
@hapsland/hook-entry:build: /workspace/typescript/hapsland-243/node_modules/bun-types/devserver.d.ts
@hapsland/hook-entry:build: /workspace/typescript/hapsland-243/node_modules/bun-types/ffi.d.ts
@hapsland/hook-entry:build: /workspace/typescript/hapsland-243/node_modules/bun-types/html-rewriter.d.ts
@hapsland/hook-entry:build: /workspace/typescript/hapsland-243/node_modules/bun-types/jsc.d.ts
@hapsland/hook-entry:build: /workspace/typescript/hapsland-243/node_modules/bun-types/sqlite.d.ts
@hapsland/hook-entry:build: /workspace/typescript/hapsland-243/node_modules/bun-types/vendor/expect-type/utils.d.ts
@hapsland/hook-entry:build: /workspace/typescript/hapsland-243/node_modules/bun-types/vendor/expect-type/overloads.d.ts
@hapsland/hook-entry:build: /workspace/typescript/hapsland-243/node_modules/bun-types/vendor/expect-type/branding.d.ts
@hapsland/hook-entry:build: /workspace/typescript/hapsland-243/node_modules/bun-types/vendor/expect-type/messages.d.ts
@hapsland/hook-entry:build: /workspace/typescript/hapsland-243/node_modules/bun-types/vendor/expect-type/index.d.ts
@hapsland/hook-entry:build: /workspace/typescript/hapsland-243/node_modules/bun-types/test.d.ts
@hapsland/hook-entry:build: /workspace/typescript/hapsland-243/node_modules/bun-types/wasm.d.ts
@hapsland/hook-entry:build: /workspace/typescript/hapsland-243/node_modules/bun-types/overrides.d.ts
@hapsland/hook-entry:build: /workspace/typescript/hapsland-243/node_modules/bun-types/deprecated.d.ts
@hapsland/hook-entry:build: /workspace/typescript/hapsland-243/node_modules/bun-types/redis.d.ts
@hapsland/hook-entry:build: /workspace/typescript/hapsland-243/node_modules/bun-types/shell.d.ts
@hapsland/hook-entry:build: /workspace/typescript/hapsland-243/node_modules/bun-types/serve.d.ts
@hapsland/hook-entry:build: /workspace/typescript/hapsland-243/node_modules/bun-types/sql.d.ts
@hapsland/hook-entry:build: /workspace/typescript/hapsland-243/node_modules/bun-types/security.d.ts
@hapsland/hook-entry:build: /workspace/typescript/hapsland-243/node_modules/bun-types/bundle.d.ts
@hapsland/hook-entry:build: /workspace/typescript/hapsland-243/node_modules/bun-types/bun.ns.d.ts
@hapsland/hook-entry:build: /workspace/typescript/hapsland-243/node_modules/bun-types/index.d.ts
@hapsland/hook-entry:build: /workspace/typescript/hapsland-243/node_modules/@types/bun/index.d.ts
@hapsland/hook-entry:build: 
@hapsland/hook-entry:build:     at file:///workspace/typescript/hapsland-243/scripts/compile-package.mjs:45:30
@hapsland/hook-entry:build:     at async file:///workspace/typescript/hapsland-243/scripts/compile-package.mjs:12:1
@hapsland/hook-entry:build: 
@hapsland/hook-entry:build: Node.js v24.20.0
@hapsland/hook-entry:build: error: script "build" exited with code 1
@hapsland/hook-entry#build:  ERROR  command (/workspace/typescript/hapsland-243/packages/hook-entry) /workspace/typescript/hapsland-243/node_modules/.bin/bun run build exited (1)

 Tasks:    25 successful, 26 total
Cached:    25 cached, 26 total
  Time:    659ms 
Failed:    @hapsland/hook-entry#build

 ERROR  run failed: command  exited (1)
file:///workspace/typescript/hapsland-243/scripts/build-process.mjs:108
    if (result.code !== 0) throw new Error(`Build process failed (${result.code ?? result.signal}): ${command}`)
                                 ^

Error: Build process failed (1): /workspace/typescript/hapsland-243/node_modules/.bin/turbo
    at runBuildProcess (file:///workspace/typescript/hapsland-243/scripts/build-process.mjs:108:34)
    at process.processTicksAndRejections (node:internal/process/task_queues:104:5)
    at async file:///workspace/typescript/hapsland-243/scripts/build-workspaces.mjs:45:3
    at async file:///workspace/typescript/hapsland-243/scripts/build-workspaces.mjs:20:1

Node.js v24.20.0
file:///workspace/typescript/hapsland-243/scripts/build-process.mjs:108
    if (result.code !== 0) throw new Error(`Build process failed (${result.code ?? result.signal}): ${command}`)
                                 ^

Error: Build process failed (1): /home/node/.local/share/mise/installs/node/24.20.0/bin/node
    at runBuildProcess (file:///workspace/typescript/hapsland-243/scripts/build-process.mjs:108:34)
    at process.processTicksAndRejections (node:internal/process/task_queues:104:5)
    at async file:///workspace/typescript/hapsland-243/scripts/build-product.mjs:39:5
    at async file:///workspace/typescript/hapsland-243/scripts/build-product.mjs:19:1

Node.js v24.20.0
