
 RUN  v5.0.1 /workspace/typescript/hapsland-243
      Coverage enabled with v8


FAIL /workspace/typescript/hapsland-243/src/activity/subprocess.test.ts > production resident activity subprocess > reports a controlled native event as pending, then restarted/lost after resident death
Error: timed out waiting for subprocess state
    at waitFor (/workspace/typescript/hapsland-243/src/activity/subprocess.test.ts:75:9)
    at /workspace/typescript/hapsland-243/src/activity/subprocess.test.ts:146:5
    at file:///workspace/typescript/hapsland-243/node_modules/vitest/dist/chunks/run.C5UmxDPh.js:1628:35
    at file:///workspace/typescript/hapsland-243/node_modules/vitest/dist/chunks/run.C5UmxDPh.js:2783:26
    at file:///workspace/typescript/hapsland-243/node_modules/vitest/dist/chunks/run.C5UmxDPh.js:3319:20
    at new Promise (<anonymous>)
    at runWithCancel (file:///workspace/typescript/hapsland-243/node_modules/vitest/dist/chunks/run.C5UmxDPh.js:3314:10)
    at file:///workspace/typescript/hapsland-243/node_modules/vitest/dist/chunks/run.C5UmxDPh.js:3299:20
    at new Promise (<anonymous>)
    at runWithTimeout (file:///workspace/typescript/hapsland-243/node_modules/vitest/dist/chunks/run.C5UmxDPh.js:3257:10)
 ❯ src/activity/subprocess.test.ts (2 tests | 1 failed) 8241ms
   ❯ production resident activity subprocess (2)
     ✓ does not treat failed signal delivery or an error event as resident exit 8ms
     × reports a controlled native event as pending, then restarted/lost after resident death 8232ms

⎯⎯⎯⎯⎯⎯⎯ Failed Tests 1 ⎯⎯⎯⎯⎯⎯⎯

 FAIL  src/activity/subprocess.test.ts > production resident activity subprocess > reports a controlled native event as pending, then restarted/lost after resident death
Error: timed out waiting for subprocess state
 ❯ waitFor src/activity/subprocess.test.ts:75:9
     73|     Atomics.wait(new Int32Array(new SharedArrayBuffer(4)), 0, 0, 10)
     74|   }
     75|   throw new Error("timed out waiting for subprocess state")
       |         ^
     76| }
     77|
 ❯ src/activity/subprocess.test.ts:146:5

⎯⎯⎯⎯⎯⎯⎯⎯⎯⎯⎯⎯⎯⎯⎯⎯⎯⎯⎯⎯⎯⎯⎯⎯[1/1]⎯


 Test Files  1 failed (1)
      Tests  1 failed | 1 passed (2)
   Start at  12:19:05
   Duration  17.04s (tests 99%)

 % Coverage report from v8

=============================== Coverage summary ===============================
Statements   : 0.39% ( 89/22690 )
Branches     : 0.06% ( 9/13527 )
Functions    : 0.26% ( 16/6139 )
Lines        : 0.42% ( 83/19704 )
================================================================================
