
 RUN  v5.0.1 /workspace/typescript/hapsland-243
      Coverage enabled with v8

 ✓ src/pi/installed-faults.test.ts (32 tests) 72699ms
   ✓ source Pi lifecycle and concurrent fault isolation (28)
     ✓ registration command timeout cannot invent admission 7023ms
     ✓ an admitted hook worker crash closes incomplete work without advice replay 1720ms
     ✓ late admitted advice stays isolated after the current session changes 2724ms
     ✓ late admitted advice stays isolated after the current root changes 2713ms
     ✓ resident loss during admitted review withholds its finding and allows fresh resident startup 7985ms
     ✓ excluded current source never reaches review egress 1145ms
     ✓ symlink current source never reaches review egress 1213ms
     ✓ resident loss retires the old admission without replay and permits fresh work 11111ms
     ✓ an expired native permit cannot review its late result 618ms
     ✓ native abort settlement closes admitted work without a pre-settle callback 1327ms
     ✓ reload preserves the closed old partition without replay 942ms
     ✓ later arguments mutation cannot redirect an admitted edit 728ms
     ✓ later patch mutation cannot redirect an admitted edit 967ms
   ✓ installed Pi lifecycle and concurrent fault isolation (4)
     ✓ an admitted hook worker crash closes incomplete work without advice replay 1430ms
     ✓ an admitted hook worker timeout closes incomplete work without advice replay 8026ms
     ✓ late admitted advice stays isolated after the current root changes 2027ms
     ✓ resident loss during admitted review withholds its finding and allows fresh resident startup 3988ms
 ✓ src/test-support/pi-installed.test.ts (9 tests) 4180ms
(node:377353) ExperimentalWarning: stripTypeScriptTypes is an experimental feature and might change at any time
(Use `node --trace-warnings ...` to show where the warning was created)

 Test Files  2 passed (2)
      Tests  41 passed (41)
   Start at  07:46:40
   Duration  97.35s (tests 99%, import 1%)

 % Coverage report from v8

=============================== Coverage summary ===============================
Statements   : 43.15% ( 10501/24336 )
Branches     : 24.8% ( 3532/14240 )
Functions    : 40.07% ( 2460/6138 )
Lines        : 43.97% ( 8665/19703 )
================================================================================
