✔ rejects guaranteed CRAP failure without generating coverage (105.212565ms)
✔ equality passes the lower bound without claiming coverage (68.189026ms)
✔ preserves native source selection and global threshold (440.329144ms)
✔ a higher path override cannot cause false early rejection (73.761743ms)
✔ source and configuration analysis errors remain errors (190.849122ms)

FAIL case.ts > rejects stale work
mismatch
Actual: 1
Expected: 2

FAIL broken.ts (collection or suite hook)
import failed
Error: Focused selection executed zero tests (2 skipped, 0 pending); check selected files and testNamePattern: {"files":["case.ts"],"options":["--testNamePattern=missing"]}
    at ImmediateErrors.onTestRunEnd (file:///workspace/typescript/hapsland-243/scripts/test-harness/immediate-errors.mjs:35:9)
    at TestContext.<anonymous> (file:///workspace/typescript/hapsland-243/scripts/test-harness/immediate-errors.test.mjs:61:14)
    at Test.runInAsyncScope (node:async_hooks:227:14)
    at Test.run (node:internal/test_runner/test:1397:25)
    at Test.processPendingSubtests (node:internal/test_runner/test:969:18)
    at Test.postRun (node:internal/test_runner/test:1537:19)
    at Test.run (node:internal/test_runner/test:1462:12)
    at async startSubtestAfterBootstrap (node:internal/test_runner/harness:387:3)
✔ retains case and collection failures independently of later console output (4.751542ms)
✔ focused all-skipped structured results retain a failure; partial skips and full runs do not (1.81235ms)
✔ a stage inside its authenticated checkout lease passes before the enclosing transaction releases ownership (124.601197ms)
✔ ordinary failure preserves its log and does not suppress independent checks (459.807735ms)
✔ source identity failures retain a terminal run record (162.337034ms)
✔ prerequisite failures retain independent checks and record skipped dependents (154.101835ms)
✔ deadline terminates a child, persists failure, and admits no later work (130.874503ms)
✔ exclusive full gate fails immediately; valid nested test shares records (117.210297ms)
✔ focused mode refuses empty and broad selections (13.507954ms)
✔ persistent reporter failures prevent a nominal zero exit from passing (102.543583ms)
✔ nested test cannot extend its parent's absolute deadline (31.606449ms)
✔ quality preserves threshold breach exit two but test failure stays exit one (487.03577ms)
✔ failure events are surfaced during the run and retained in the final result (515.923986ms)
✔ real quality parent remains running while nested test can finish successfully (269.809745ms)
file:///workspace/typescript/hapsland-243/scripts/test-harness/run-checks.mjs:81
    if (!scopedId) throw new Error(`No recorded run for scope: ${scope}`)
                         ^

Error: No recorded run for scope: missing-slice
    at showStatus (file:///workspace/typescript/hapsland-243/scripts/test-harness/run-checks.mjs:81:26)
    at async main (file:///workspace/typescript/hapsland-243/scripts/test-harness/run-checks.mjs:680:5)
    at async file:///workspace/typescript/hapsland-243/[eval1]:1:122

Node.js v24.20.0
file:///workspace/typescript/hapsland-243/scripts/test-harness/run-checks.mjs:68
    if (id !== undefined) throw new Error("status accepts a run id or --scope, not both")
                                ^

Error: status accepts a run id or --scope, not both
    at showStatus (file:///workspace/typescript/hapsland-243/scripts/test-harness/run-checks.mjs:68:33)
    at main (file:///workspace/typescript/hapsland-243/scripts/test-harness/run-checks.mjs:680:11)
    at file:///workspace/typescript/hapsland-243/[eval1]:1:128
    at ModuleJob.run (node:internal/modules/esm/module_job:561:25)
    at async node:internal/modules/esm/loader:223:26
    at async ModuleLoader.executeModuleJob (node:internal/modules/esm/loader:220:20)
    at async asyncRunEntryPointWithESMLoader (node:internal/modules/run_main:101:5)

Node.js v24.20.0
file:///workspace/typescript/hapsland-243/scripts/test-harness/run-checks.mjs:81
    if (!scopedId) throw new Error(`No recorded run for scope: ${scope}`)
                         ^

Error: No recorded run for scope: original-output
    at showStatus (file:///workspace/typescript/hapsland-243/scripts/test-harness/run-checks.mjs:81:26)
    at async main (file:///workspace/typescript/hapsland-243/scripts/test-harness/run-checks.mjs:680:5)
    at async file:///workspace/typescript/hapsland-243/[eval1]:1:122

Node.js v24.20.0
✔ CLI records focused scope without forwarding it and reports different commits informationally (1708.095685ms)
✔ actual focused CLI rejects an all-skipped selector and permits selected execution (2170.848404ms)
✔ quality records lint exit 0 and starts coverage only after lint passes (554.881418ms)
✔ quality records lint exit 1 and starts coverage only after lint passes (401.428505ms)
✔ real complexity prerequisite with 0 branches preserves the final coverage boundary (701.176642ms)
✔ real complexity prerequisite with 8 branches preserves the final coverage boundary (416.420723ms)
✔ artifact preparation shares a focused parent's records and cannot extend its deadline (292.745117ms)
✔ surviving product ownership fails the stage and retains the enclosing full lock (203.902864ms)
✔ verification mutation cancels a long child, keeps completed evidence and admits no later stage (1201.324113ms)
✔ unrelated documents during a long stage do not invalidate verification (1641.164794ms)
✔ relevant addition between stages blocks admission (398.424478ms)
✔ relevant deletion between stages blocks admission (449.848938ms)
✔ invalidated run retains its exclusive lock until the child and descendant stop (1281.56033ms)
✔ cancellation escalates to kill for a child and descendant that ignore termination (2339.255451ms)
✔ final input identity catches a mutation after the last completed stage (438.709338ms)
✔ observation preserves linked target identity through cached scans (363.399498ms)
✔ observation preserves submodule content identity through cached scans (925.619315ms)
✔ input invalidation during stage admission does not launch the child (465.99079ms)
✔ quality acknowledgment fails before creating run state (40.454029ms)
✔ failed quality prerequisite blocks lint and coverage with retained diagnostics (566.932401ms)
✔ compiled commands exclude only the owned source preload; source commands retain it (2449.85519ms)
✔ fast deduplicates explicit selections and does not prepare installed artifacts (4.756042ms)
✔ boundary requires explicit consumers and a checked archive (3.862743ms)
✔ native agents require explicit host/model/scenario and Pi selects its authenticated profile (0.349837ms)
✔ native compiler checks require a target and actual selected tests (0.109917ms)
✔ stress remains an explicit selection and quality preserves the complete deterministic prerequisites (0.119876ms)
✔ every profile has a finite deadline and rejects native options on ordinary checks (0.108668ms)
✔ native plans reject unsupported scenarios and provider/model mismatches before preparing artifacts (0.104001ms)
✔ quality profile rejects missing acknowledgment before creating run state (30.923401ms)
RUN 20261007172622749-2276457-e0ea8d quality; deadline 2026-10-07T17:26:32.750Z; records /tmp/hapsland-verify-i8ZGbJ/.test-runs/20261007172622749-2276457-e0ea8d
START quality-preflight; log /tmp/hapsland-verify-i8ZGbJ/.test-runs/20261007172622749-2276457-e0ea8d/2276457-001-quality-preflight.log
Node.js v24.20.0
✖ scripts/test-harness/immediate-errors.test.mjs (41.896374ms)
✔ scripts/test-harness/run-checks.test.mjs (41.594497ms)
✔ scripts/test-harness/verification-plan.test.mjs (43.705099ms)
✔ scripts/test-harness/verify.test.mjs (63.82082ms)
ℹ tests 5
ℹ suites 0
ℹ pass 4
ℹ fail 1
ℹ cancelled 0
ℹ skipped 0
ℹ todo 0
ℹ duration_ms 94.730805

✖ failing tests:

test at scripts/test-harness/immediate-errors.test.mjs:1:1
✖ scripts/test-harness/immediate-errors.test.mjs (41.896374ms)
  'test failed'

FAILED quality-preflight 0.16s; exit 1; log /tmp/hapsland-verify-i8ZGbJ/.test-runs/20261007172622749-2276457-e0ea8d/2276457-001-quality-preflight.log
SKIP lint-code; prerequisite-failed
SKIP quality-complexity; prerequisite-failed
SKIP quality; prerequisite-failed
END failed; 0.32s; 4 failed stages, 0 test failures; results /tmp/hapsland-verify-i8ZGbJ/.test-runs/20261007172622749-2276457-e0ea8d/results.json
✔ acknowledged quality profile retains failed prerequisites without starting coverage (510.29102ms)
RUN 20261007172623271-2276457-aa557a focused; deadline 2026-10-07T17:26:33.271Z; records /tmp/hapsland-verify-CTzG2y/.test-runs/20261007172623271-2276457-aa557a
START check-fast; log /tmp/hapsland-verify-CTzG2y/.test-runs/20261007172623271-2276457-aa557a/2276457-001-check-fast.log
PASSED check-fast 0.27s; exit 0; log /tmp/hapsland-verify-CTzG2y/.test-runs/20261007172623271-2276457-aa557a/2276457-001-check-fast.log
START node-focused; log /tmp/hapsland-verify-CTzG2y/.test-runs/20261007172623271-2276457-aa557a/2276457-002-node-focused.log
PASSED node-focused 0.09s; exit 0; log /tmp/hapsland-verify-CTzG2y/.test-runs/20261007172623271-2276457-aa557a/2276457-002-node-focused.log
END passed; 0.489s; 0 failed stages, 0 test failures; results /tmp/hapsland-verify-CTzG2y/.test-runs/20261007172623271-2276457-aa557a/results.json
✔ fast CLI executes one deduplicated selection and persists the resolved plan (553.223695ms)
RUN 20261007172623811-2276457-65ebb7 focused; deadline 2026-10-07T17:26:33.811Z; records /tmp/hapsland-verify-dkzqaZ/.test-runs/20261007172623811-2276457-65ebb7
START check-fast; log /tmp/hapsland-verify-dkzqaZ/.test-runs/20261007172623811-2276457-65ebb7/2276457-001-check-fast.log
PASSED check-fast 0.37s; exit 0; log /tmp/hapsland-verify-dkzqaZ/.test-runs/20261007172623811-2276457-65ebb7/2276457-001-check-fast.log
FAIL source-identity; Verification inputs changed: src/main.ts
END aborted; 0.455s; 1 failed stages, 0 test failures; results /tmp/hapsland-verify-dkzqaZ/.test-runs/20261007172623811-2276457-65ebb7/results.json
✔ source changes during checks fail the profile instead of accepting mixed inputs (649.633765ms)
RUN 20261007172624441-2276457-428b26 focused; deadline 2026-10-07T17:26:24.442Z; records /tmp/hapsland-verify-ZC9sf4/.test-runs/20261007172624441-2276457-428b26
FAIL verification; Source identity deadline exceeded
END failed; 0.031s; 1 failed stages, 0 test failures; results /tmp/hapsland-verify-ZC9sf4/.test-runs/20261007172624441-2276457-428b26/results.json
✔ a deadline during source identification still produces a terminal run record (57.28197ms)
RUN 20261007172624511-2276457-c6c00a focused; deadline 2026-10-07T17:26:34.511Z; records /tmp/hapsland-verify-kj3k5p/.test-runs/20261007172624511-2276457-c6c00a
START node-focused; log /tmp/hapsland-verify-kj3k5p/.test-runs/20261007172624511-2276457-c6c00a/2276457-001-node-focused.log
PASSED node-focused 0.09s; exit 0; log /tmp/hapsland-verify-kj3k5p/.test-runs/20261007172624511-2276457-c6c00a/2276457-001-node-focused.log
END passed; 0.143s; 0 failed stages, 0 test failures; results /tmp/hapsland-verify-kj3k5p/.test-runs/20261007172624511-2276457-c6c00a/results.json
✔ source boundary checks run without invoking package preparation (429.23192ms)
✔ package preparation requirements follow transitive consumer imports (49.511568ms)
RUN 20261007172624990-2276457-51e9aa focused; deadline 2026-10-07T17:26:34.990Z; records /tmp/hapsland-verify-8XGrKO/.test-runs/20261007172624990-2276457-51e9aa
START native-auth-model; log /tmp/hapsland-verify-8XGrKO/.test-runs/20261007172624990-2276457-51e9aa/2276457-001-native-auth-model.log
FAILED native-auth-model 0.06s; exit 7; log /tmp/hapsland-verify-8XGrKO/.test-runs/20261007172624990-2276457-51e9aa/2276457-001-native-auth-model.log
FAIL verification; native-auth-model failed
END failed; 0.181s; 2 failed stages, 0 test failures; results /tmp/hapsland-verify-8XGrKO/.test-runs/20261007172624990-2276457-51e9aa/results.json
✔ failed Pi auth preflight stops before package preparation (243.037131ms)
ℹ tests 55
ℹ suites 0
ℹ pass 55
ℹ fail 0
ℹ cancelled 0
ℹ skipped 0
ℹ todo 0
ℹ duration_ms 19308.20671
