
> @hapsland/hapsland@0.1.0 check:fast
> npm run typecheck && npm run config:check && npm run lint:changed


> @hapsland/hapsland@0.1.0 typecheck
> node scripts/build-workspaces.mjs && node scripts/pinned-typescript.mjs -p tsconfig.json --noEmit && node scripts/package-graph.mjs --check && node scripts/generate-release-identity.mjs --check && node scripts/check-development-imports.mjs

 WARNING  Circular package dependency detected: @hapsland/agent-flow-viz, @hapsland/verification, @hapsland/monkey-business, @hapsland/monkey-business-bend, @hapsland/canonical-defense, @hapsland/build-tooling

   • turbo 2.11.7
   • Packages in scope: @hapsland/activity-observation, @hapsland/administration, @hapsland/agent-flow-bend, @hapsland/canonical-policy, @hapsland/cli-entry, @hapsland/credential-storage, @hapsland/delivery-output, @hapsland/doctor-entry, @hapsland/hook-entry, @hapsland/hook-runtime, @hapsland/inspection-records, @hapsland/native-observation, @hapsland/parser-entry, @hapsland/pi-extension, @hapsland/resident-entry, @hapsland/resident-runtime, @hapsland/resident-transport, @hapsland/review-definition, @hapsland/review-execution, @hapsland/runtime-environment, @hapsland/runtime-inputs, @hapsland/source-analysis, @hapsland/source-artifacts
   • Running build in 23 packages
   • Remote caching disabled

@hapsland/resident-runtime:clean:compiler: cache bypass, force executing ce1212936cd32be2
@hapsland/activity-observation:clean:compiler: cache bypass, force executing 24ae3a8f2dfd1d90
@hapsland/resident-runtime:clean:compiler: $ node ../../scripts/clean-compiler-output.mjs
@hapsland/activity-observation:clean:compiler: $ node ../../scripts/clean-compiler-output.mjs
@hapsland/source-analysis:clean:compiler: cache bypass, force executing cecad6dc8a09b99a
@hapsland/source-analysis:clean:compiler: $ node ../../scripts/clean-compiler-output.mjs
@hapsland/agent-flow-bend:clean:compiler: cache bypass, force executing a571f95319338c91
@hapsland/agent-flow-bend:clean:compiler: $ node ../../scripts/clean-compiler-output.mjs
@hapsland/runtime-environment:clean:compiler: cache bypass, force executing ecb411c305ad256c
@hapsland/runtime-environment:clean:compiler: $ node ../../scripts/clean-compiler-output.mjs
@hapsland/native-observation:clean:compiler: cache bypass, force executing 390d2054ca117144
@hapsland/native-observation:clean:compiler: $ node ../../scripts/clean-compiler-output.mjs
@hapsland/delivery-output:clean:compiler: cache bypass, force executing e9c3666a485a967a
@hapsland/delivery-output:clean:compiler: $ node ../../scripts/clean-compiler-output.mjs
@hapsland/cli-entry:clean:compiler: cache bypass, force executing 14ab7f452560fe73
@hapsland/cli-entry:clean:compiler: $ node ../../scripts/clean-compiler-output.mjs
@hapsland/pi-extension:clean:compiler: cache bypass, force executing 8c950af1b95423c2
@hapsland/pi-extension:clean:compiler: $ node ../../scripts/clean-compiler-output.mjs
@hapsland/canonical-policy:clean:compiler: cache bypass, force executing ecf25b68524b8f6a
@hapsland/canonical-policy:clean:compiler: $ node ../../scripts/clean-compiler-output.mjs
@hapsland/review-definition:clean:compiler: cache bypass, force executing 8555d0c01235f58b
@hapsland/review-definition:clean:compiler: $ node ../../scripts/clean-compiler-output.mjs
@hapsland/inspection-records:clean:compiler: cache bypass, force executing 838f5401239953a3
@hapsland/inspection-records:clean:compiler: $ node ../../scripts/clean-compiler-output.mjs
@hapsland/hook-entry:clean:compiler: cache bypass, force executing ff20880b3f458397
@hapsland/hook-entry:clean:compiler: $ node ../../scripts/clean-compiler-output.mjs
@hapsland/doctor-entry:clean:compiler: cache bypass, force executing cb1dc54144c1ad85
@hapsland/doctor-entry:clean:compiler: $ node ../../scripts/clean-compiler-output.mjs
@hapsland/administration:clean:compiler: cache bypass, force executing e5760fe9ec3d5872
@hapsland/administration:clean:compiler: $ node ../../scripts/clean-compiler-output.mjs
@hapsland/credential-storage:clean:compiler: cache bypass, force executing a7934eef4b3060cc
@hapsland/credential-storage:clean:compiler: $ node ../../scripts/clean-compiler-output.mjs
@hapsland/runtime-inputs:clean:compiler: cache bypass, force executing 7216a22534516a9c
@hapsland/runtime-inputs:clean:compiler: $ node ../../scripts/clean-compiler-output.mjs
@hapsland/source-artifacts:clean:compiler: cache bypass, force executing 754bea297fcb353b
@hapsland/source-artifacts:clean:compiler: $ node ../../scripts/clean-compiler-output.mjs
@hapsland/parser-entry:clean:compiler: cache bypass, force executing 4eddae4695a66a2b
@hapsland/resident-entry:clean:compiler: cache bypass, force executing 2ed7b253040f9f97
@hapsland/parser-entry:clean:compiler: $ node ../../scripts/clean-compiler-output.mjs
@hapsland/resident-entry:clean:compiler: $ node ../../scripts/clean-compiler-output.mjs
@hapsland/review-execution:clean:compiler: cache bypass, force executing dcc5f7b6bdb626e2
@hapsland/review-execution:clean:compiler: $ node ../../scripts/clean-compiler-output.mjs
@hapsland/hook-runtime:clean:compiler: cache bypass, force executing e5d6c33b80ec2b78
@hapsland/hook-runtime:clean:compiler: $ node ../../scripts/clean-compiler-output.mjs
@hapsland/resident-transport:clean:compiler: cache bypass, force executing 9d98d82a668602a1
@hapsland/resident-transport:clean:compiler: $ node ../../scripts/clean-compiler-output.mjs
@hapsland/agent-flow-bend:build: cache miss, executing 555b83fef6c07d54
@hapsland/agent-flow-bend:build: $ node ../../scripts/bend-producer.mjs
@hapsland/runtime-environment:build: cache hit, replaying logs 819ce06f9d0abd47
@hapsland/runtime-environment:build: $ node ../../scripts/compile-package.mjs
@hapsland/runtime-environment:build: Compiled @hapsland/runtime-environment: 375 recorded inputs
@hapsland/delivery-output:build: cache hit, replaying logs 223d1d909c691494
@hapsland/delivery-output:build: $ node ../../scripts/compile-package.mjs
@hapsland/delivery-output:build: Compiled @hapsland/delivery-output: 246 recorded inputs
@hapsland/source-artifacts:build: cache hit, replaying logs ae244ba737d63c9e
@hapsland/source-artifacts:build: $ node ../../scripts/compile-package.mjs
@hapsland/source-artifacts:build: Compiled @hapsland/source-artifacts: 243 recorded inputs
@hapsland/pi-extension:build: cache hit, replaying logs 53d2ca47d91c348f
@hapsland/pi-extension:build: $ node ../../scripts/compile-package.mjs
@hapsland/pi-extension:build: Compiled @hapsland/pi-extension: 215 recorded inputs
@hapsland/canonical-policy:build: cache miss, executing feb63b9ba2174b2f
@hapsland/canonical-policy:build: $ node ../../scripts/compile-package.mjs
@hapsland/canonical-policy:build: Compiled @hapsland/canonical-policy: 356 recorded inputs
@hapsland/runtime-inputs:build: cache miss, executing 1ae6ca0307598795
@hapsland/runtime-inputs:build: $ node ../../scripts/compile-package.mjs
@hapsland/runtime-inputs:build: Compiled @hapsland/runtime-inputs: 367 recorded inputs
@hapsland/native-observation:build: cache miss, executing 1bc6ed06d346bbb9
@hapsland/credential-storage:build: cache miss, executing 77870b6c7fd390b5
@hapsland/credential-storage:build: $ node ../../scripts/compile-package.mjs
@hapsland/native-observation:build: $ node ../../scripts/compile-package.mjs
@hapsland/credential-storage:build: Compiled @hapsland/credential-storage: 352 recorded inputs
@hapsland/inspection-records:build: cache miss, executing f7181a8054298444
@hapsland/inspection-records:build: $ node ../../scripts/compile-package.mjs
@hapsland/native-observation:build: Compiled @hapsland/native-observation: 367 recorded inputs
@hapsland/source-analysis:build: cache miss, executing 4dec5e285b6b2be5
@hapsland/source-analysis:build: $ node ../../scripts/compile-package.mjs
@hapsland/inspection-records:build: Compiled @hapsland/inspection-records: 423 recorded inputs
@hapsland/review-definition:build: cache miss, executing 265741f68f4bf59a
@hapsland/review-definition:build: $ node ../../scripts/compile-package.mjs
@hapsland/source-analysis:build: Compiled @hapsland/source-analysis: 382 recorded inputs
@hapsland/activity-observation:build: cache miss, executing e6957ca0151ea9d0
@hapsland/activity-observation:build: $ node ../../scripts/compile-package.mjs
@hapsland/activity-observation:build: Compiled @hapsland/activity-observation: 405 recorded inputs
@hapsland/parser-entry:build: cache miss, executing a2123556731b5fe6
@hapsland/parser-entry:build: $ node ../../scripts/compile-package.mjs
@hapsland/review-definition:build: Compiled @hapsland/review-definition: 440 recorded inputs
@hapsland/resident-transport:build: cache miss, executing 7858a5877fb30462
@hapsland/resident-transport:build: $ node ../../scripts/compile-package.mjs
@hapsland/parser-entry:build: Compiled @hapsland/parser-entry: 355 recorded inputs
@hapsland/review-execution:build: cache miss, executing 55635aff5d8ff29c
@hapsland/review-execution:build: $ node ../../scripts/compile-package.mjs
@hapsland/resident-transport:build: Compiled @hapsland/resident-transport: 422 recorded inputs
@hapsland/hook-runtime:build: cache miss, executing 5ddd02d6ecda7d7f
@hapsland/hook-runtime:build: $ node ../../scripts/compile-package.mjs
@hapsland/hook-runtime:build: Compiled @hapsland/hook-runtime: 396 recorded inputs
@hapsland/hook-entry:build: cache miss, executing 016a16dea2a33f39
@hapsland/hook-entry:build: $ node ../../scripts/compile-package.mjs
@hapsland/review-execution:build: Compiled @hapsland/review-execution: 517 recorded inputs
@hapsland/resident-runtime:build: cache miss, executing 5a3cbf1e8ac70fcf
@hapsland/resident-runtime:build: $ node ../../scripts/compile-package.mjs
@hapsland/hook-entry:build: Compiled @hapsland/hook-entry: 369 recorded inputs
@hapsland/resident-runtime:build: Compiled @hapsland/resident-runtime: 534 recorded inputs
@hapsland/administration:build: cache miss, executing 437c3a6c5228a703
@hapsland/resident-entry:build: cache miss, executing b1359f1c4dfd973b
@hapsland/administration:build: $ node ../../scripts/compile-package.mjs
@hapsland/resident-entry:build: $ node ../../scripts/compile-package.mjs
@hapsland/resident-entry:build: Compiled @hapsland/resident-entry: 518 recorded inputs
@hapsland/administration:build: Compiled @hapsland/administration: 617 recorded inputs
@hapsland/doctor-entry:build: cache miss, executing d49e5b8eeb5f523e
@hapsland/cli-entry:build: cache miss, executing b69aa6e6cdce085b
@hapsland/doctor-entry:build: $ node ../../scripts/compile-package.mjs
@hapsland/cli-entry:build: $ node ../../scripts/compile-package.mjs
@hapsland/doctor-entry:build: Compiled @hapsland/doctor-entry: 402 recorded inputs
@hapsland/cli-entry:build: Compiled @hapsland/cli-entry: 551 recorded inputs

 Tasks:    46 successful, 46 total
Cached:    4 cached, 46 total
  Time:    1m4.275s 

Checked 23 manifest-owned build packages
{
  "files": 795,
  "edges": 4618,
  "ambiguities": [
    {
      "file": "scripts/benchmark-canonical-adapters.mjs",
      "kind": "computed-loader",
      "start": 682
    },
    {
      "file": "scripts/benchmark-canonical-adapters.mjs",
      "kind": "computed-loader",
      "start": 520
    },
    {
      "file": "scripts/bend-producer-test-fixture.mjs",
      "kind": "computed-loader",
      "start": 403
    },
    {
      "file": "scripts/bend-producer-test-fixture.mjs",
      "kind": "computed-loader",
      "start": 293
    },
    {
      "file": "scripts/compiler-selection-test-fixture.mjs",
      "kind": "computed-loader",
      "start": 5977
    },
    {
      "file": "scripts/compiler-selection-test-fixture.mjs",
      "kind": "computed-loader",
      "start": 5891
    },
    {
      "file": "scripts/compiler-selection-test-fixture.mjs",
      "kind": "computed-loader",
      "start": 5386
    },
    {
      "file": "scripts/dev-inspection.mjs",
      "kind": "computed-loader",
      "start": 1520
    },
    {
      "file": "scripts/pinned-typescript.mjs",
      "kind": "computed-loader",
      "start": 4111
    },
    {
      "file": "scripts/preflight-abide-large-projection.mjs",
      "kind": "computed-loader",
      "start": 577
    },
    {
      "file": "scripts/probe-source-checker.mjs",
      "kind": "computed-loader",
      "start": 567
    },
    {
      "file": "scripts/run-abide-large-moderation-replacement.mjs",
      "kind": "computed-loader",
      "start": 402
    },
    {
      "file": "scripts/run-abide-quality.mjs",
      "kind": "computed-loader",
      "start": 713
    },
    {
      "file": "scripts/score-abide-large-declarations.mjs",
      "kind": "computed-loader",
      "start": 16372
    },
    {
      "file": "scripts/security-prototype/installed-debug-witness.mjs",
      "kind": "computed-loader",
      "start": 1304
    },
    {
      "file": "scripts/security-prototype/installed-debug-witness.mjs",
      "kind": "computed-loader",
      "start": 1190
    },
    {
      "file": "scripts/security-prototype/installed-debug-witness.mjs",
      "kind": "computed-loader",
      "start": 1074
    },
    {
      "file": "scripts/security-prototype/installed-debug-witness.mjs",
      "kind": "computed-loader",
      "start": 991
    },
    {
      "file": "scripts/security-prototype/installed-queued-witness.mjs",
      "kind": "computed-loader",
      "start": 2285
    },
    {
      "file": "scripts/security-prototype/installed-queued-witness.mjs",
      "kind": "computed-loader",
      "start": 2167
    },
    {
      "file": "scripts/security-prototype/installed-queued-witness.mjs",
      "kind": "computed-loader",
      "start": 2050
    },
    {
      "file": "scripts/security-prototype/installed-queued-witness.mjs",
      "kind": "computed-loader",
      "start": 1936
    },
    {
      "file": "scripts/security-prototype/installed-queued-witness.mjs",
      "kind": "computed-loader",
      "start": 1820
    },
    {
      "file": "scripts/security-prototype/installed-queued-witness.mjs",
      "kind": "computed-loader",
      "start": 1737
    },
    {
      "file": "scripts/summarize-abide-large-declarations.mjs",
      "kind": "computed-loader",
      "start": 714
    },
    {
      "file": "scripts/summarize-abide-rule-coverage.mjs",
      "kind": "computed-loader",
      "start": 744
    },
    {
      "file": "scripts/test-support/pi-installed.ts",
      "kind": "computed-loader",
      "start": 3115
    },
    {
      "file": "scripts/test-support/pi-installed.ts",
      "kind": "computed-loader",
      "start": 2269
    },
    {
      "file": "src/direct-event/native-bindings.test.ts",
      "kind": "computed-loader",
      "start": 2591
    },
    {
      "file": "packages/agent-flow-viz/scripts/check-camera-browser.mjs",
      "kind": "computed-loader",
      "start": 631
    },
    {
      "file": "packages/agent-flow-viz/scripts/check-compiled-limits.mjs",
      "kind": "computed-loader",
      "start": 1769
    },
    {
      "file": "packages/agent-flow-viz/scripts/check-compiled-limits.mjs",
      "kind": "computed-loader",
      "start": 1706
    },
    {
      "file": "packages/agent-flow-viz/scripts/check-ensemble-browser.mjs",
      "kind": "computed-loader",
      "start": 9512
    },
    {
      "file": "packages/agent-flow-viz/scripts/check-simulation-browser.mjs",
      "kind": "computed-loader",
      "start": 41761
    },
    {
      "file": "packages/agent-flow-viz/scripts/check-simulation-browser.mjs",
      "kind": "computed-loader",
      "start": 41676
    },
    {
      "file": "packages/agent-flow-viz/scripts/check-simulation-browser.mjs",
      "kind": "computed-loader",
      "start": 39874
    },
    {
      "file": "packages/agent-flow-viz/scripts/check-simulation-browser.mjs",
      "kind": "computed-loader",
      "start": 37223
    },
    {
      "file": "packages/agent-flow-viz/scripts/check-simulation-browser.mjs",
      "kind": "computed-loader",
      "start": 35462
    },
    {
      "file": "packages/agent-flow-viz/scripts/check-simulation-browser.mjs",
      "kind": "computed-loader",
      "start": 34227
    },
    {
      "file": "packages/agent-flow-viz/scripts/check-simulation-browser.mjs",
      "kind": "computed-loader",
      "start": 19724
    },
    {
      "file": "packages/agent-flow-viz/scripts/check-simulation-browser.mjs",
      "kind": "computed-loader",
      "start": 19671
    },
    {
      "file": "packages/agent-flow-viz/scripts/check-simulation-browser.mjs",
      "kind": "computed-loader",
      "start": 13569
    },
    {
      "file": "packages/agent-flow-viz/scripts/check-timeline-browser.mjs",
      "kind": "computed-loader",
      "start": 12686
    },
    {
      "file": "packages/agent-flow-viz/scripts/check-timeline-browser.mjs",
      "kind": "computed-loader",
      "start": 6180
    },
    {
      "file": "packages/agent-flow-viz/scripts/check-timeline-browser.mjs",
      "kind": "computed-loader",
      "start": 5930
    },
    {
      "file": "prototypes/canonical-defense/lab/game-example.ts",
      "kind": "computed-loader",
      "start": 18278
    },
    {
      "file": "prototypes/canonical-defense/lab/game-example.ts",
      "kind": "computed-loader",
      "start": 17805
    },
    {
      "file": "prototypes/canonical-defense/lab/game-example.ts",
      "kind": "computed-loader",
      "start": 17517
    },
    {
      "file": "prototypes/canonical-defense/lab/game-example.ts",
      "kind": "computed-loader",
      "start": 17270
    },
    {
      "file": "prototypes/canonical-defense/lab/game-example.ts",
      "kind": "computed-loader",
      "start": 17047
    },
    {
      "file": "prototypes/canonical-defense/lab/game-example.ts",
      "kind": "computed-loader",
      "start": 16836
    },
    {
      "file": "prototypes/canonical-defense/lab/game-example.ts",
      "kind": "computed-loader",
      "start": 16593
    },
    {
      "file": "prototypes/canonical-defense/lab/game-example.ts",
      "kind": "computed-loader",
      "start": 16478
    },
    {
      "file": "prototypes/canonical-defense/lab/game-example.ts",
      "kind": "computed-loader",
      "start": 16290
    },
    {
      "file": "prototypes/canonical-defense/lab/game-example.ts",
      "kind": "computed-loader",
      "start": 16066
    },
    {
      "file": "prototypes/canonical-defense/lab/game-example.ts",
      "kind": "computed-loader",
      "start": 15788
    },
    {
      "file": "prototypes/canonical-defense/lab/game-example.ts",
      "kind": "computed-loader",
      "start": 15545
    },
    {
      "file": "prototypes/canonical-defense/lab/game-example.ts",
      "kind": "computed-loader",
      "start": 15280
    },
    {
      "file": "prototypes/canonical-defense/lab/game-example.ts",
      "kind": "computed-loader",
      "start": 14856
    },
    {
      "file": "prototypes/canonical-defense/lab/game-example.ts",
      "kind": "computed-loader",
      "start": 14626
    },
    {
      "file": "prototypes/canonical-defense/lab/game-example.ts",
      "kind": "computed-loader",
      "start": 14429
    },
    {
      "file": "prototypes/canonical-defense/lab/game-example.ts",
      "kind": "computed-loader",
      "start": 14193
    },
    {
      "file": "prototypes/canonical-defense/lab/game-example.ts",
      "kind": "computed-loader",
      "start": 14008
    },
    {
      "file": "prototypes/canonical-defense/lab/game-example.ts",
      "kind": "computed-loader",
      "start": 13884
    }
  ]
}

> @hapsland/hapsland@0.1.0 config:check
> node --experimental-strip-types scripts/generate-configuration.ts --check

configuration documentation and schemas are current

> @hapsland/hapsland@0.1.0 lint:changed
> node scripts/run-quality-lint.mjs --changed

Checking 7 authored code files
