
FAIL case.ts > rejects stale work
mismatch
Actual: 1
Expected: 2

FAIL broken.ts (collection or suite hook)
import failed
Error: Focused selection executed zero tests (2 skipped, 0 pending); check selected files and testNamePattern: {"files":["case.ts"],"options":["--testNamePattern=missing"]}
    at ImmediateErrors.onTestRunEnd (file:///workspace/typescript/hapsland-243/scripts/test-harness/immediate-errors.mjs:35:9)
    at TestContext.<anonymous> (file:///workspace/typescript/hapsland-243/scripts/test-harness/immediate-errors.test.mjs:61:14)
    at Test.runInAsyncScope (node:async_hooks:227:14)
    at Test.run (node:internal/test_runner/test:1397:25)
    at Test.processPendingSubtests (node:internal/test_runner/test:969:18)
    at Test.postRun (node:internal/test_runner/test:1537:19)
    at Test.run (node:internal/test_runner/test:1462:12)
    at async startSubtestAfterBootstrap (node:internal/test_runner/harness:387:3)
✔ retains case and collection failures independently of later console output (8.57674ms)
✔ focused all-skipped structured results retain a failure; partial skips and full runs do not (4.896524ms)
✔ a stage inside its authenticated checkout lease passes before the enclosing transaction releases ownership (231.692566ms)
✔ ordinary failure preserves its log and does not suppress independent checks (123.786826ms)
✔ source identity failures retain a terminal run record (80.860501ms)
✔ prerequisite failures retain independent checks and record skipped dependents (70.519112ms)
✔ deadline terminates a child, persists failure, and admits no later work (115.35638ms)
✔ exclusive full gate fails immediately; valid nested test shares records (34.265042ms)
✔ focused mode refuses empty and broad selections (2.316822ms)
✔ persistent reporter failures prevent a nominal zero exit from passing (30.053736ms)
✔ nested test cannot extend its parent's absolute deadline (10.094261ms)
✔ quality preserves threshold breach exit two but test failure stays exit one (95.383071ms)
✔ failure events are surfaced during the run and retained in the final result (284.334563ms)
✔ real quality parent remains running while nested test can finish successfully (89.393032ms)
file:///workspace/typescript/hapsland-243/scripts/test-harness/run-checks.mjs:81
    if (!scopedId) throw new Error(`No recorded run for scope: ${scope}`)
                         ^

Error: No recorded run for scope: missing-slice
    at showStatus (file:///workspace/typescript/hapsland-243/scripts/test-harness/run-checks.mjs:81:26)
    at async main (file:///workspace/typescript/hapsland-243/scripts/test-harness/run-checks.mjs:662:5)
    at async file:///workspace/typescript/hapsland-243/[eval1]:1:122

Node.js v24.20.0
file:///workspace/typescript/hapsland-243/scripts/test-harness/run-checks.mjs:68
    if (id !== undefined) throw new Error("status accepts a run id or --scope, not both")
                                ^

Error: status accepts a run id or --scope, not both
    at showStatus (file:///workspace/typescript/hapsland-243/scripts/test-harness/run-checks.mjs:68:33)
    at main (file:///workspace/typescript/hapsland-243/scripts/test-harness/run-checks.mjs:662:11)
    at file:///workspace/typescript/hapsland-243/[eval1]:1:128
    at ModuleJob.run (node:internal/modules/esm/module_job:561:25)
    at async node:internal/modules/esm/loader:223:26
    at async ModuleLoader.executeModuleJob (node:internal/modules/esm/loader:220:20)
    at async asyncRunEntryPointWithESMLoader (node:internal/modules/run_main:101:5)

Node.js v24.20.0
file:///workspace/typescript/hapsland-243/scripts/test-harness/run-checks.mjs:81
    if (!scopedId) throw new Error(`No recorded run for scope: ${scope}`)
                         ^

Error: No recorded run for scope: original-output
    at showStatus (file:///workspace/typescript/hapsland-243/scripts/test-harness/run-checks.mjs:81:26)
    at async main (file:///workspace/typescript/hapsland-243/scripts/test-harness/run-checks.mjs:662:5)
    at async file:///workspace/typescript/hapsland-243/[eval1]:1:122

Node.js v24.20.0
✔ CLI records focused scope without forwarding it and reports different commits informationally (944.043283ms)
✔ actual focused CLI rejects an all-skipped selector and permits selected execution (1238.813277ms)
✔ quality records lint exit 0 and starts coverage only after lint passes (181.15743ms)
✔ quality records lint exit 1 and starts coverage only after lint passes (102.983423ms)
✔ artifact preparation shares a focused parent's records and cannot extend its deadline (38.618351ms)
✔ surviving product ownership fails the stage and retains the enclosing full lock (40.622462ms)
✔ verification mutation cancels a long child, keeps completed evidence and admits no later stage (1085.016174ms)
✔ unrelated documents during a long stage do not invalidate verification (1644.073796ms)
✔ relevant addition between stages blocks admission (69.966896ms)
✔ relevant deletion between stages blocks admission (50.42701ms)
✔ invalidated run retains its exclusive lock until the child and descendant stop (1053.581252ms)
✔ cancellation escalates to kill for a child and descendant that ignore termination (2127.741864ms)
✔ final input identity catches a mutation after the last completed stage (109.514344ms)
✔ observation preserves linked target identity through cached scans (145.001194ms)
✔ observation preserves submodule content identity through cached scans (194.282314ms)
✔ input invalidation during stage admission does not launch the child (41.142426ms)
✔ quality acknowledgment fails before creating run state (2.978831ms)
✔ failed quality prerequisite blocks lint and coverage with retained diagnostics (75.935685ms)
✔ fast deduplicates explicit selections and does not prepare installed artifacts (1.441395ms)
✔ boundary requires explicit consumers and a checked archive (0.885387ms)
✔ native agents require explicit host/model/scenario and Pi selects its authenticated profile (0.269296ms)
✔ native compiler checks require a target and actual selected tests (0.106626ms)
✔ stress remains an explicit selection and quality preserves the complete deterministic prerequisites (0.166419ms)
✔ every profile has a finite deadline and rejects native options on ordinary checks (0.101168ms)
✔ native plans reject unsupported scenarios and provider/model mismatches before preparing artifacts (0.099085ms)
✔ quality profile rejects missing acknowledgment before creating run state (60.38481ms)
RUN 20261007130944352-824753-dcc9f2 quality; deadline 2026-10-07T13:09:54.359Z; records /tmp/hapsland-verify-dOOwDp/.test-runs/20261007130944352-824753-dcc9f2
START quality-preflight; log /tmp/hapsland-verify-dOOwDp/.test-runs/20261007130944352-824753-dcc9f2/824753-001-quality-preflight.log

Node.js v24.20.0
✖ scripts/test-harness/immediate-errors.test.mjs (34.645007ms)
✔ scripts/test-harness/run-checks.test.mjs (28.583466ms)
✔ scripts/test-harness/verification-plan.test.mjs (44.973478ms)
ℹ tests 3
ℹ suites 0
ℹ pass 2
ℹ fail 1
ℹ cancelled 0
ℹ skipped 0
ℹ todo 0
ℹ duration_ms 63.211139

✖ failing tests:

test at scripts/test-harness/immediate-errors.test.mjs:1:1
✖ scripts/test-harness/immediate-errors.test.mjs (34.645007ms)
  'test failed'

FAILED quality-preflight 0.12s; exit 1; log /tmp/hapsland-verify-dOOwDp/.test-runs/20261007130944352-824753-dcc9f2/824753-001-quality-preflight.log
SKIP lint-code; prerequisite-failed
SKIP quality; prerequisite-failed
END failed; 0.227s; 3 failed stages, 0 test failures; results /tmp/hapsland-verify-dOOwDp/.test-runs/20261007130944352-824753-dcc9f2/results.json
✔ acknowledged quality profile retains failed prerequisites without starting coverage (263.540908ms)
RUN 20261007130944601-824753-b02121 focused; deadline 2026-10-07T13:09:54.602Z; records /tmp/hapsland-verify-RPqYBQ/.test-runs/20261007130944601-824753-b02121
START check-fast; log /tmp/hapsland-verify-RPqYBQ/.test-runs/20261007130944601-824753-b02121/824753-001-check-fast.log
PASSED check-fast 0.12s; exit 0; log /tmp/hapsland-verify-RPqYBQ/.test-runs/20261007130944601-824753-b02121/824753-001-check-fast.log
START node-focused; log /tmp/hapsland-verify-RPqYBQ/.test-runs/20261007130944601-824753-b02121/824753-002-node-focused.log
PASSED node-focused 0.04s; exit 0; log /tmp/hapsland-verify-RPqYBQ/.test-runs/20261007130944601-824753-b02121/824753-002-node-focused.log
END passed; 0.189s; 0 failed stages, 0 test failures; results /tmp/hapsland-verify-RPqYBQ/.test-runs/20261007130944601-824753-b02121/results.json
✔ fast CLI executes one deduplicated selection and persists the resolved plan (198.879125ms)
RUN 20261007130944799-824753-e773d0 focused; deadline 2026-10-07T13:09:54.799Z; records /tmp/hapsland-verify-uelybg/.test-runs/20261007130944799-824753-e773d0
START check-fast; log /tmp/hapsland-verify-uelybg/.test-runs/20261007130944799-824753-e773d0/824753-001-check-fast.log
PASSED check-fast 0.11s; exit 0; log /tmp/hapsland-verify-uelybg/.test-runs/20261007130944799-824753-e773d0/824753-001-check-fast.log
FAIL source-identity; Verification inputs changed: src/main.ts
END aborted; 0.136s; 1 failed stages, 0 test failures; results /tmp/hapsland-verify-uelybg/.test-runs/20261007130944799-824753-e773d0/results.json
✔ source changes during checks fail the profile instead of accepting mixed inputs (144.193433ms)
RUN 20261007130944951-824753-d90a27 focused; deadline 2026-10-07T13:09:44.952Z; records /tmp/hapsland-verify-hoz0Yg/.test-runs/20261007130944951-824753-d90a27
FAIL verification; Source identity deadline exceeded
END failed; 0.006s; 1 failed stages, 0 test failures; results /tmp/hapsland-verify-hoz0Yg/.test-runs/20261007130944951-824753-d90a27/results.json
✔ a deadline during source identification still produces a terminal run record (26.263685ms)
RUN 20261007130944978-824753-661874 focused; deadline 2026-10-07T13:09:54.978Z; records /tmp/hapsland-verify-FJhEap/.test-runs/20261007130944978-824753-661874
START node-focused; log /tmp/hapsland-verify-FJhEap/.test-runs/20261007130944978-824753-661874/824753-001-node-focused.log
PASSED node-focused 0.05s; exit 0; log /tmp/hapsland-verify-FJhEap/.test-runs/20261007130944978-824753-661874/824753-001-node-focused.log
END passed; 0.08s; 0 failed stages, 0 test failures; results /tmp/hapsland-verify-FJhEap/.test-runs/20261007130944978-824753-661874/results.json
✔ source boundary checks run without invoking package preparation (99.970341ms)
✔ package preparation requirements follow transitive consumer imports (23.612441ms)
RUN 20261007130945101-824753-861049 focused; deadline 2026-10-07T13:09:55.101Z; records /tmp/hapsland-verify-af04UK/.test-runs/20261007130945101-824753-861049
START native-auth-model; log /tmp/hapsland-verify-af04UK/.test-runs/20261007130945101-824753-861049/824753-001-native-auth-model.log
FAILED native-auth-model 0.03s; exit 7; log /tmp/hapsland-verify-af04UK/.test-runs/20261007130945101-824753-861049/824753-001-native-auth-model.log
FAIL verification; native-auth-model failed
END failed; 0.069s; 2 failed stages, 0 test failures; results /tmp/hapsland-verify-af04UK/.test-runs/20261007130945101-824753-861049/results.json
✔ failed Pi auth preflight stops before package preparation (89.706661ms)
ℹ tests 47
ℹ suites 0
ℹ pass 47
ℹ fail 0
ℹ cancelled 0
ℹ skipped 0
ℹ todo 0
ℹ duration_ms 10444.189254
