✔ rejects guaranteed CRAP failure without generating coverage (58.356195ms)
✔ equality passes the lower bound without claiming coverage (37.201533ms)
✔ preserves native source selection and global threshold (34.090969ms)
✔ a higher path override cannot cause false early rejection (30.009604ms)
✔ source and configuration analysis errors remain errors (58.9642ms)

FAIL case.ts > rejects stale work
mismatch
Actual: 1
Expected: 2

FAIL broken.ts (collection or suite hook)
import failed
Error: Focused selection executed zero tests (2 skipped, 0 pending); check selected files and testNamePattern: {"files":["case.ts"],"options":["--testNamePattern=missing"]}
    at ImmediateErrors.onTestRunEnd (file:///workspace/typescript/hapsland-243/scripts/test-harness/immediate-errors.mjs:35:9)
    at TestContext.<anonymous> (file:///workspace/typescript/hapsland-243/scripts/test-harness/immediate-errors.test.mjs:61:14)
    at Test.runInAsyncScope (node:async_hooks:227:14)
    at Test.run (node:internal/test_runner/test:1397:25)
    at Test.processPendingSubtests (node:internal/test_runner/test:969:18)
    at Test.postRun (node:internal/test_runner/test:1537:19)
    at Test.run (node:internal/test_runner/test:1462:12)
    at async startSubtestAfterBootstrap (node:internal/test_runner/harness:387:3)
✔ retains case and collection failures independently of later console output (6.159672ms)
✔ focused all-skipped structured results retain a failure; partial skips and full runs do not (3.005981ms)
✔ a stage inside its authenticated checkout lease passes before the enclosing transaction releases ownership (80.734741ms)
✔ ordinary failure preserves its log and does not suppress independent checks (81.725957ms)
✔ source identity failures retain a terminal run record (53.308281ms)
✔ prerequisite failures retain independent checks and record skipped dependents (45.334137ms)
✔ deadline terminates a child, persists failure, and admits no later work (111.66181ms)
✔ exclusive full gate fails immediately; valid nested test shares records (31.517657ms)
✔ focused mode refuses empty and broad selections (2.52606ms)
✔ persistent reporter failures prevent a nominal zero exit from passing (22.211461ms)
✔ nested test cannot extend its parent's absolute deadline (7.613766ms)
✔ quality preserves threshold breach exit two but test failure stays exit one (84.657396ms)
✔ failure events are surfaced during the run and retained in the final result (277.803119ms)
✔ real quality parent remains running while nested test can finish successfully (65.237539ms)
file:///workspace/typescript/hapsland-243/scripts/test-harness/run-checks.mjs:81
    if (!scopedId) throw new Error(`No recorded run for scope: ${scope}`)
                         ^

Error: No recorded run for scope: missing-slice
    at showStatus (file:///workspace/typescript/hapsland-243/scripts/test-harness/run-checks.mjs:81:26)
    at async main (file:///workspace/typescript/hapsland-243/scripts/test-harness/run-checks.mjs:680:5)
    at async file:///workspace/typescript/hapsland-243/[eval1]:1:122

Node.js v24.20.0
file:///workspace/typescript/hapsland-243/scripts/test-harness/run-checks.mjs:68
    if (id !== undefined) throw new Error("status accepts a run id or --scope, not both")
                                ^

Error: status accepts a run id or --scope, not both
    at showStatus (file:///workspace/typescript/hapsland-243/scripts/test-harness/run-checks.mjs:68:33)
    at main (file:///workspace/typescript/hapsland-243/scripts/test-harness/run-checks.mjs:680:11)
    at file:///workspace/typescript/hapsland-243/[eval1]:1:128
    at ModuleJob.run (node:internal/modules/esm/module_job:561:25)
    at async node:internal/modules/esm/loader:223:26
    at async ModuleLoader.executeModuleJob (node:internal/modules/esm/loader:220:20)
    at async asyncRunEntryPointWithESMLoader (node:internal/modules/run_main:101:5)

Node.js v24.20.0
file:///workspace/typescript/hapsland-243/scripts/test-harness/run-checks.mjs:81
    if (!scopedId) throw new Error(`No recorded run for scope: ${scope}`)
                         ^

Error: No recorded run for scope: original-output
    at showStatus (file:///workspace/typescript/hapsland-243/scripts/test-harness/run-checks.mjs:81:26)
    at async main (file:///workspace/typescript/hapsland-243/scripts/test-harness/run-checks.mjs:680:5)
    at async file:///workspace/typescript/hapsland-243/[eval1]:1:122

Node.js v24.20.0
✔ CLI records focused scope without forwarding it and reports different commits informationally (579.727838ms)
✔ actual focused CLI rejects an all-skipped selector and permits selected execution (823.199903ms)
✔ quality records lint exit 0 and starts coverage only after lint passes (117.420688ms)
✔ quality records lint exit 1 and starts coverage only after lint passes (76.114664ms)
✔ real complexity prerequisite with 0 branches preserves the final coverage boundary (159.430758ms)
✔ real complexity prerequisite with 8 branches preserves the final coverage boundary (133.37835ms)
✔ artifact preparation shares a focused parent's records and cannot extend its deadline (27.141582ms)
✔ surviving product ownership fails the stage and retains the enclosing full lock (27.802796ms)
✔ verification mutation cancels a long child, keeps completed evidence and admits no later stage (1030.767403ms)
✔ unrelated documents during a long stage do not invalidate verification (1380.989741ms)
✔ relevant addition between stages blocks admission (54.791834ms)
✔ relevant deletion between stages blocks admission (50.513511ms)
✔ invalidated run retains its exclusive lock until the child and descendant stop (1068.444024ms)
✔ cancellation escalates to kill for a child and descendant that ignore termination (2137.658012ms)
✔ final input identity catches a mutation after the last completed stage (53.983662ms)
✔ observation preserves linked target identity through cached scans (55.29238ms)
✔ observation preserves submodule content identity through cached scans (94.927599ms)
✔ input invalidation during stage admission does not launch the child (29.346599ms)
✔ quality acknowledgment fails before creating run state (3.506985ms)
✔ failed quality prerequisite blocks lint and coverage with retained diagnostics (83.093051ms)
✔ fast deduplicates explicit selections and does not prepare installed artifacts (3.381651ms)
✔ boundary requires explicit consumers and a checked archive (1.188926ms)
✔ native agents require explicit host/model/scenario and Pi selects its authenticated profile (0.377002ms)
✔ native compiler checks require a target and actual selected tests (0.181334ms)
✔ stress remains an explicit selection and quality preserves the complete deterministic prerequisites (0.207376ms)
✔ every profile has a finite deadline and rejects native options on ordinary checks (0.163252ms)
✔ native plans reject unsupported scenarios and provider/model mismatches before preparing artifacts (0.481462ms)
✔ quality profile rejects missing acknowledgment before creating run state (26.910372ms)
RUN 20261007151037143-1404147-47bf87 quality; deadline 2026-10-07T15:10:47.143Z; records /tmp/hapsland-verify-Ax6TO8/.test-runs/20261007151037143-1404147-47bf87
START quality-preflight; log /tmp/hapsland-verify-Ax6TO8/.test-runs/20261007151037143-1404147-47bf87/1404147-001-quality-preflight.log
Node.js v24.20.0
✖ scripts/test-harness/immediate-errors.test.mjs (29.556767ms)
✔ scripts/test-harness/run-checks.test.mjs (23.311511ms)
✔ scripts/test-harness/verification-plan.test.mjs (25.564861ms)
✔ scripts/test-harness/verify.test.mjs (24.084267ms)
ℹ tests 5
ℹ suites 0
ℹ pass 4
ℹ fail 1
ℹ cancelled 0
ℹ skipped 0
ℹ todo 0
ℹ duration_ms 42.005278

✖ failing tests:

test at scripts/test-harness/immediate-errors.test.mjs:1:1
✖ scripts/test-harness/immediate-errors.test.mjs (29.556767ms)
  'test failed'

FAILED quality-preflight 0.07s; exit 1; log /tmp/hapsland-verify-Ax6TO8/.test-runs/20261007151037143-1404147-47bf87/1404147-001-quality-preflight.log
SKIP lint-code; prerequisite-failed
SKIP quality-complexity; prerequisite-failed
SKIP quality; prerequisite-failed
END failed; 0.123s; 4 failed stages, 0 test failures; results /tmp/hapsland-verify-Ax6TO8/.test-runs/20261007151037143-1404147-47bf87/results.json
✔ acknowledged quality profile retains failed prerequisites without starting coverage (146.189615ms)
RUN 20261007151037282-1404147-dbc5b6 focused; deadline 2026-10-07T15:10:47.282Z; records /tmp/hapsland-verify-CNWQJd/.test-runs/20261007151037282-1404147-dbc5b6
START check-fast; log /tmp/hapsland-verify-CNWQJd/.test-runs/20261007151037282-1404147-dbc5b6/1404147-001-check-fast.log
PASSED check-fast 0.08s; exit 0; log /tmp/hapsland-verify-CNWQJd/.test-runs/20261007151037282-1404147-dbc5b6/1404147-001-check-fast.log
START node-focused; log /tmp/hapsland-verify-CNWQJd/.test-runs/20261007151037282-1404147-dbc5b6/1404147-002-node-focused.log
PASSED node-focused 0.03s; exit 0; log /tmp/hapsland-verify-CNWQJd/.test-runs/20261007151037282-1404147-dbc5b6/1404147-002-node-focused.log
END passed; 0.14s; 0 failed stages, 0 test failures; results /tmp/hapsland-verify-CNWQJd/.test-runs/20261007151037282-1404147-dbc5b6/results.json
✔ fast CLI executes one deduplicated selection and persists the resolved plan (151.407196ms)
RUN 20261007151037433-1404147-6f461a focused; deadline 2026-10-07T15:10:47.433Z; records /tmp/hapsland-verify-5vVq7S/.test-runs/20261007151037433-1404147-6f461a
START check-fast; log /tmp/hapsland-verify-5vVq7S/.test-runs/20261007151037433-1404147-6f461a/1404147-001-check-fast.log
PASSED check-fast 0.09s; exit 0; log /tmp/hapsland-verify-5vVq7S/.test-runs/20261007151037433-1404147-6f461a/1404147-001-check-fast.log
FAIL source-identity; Verification inputs changed: src/main.ts
END aborted; 0.103s; 1 failed stages, 0 test failures; results /tmp/hapsland-verify-5vVq7S/.test-runs/20261007151037433-1404147-6f461a/results.json
✔ source changes during checks fail the profile instead of accepting mixed inputs (117.327644ms)
RUN 20261007151037551-1404147-08fd1f focused; deadline 2026-10-07T15:10:37.552Z; records /tmp/hapsland-verify-xAeEPW/.test-runs/20261007151037551-1404147-08fd1f
FAIL verification; Source identity deadline exceeded
END failed; 0.004s; 1 failed stages, 0 test failures; results /tmp/hapsland-verify-xAeEPW/.test-runs/20261007151037551-1404147-08fd1f/results.json
✔ a deadline during source identification still produces a terminal run record (15.015739ms)
RUN 20261007151037570-1404147-b60c13 focused; deadline 2026-10-07T15:10:47.570Z; records /tmp/hapsland-verify-eMaNLV/.test-runs/20261007151037570-1404147-b60c13
START node-focused; log /tmp/hapsland-verify-eMaNLV/.test-runs/20261007151037570-1404147-b60c13/1404147-001-node-focused.log
PASSED node-focused 0.03s; exit 0; log /tmp/hapsland-verify-eMaNLV/.test-runs/20261007151037570-1404147-b60c13/1404147-001-node-focused.log
END passed; 0.044s; 0 failed stages, 0 test failures; results /tmp/hapsland-verify-eMaNLV/.test-runs/20261007151037570-1404147-b60c13/results.json
✔ source boundary checks run without invoking package preparation (58.841949ms)
✔ package preparation requirements follow transitive consumer imports (7.958436ms)
RUN 20261007151037631-1404147-75530d focused; deadline 2026-10-07T15:10:47.631Z; records /tmp/hapsland-verify-nu9Oeq/.test-runs/20261007151037631-1404147-75530d
START native-auth-model; log /tmp/hapsland-verify-nu9Oeq/.test-runs/20261007151037631-1404147-75530d/1404147-001-native-auth-model.log
FAILED native-auth-model 0.02s; exit 7; log /tmp/hapsland-verify-nu9Oeq/.test-runs/20261007151037631-1404147-75530d/1404147-001-native-auth-model.log
FAIL verification; native-auth-model failed
END failed; 0.033s; 2 failed stages, 0 test failures; results /tmp/hapsland-verify-nu9Oeq/.test-runs/20261007151037631-1404147-75530d/results.json
✔ failed Pi auth preflight stops before package preparation (42.728826ms)
ℹ tests 54
ℹ suites 0
ℹ pass 54
ℹ fail 0
ℹ cancelled 0
ℹ skipped 0
ℹ todo 0
ℹ duration_ms 8917.454182
