
 RUN  v5.0.1 /workspace/typescript/hapsland-243
      Coverage enabled with v8


FAIL /workspace/typescript/hapsland-243/src/resident/subprocess.test.ts > resident separate-process lifecycle > releases ownership after startup failure without deleting an unsafe endpoint
Error: Test timed out in 60000ms.
If this is a long-running test, pass a timeout value as the last argument or configure it globally with "testTimeout".
    at task (file:///workspace/typescript/hapsland-243/node_modules/vitest/dist/chunks/run.C5UmxDPh.js:2681:43)
    at Object.<anonymous> (file:///workspace/typescript/hapsland-243/node_modules/vitest/dist/chunks/run.C5UmxDPh.js:2698:16)
    at Object.<anonymous> (file:///workspace/typescript/hapsland-243/node_modules/vitest/dist/chunks/run.C5UmxDPh.js:2471:28)
    at chain (file:///workspace/typescript/hapsland-243/node_modules/vitest/dist/chunks/run.C5UmxDPh.js:1859:14)
    at /workspace/typescript/hapsland-243/src/resident/subprocess.test.ts:167:3
    at file:///workspace/typescript/hapsland-243/node_modules/vitest/dist/chunks/run.C5UmxDPh.js:2763:52
    at runWithSuite (file:///workspace/typescript/hapsland-243/node_modules/vitest/dist/chunks/run.C5UmxDPh.js:3248:8)
    at Object.collect (file:///workspace/typescript/hapsland-243/node_modules/vitest/dist/chunks/run.C5UmxDPh.js:2763:22)
    at Object.collect (file:///workspace/typescript/hapsland-243/node_modules/vitest/dist/chunks/run.C5UmxDPh.js:2768:51)
    at processTicksAndRejections (node:internal/process/task_queues:104:5)

FAIL /workspace/typescript/hapsland-243/src/resident/subprocess.test.ts > resident separate-process lifecycle > exits losing launch contenders while one owner remains
Error: condition did not become ready
    at waitFor (/workspace/typescript/hapsland-243/src/resident/subprocess.test.ts:98:9)
    at /workspace/typescript/hapsland-243/src/resident/subprocess.test.ts:200:19
    at file:///workspace/typescript/hapsland-243/node_modules/vitest/dist/chunks/run.C5UmxDPh.js:2783:20

FAIL /workspace/typescript/hapsland-243/src/resident/subprocess.test.ts > resident separate-process lifecycle > retires an empty installed resident and starts a distinct lifetime on the next hook
ResidentIpcError: resident did not become ready within 10 seconds
    at /workspace/typescript/hapsland-243/packages/resident-transport/src/resident/client.ts:333:5
    at Generator.next (<anonymous>)
    at IteratorImpl.~effect/Effect/successCont (file:///workspace/typescript/hapsland-243/node_modules/effect/dist/internal/effect.js:987:28)
    at ExitPrimitive.~effect/Effect/evaluate (file:///workspace/typescript/hapsland-243/node_modules/effect/dist/internal/core.js:297:30)
    at FiberImpl.runLoop (file:///workspace/typescript/hapsland-243/node_modules/effect/dist/internal/effect.js:463:95)
    at FiberImpl.evaluate (file:///workspace/typescript/hapsland-243/node_modules/effect/dist/internal/effect.js:414:23)
    at file:///workspace/typescript/hapsland-243/node_modules/effect/dist/internal/effect.js:816:17
    at Timeout._onTimeout (file:///workspace/typescript/hapsland-243/node_modules/effect/dist/internal/effect.js:2893:39)
    at listOnTimeout (node:internal/timers:685:17)
    at processTimers (node:internal/timers:618:7)

FAIL /workspace/typescript/hapsland-243/src/resident/subprocess.test.ts > resident separate-process lifecycle > keeps a live connected client until it disconnects
ResidentIpcError: resident did not become ready within 10 seconds
    at /workspace/typescript/hapsland-243/packages/resident-transport/src/resident/client.ts:333:5
    at Generator.next (<anonymous>)
    at IteratorImpl.~effect/Effect/successCont (file:///workspace/typescript/hapsland-243/node_modules/effect/dist/internal/effect.js:987:28)
    at ExitPrimitive.~effect/Effect/evaluate (file:///workspace/typescript/hapsland-243/node_modules/effect/dist/internal/core.js:297:30)
    at FiberImpl.runLoop (file:///workspace/typescript/hapsland-243/node_modules/effect/dist/internal/effect.js:463:95)
    at FiberImpl.evaluate (file:///workspace/typescript/hapsland-243/node_modules/effect/dist/internal/effect.js:414:23)
    at file:///workspace/typescript/hapsland-243/node_modules/effect/dist/internal/effect.js:816:17
    at Timeout._onTimeout (file:///workspace/typescript/hapsland-243/node_modules/effect/dist/internal/effect.js:2893:39)
    at listOnTimeout (node:internal/timers:685:17)
    at processTimers (node:internal/timers:618:7)

FAIL /workspace/typescript/hapsland-243/src/resident/subprocess.test.ts > resident separate-process lifecycle > keeps accepted review work and pending advice beyond the idle grace
Error: 9226 |     ...(activityPath === undefined ? {} : { activityPath }),
9227 |     ...(userConfigPath === undefined ? {} : { userConfigPath })
9228 |   })
9229 |   return response.status === "advanced"
9230 | })
                                       ^
error: resident did not become ready within 10 seconds
 _tag: "ResidentIpcError",

      at /workspace/typescript/hapsland-243/packages/resident-transport/src/resident/client.ts:9230:33
      at ~effect/Effect/successCont (/workspace/typescript/hapsland-243/node_modules/effect/dist/internal/effect.js:1007:20)
      at runLoop (/workspace/typescript/hapsland-243/node_modules/effect/dist/internal/effect.js:404:17)
      at evaluate (/workspace/typescript/hapsland-243/node_modules/effect/dist/internal/effect.js:350:21)
      at /workspace/typescript/hapsland-243/node_modules/effect/dist/internal/effect.js:715:8
      at runTasks (/workspace/typescript/hapsland-243/node_modules/effect/dist/Scheduler.js:169:15)
      at afterScheduled (/workspace/typescript/hapsland-243/node_modules/effect/dist/Scheduler.js:159:10)
note: missing sourcemaps for /workspace/typescript/hapsland-243/.test-runs/coverage-preload/2287776/coverage-preload.mjs
note: consider bundling with '--sourcemap' to get unminified traces

Bun v1.3.14 (Linux arm64)

    at ChildProcess.<anonymous> (/workspace/typescript/hapsland-243/src/resident/subprocess.test.ts:83:81)
    at ChildProcess.wrapper (node:events:639:12)
    at ChildProcess.emit (node:events:514:28)
    at maybeClose (node:internal/child_process:1141:16)
    at Process.ChildProcess._handle.onexit (node:internal/child_process:306:5)

FAIL /workspace/typescript/hapsland-243/src/resident/subprocess.test.ts > resident separate-process lifecycle > exits after SIGTERM with gated review work and permits a new owner
Error: 9226 |     ...(activityPath === undefined ? {} : { activityPath }),
9227 |     ...(userConfigPath === undefined ? {} : { userConfigPath })
9228 |   })
9229 |   return response.status === "advanced"
9230 | })
                                   ^
error: resident did not become ready within 10 seconds
 _tag: "ResidentIpcError",

      at <anonymous> (/workspace/typescript/hapsland-243/packages/resident-transport/src/resident/client.ts:9230:29)
      at ~effect/Effect/successCont (/workspace/typescript/hapsland-243/node_modules/effect/dist/internal/effect.js:987:28)
      at runLoop (/workspace/typescript/hapsland-243/node_modules/effect/dist/internal/effect.js:463:86)
      at evaluate (/workspace/typescript/hapsland-243/node_modules/effect/dist/internal/effect.js:414:23)
      at <anonymous> (/workspace/typescript/hapsland-243/node_modules/effect/dist/internal/effect.js:816:17)
      at <anonymous> (/workspace/typescript/hapsland-243/node_modules/effect/dist/internal/effect.js:1139:9)
      at evaluate (/workspace/typescript/hapsland-243/node_modules/effect/dist/internal/effect.js:434:19)
      at <anonymous> (/workspace/typescript/hapsland-243/node_modules/effect/dist/internal/effect.js:816:17)
      at failWithCatch (/workspace/typescript/hapsland-243/node_modules/effect/dist/internal/effect.js:787:9)
note: missing sourcemaps for /workspace/typescript/hapsland-243/.test-runs/coverage-preload/2287776/coverage-preload.mjs
note: consider bundling with '--sourcemap' to get unminified traces

Bun v1.3.14 (Linux arm64)

    at ChildProcess.<anonymous> (/workspace/typescript/hapsland-243/src/resident/subprocess.test.ts:83:81)
    at ChildProcess.wrapper (node:events:639:12)
    at ChildProcess.emit (node:events:514:28)
    at maybeClose (node:internal/child_process:1141:16)
    at Process.ChildProcess._handle.onexit (node:internal/child_process:306:5)

FAIL /workspace/typescript/hapsland-243/src/resident/subprocess.test.ts > resident separate-process lifecycle > converges six starters across three clients and keeps timed-out/disconnected work resident-owned
Error: condition did not become ready
    at waitFor (/workspace/typescript/hapsland-243/src/resident/subprocess.test.ts:98:9)
    at /workspace/typescript/hapsland-243/src/resident/subprocess.test.ts:446:7
    at file:///workspace/typescript/hapsland-243/node_modules/vitest/dist/chunks/run.C5UmxDPh.js:2783:20
vitestExit=143
