
 RUN  v5.0.1 /workspace/typescript/hapsland-243
      Coverage enabled with v8

 ✓ src/hook-main.test.ts (6 tests) 32102ms
   ✓ quiets retired channels before input or controlled-option decoding 419ms
 ✓ src/resident/security-sinks.test.ts (2 tests) 21377ms
   ✓ security sink prototype (2)
     ✓ observes source-bearing ingress and a provider failure across resident file/output sinks 12733ms
     ✓ keeps a synthetic source-bearing unexpected cause out of debug stderr 8643ms
(node:2361893) ExperimentalWarning: stripTypeScriptTypes is an experimental feature and might change at any time
(Use `node --trace-warnings ...` to show where the warning was created)

 Test Files  2 passed (2)
      Tests  8 passed (8)
   Start at  13:40:26
   Duration  68.73s (tests 98%, transform 1%, import 1%)

 % Coverage report from v8

=============================== Coverage summary ===============================
Statements   : 32.19% ( 7554/23463 )
Branches     : 18.11% ( 2626/14495 )
Functions    : 29.43% ( 1809/6145 )
Lines        : 33.82% ( 6671/19721 )
================================================================================
