
 RUN  v5.0.1 /workspace/typescript/hapsland-243
      Coverage enabled with v8

 ✓ src/resident/subprocess.test.ts (11 tests) 131271ms
   ✓ resident separate-process lifecycle (11)
     ✓ exits the native resident successfully after idle retirement and releases ownership 28666ms
     ✓ releases ownership after startup failure without deleting an unsafe endpoint 6580ms
     ✓ exits losing launch contenders while one owner remains 6487ms
     ✓ retires an empty installed resident and starts a distinct lifetime on the next hook 20937ms
     ✓ keeps a live connected client until it disconnects 5891ms
     ✓ keeps accepted review work and pending advice beyond the idle grace 14442ms
     ✓ exits after SIGTERM with gated review work and permits a new owner 3529ms
     ✓ converges six starters across three clients and keeps timed-out/disconnected work resident-owned 15631ms
     ✓ keeps edit file selection across admission and backend waits 2981ms
     ✓ keeps the admission configuration through dispatch and delayed delivery 2945ms
     ✓ kills one lifetime, rejects obsolete messages, restarts empty, and cleans up only when idle 13860ms

 Test Files  1 passed (1)
      Tests  11 passed (11)
   Start at  13:42:01
   Duration  146.29s (tests 98%, transform 1%, import 1%)

 % Coverage report from v8

=============================== Coverage summary ===============================
Statements   : 16.32% ( 3832/23477 )
Branches     : 4.87% ( 706/14495 )
Functions    : 7.24% ( 445/6145 )
Lines        : 16.6% ( 3275/19721 )
================================================================================
