
 RUN  v5.0.1 /workspace/typescript/hapsland-243
      Coverage enabled with v8


FAIL /workspace/typescript/hapsland-243/src/pi/installed-boundary.test.ts > Pi source extension through command and resident > closes offered advice after final-refusal composition and permits a fresh edit
AssertionError: expected undefined to be defined
    at /workspace/typescript/hapsland-243/src/pi/installed-boundary.test.ts:183:37
    at processTicksAndRejections (node:internal/process/task_queues:104:5)
    at file:///workspace/typescript/hapsland-243/node_modules/vitest/dist/chunks/run.C5UmxDPh.js:2783:20
Actual: undefined
Expected: undefined
 ❯ src/pi/installed-boundary.test.ts (24 tests | 1 failed | 21 skipped) 16210ms
   ❯ Pi source extension through command and resident (22)
     ↓ does not continue when review is clear
     ↓ does not continue when review is unavailable
     ↓ cuts off delayed work at finish and withholds its late finding from a fresh edit
     ↓ abandons admitted delayed work on session switch before reviewing a fresh edit
     ✓ closes offered advice after replaced composition and permits a fresh edit 3374ms
     × closes offered advice after final-refusal composition and permits a fresh edit 6359ms
     ✓ closes offered advice after aborted composition and permits a fresh edit 3161ms
     ↓ reviews a whole declaration replacement spanning omitted context between native hunks
     ↓ awaits a delayed review at finish with canContinue=true
     ↓ awaits a delayed review at finish with canContinue=false
     ↓ reviews the post-edit source and preserves native content, consuming a permit once
     ↓ does not infer edit evidence for unsupported write
     ↓ does not infer edit evidence for unsupported bash
     ↓ refuses a successful result without a before-tool permit
     ↓ does not review identity mismatches
     ↓ does not review arguments mismatches
     ↓ does not review source mismatches
     ↓ does not review failed mismatches
     ↓ does not review unicode mismatches
     ↓ retires pending permits on session_before_switch
     ↓ retires pending permits on session_shutdown
     ↓ retires pending permits on agent_settled
   ↓ Pi installed extension through command and resident (2)
     ↓ awaits a delayed review at finish with canContinue=false
     ↓ reviews the post-edit source and preserves native content, consuming a permit once
(node:1018255) ExperimentalWarning: stripTypeScriptTypes is an experimental feature and might change at any time
(Use `node --trace-warnings ...` to show where the warning was created)

⎯⎯⎯⎯⎯⎯⎯ Failed Tests 1 ⎯⎯⎯⎯⎯⎯⎯

 FAIL  src/pi/installed-boundary.test.ts > Pi source extension through command and resident > closes offered advice after final-refusal composition and permits a fresh edit
AssertionError: expected undefined to be defined
 ❯ src/pi/installed-boundary.test.ts:183:37
    181|             outcome: "completed"
    182|           })
    183|           expect(native ?? settled).toBeDefined()
       |                                     ^
    184|         }
    185|       )

⎯⎯⎯⎯⎯⎯⎯⎯⎯⎯⎯⎯⎯⎯⎯⎯⎯⎯⎯⎯⎯⎯⎯⎯[1/1]⎯


 Test Files  1 failed (1)
      Tests  1 failed | 2 passed | 21 skipped (24)
   Start at  09:53:35
   Duration  25.02s (tests 97%, transform 2%, import 1%)

 % Coverage report from v8

=============================== Coverage summary ===============================
Statements   : 41.75% ( 10161/24336 )
Branches     : 23.54% ( 3353/14238 )
Functions    : 38.58% ( 2369/6139 )
Lines        : 42.82% ( 8439/19706 )
================================================================================
