
> @hapsland/hapsland@0.1.0 test:coverage
> npm test -- --coverage


> @hapsland/hapsland@0.1.0 test
> node scripts/test-harness/run-checks.mjs test --coverage

RUN 20261007132743897-905705-551235 test; deadline 2026-10-07T13:57:43.897Z; records /workspace/typescript/hapsland-243/.test-runs/20261007132743897-905705-551235
START configuration; log /workspace/typescript/hapsland-243/.test-runs/20261007132743897-905705-551235/907989-001-configuration.log
PASSED configuration 0.47s; exit 0; log /workspace/typescript/hapsland-243/.test-runs/20261007132743897-905705-551235/907989-001-configuration.log
START bend-generation; log /workspace/typescript/hapsland-243/.test-runs/20261007132743897-905705-551235/907989-002-bend-generation.log
PASSED bend-generation 1.69s; exit 0; log /workspace/typescript/hapsland-243/.test-runs/20261007132743897-905705-551235/907989-002-bend-generation.log
START bend-artifacts; log /workspace/typescript/hapsland-243/.test-runs/20261007132743897-905705-551235/907989-003-bend-artifacts.log
PASSED bend-artifacts 0.77s; exit 0; log /workspace/typescript/hapsland-243/.test-runs/20261007132743897-905705-551235/907989-003-bend-artifacts.log
START canonical-authority; log /workspace/typescript/hapsland-243/.test-runs/20261007132743897-905705-551235/907989-004-canonical-authority.log
PASSED canonical-authority 0.27s; exit 0; log /workspace/typescript/hapsland-243/.test-runs/20261007132743897-905705-551235/907989-004-canonical-authority.log
START jev-request; log /workspace/typescript/hapsland-243/.test-runs/20261007132743897-905705-551235/907989-005-jev-request.log
PASSED jev-request 0.35s; exit 0; log /workspace/typescript/hapsland-243/.test-runs/20261007132743897-905705-551235/907989-005-jev-request.log
START production-authority; log /workspace/typescript/hapsland-243/.test-runs/20261007132743897-905705-551235/907989-006-production-authority.log
PASSED production-authority 0.23s; exit 0; log /workspace/typescript/hapsland-243/.test-runs/20261007132743897-905705-551235/907989-006-production-authority.log
START capacity-boundary; log /workspace/typescript/hapsland-243/.test-runs/20261007132743897-905705-551235/907989-007-capacity-boundary.log
PASSED capacity-boundary 0.22s; exit 0; log /workspace/typescript/hapsland-243/.test-runs/20261007132743897-905705-551235/907989-007-capacity-boundary.log
START permit-boundary; log /workspace/typescript/hapsland-243/.test-runs/20261007132743897-905705-551235/907989-008-permit-boundary.log
PASSED permit-boundary 0.21s; exit 0; log /workspace/typescript/hapsland-243/.test-runs/20261007132743897-905705-551235/907989-008-permit-boundary.log
START review-boundary; log /workspace/typescript/hapsland-243/.test-runs/20261007132743897-905705-551235/907989-009-review-boundary.log
PASSED review-boundary 0.19s; exit 0; log /workspace/typescript/hapsland-243/.test-runs/20261007132743897-905705-551235/907989-009-review-boundary.log
START dispatch-boundary; log /workspace/typescript/hapsland-243/.test-runs/20261007132743897-905705-551235/907989-010-dispatch-boundary.log
PASSED dispatch-boundary 0.20s; exit 0; log /workspace/typescript/hapsland-243/.test-runs/20261007132743897-905705-551235/907989-010-dispatch-boundary.log
START stop-boundary; log /workspace/typescript/hapsland-243/.test-runs/20261007132743897-905705-551235/907989-011-stop-boundary.log
PASSED stop-boundary 0.21s; exit 0; log /workspace/typescript/hapsland-243/.test-runs/20261007132743897-905705-551235/907989-011-stop-boundary.log
START collection-boundary; log /workspace/typescript/hapsland-243/.test-runs/20261007132743897-905705-551235/907989-012-collection-boundary.log
PASSED collection-boundary 0.22s; exit 0; log /workspace/typescript/hapsland-243/.test-runs/20261007132743897-905705-551235/907989-012-collection-boundary.log
START delivery-boundary; log /workspace/typescript/hapsland-243/.test-runs/20261007132743897-905705-551235/907989-013-delivery-boundary.log
PASSED delivery-boundary 0.19s; exit 0; log /workspace/typescript/hapsland-243/.test-runs/20261007132743897-905705-551235/907989-013-delivery-boundary.log
START revision-boundary; log /workspace/typescript/hapsland-243/.test-runs/20261007132743897-905705-551235/907989-014-revision-boundary.log
PASSED revision-boundary 0.20s; exit 0; log /workspace/typescript/hapsland-243/.test-runs/20261007132743897-905705-551235/907989-014-revision-boundary.log
START response-authority-boundary; log /workspace/typescript/hapsland-243/.test-runs/20261007132743897-905705-551235/907989-015-response-authority-boundary.log
PASSED response-authority-boundary 0.23s; exit 0; log /workspace/typescript/hapsland-243/.test-runs/20261007132743897-905705-551235/907989-015-response-authority-boundary.log
START reuse-boundary; log /workspace/typescript/hapsland-243/.test-runs/20261007132743897-905705-551235/907989-016-reuse-boundary.log
PASSED reuse-boundary 0.21s; exit 0; log /workspace/typescript/hapsland-243/.test-runs/20261007132743897-905705-551235/907989-016-reuse-boundary.log
START notice-boundary; log /workspace/typescript/hapsland-243/.test-runs/20261007132743897-905705-551235/907989-017-notice-boundary.log
PASSED notice-boundary 0.19s; exit 0; log /workspace/typescript/hapsland-243/.test-runs/20261007132743897-905705-551235/907989-017-notice-boundary.log
START retention-boundary; log /workspace/typescript/hapsland-243/.test-runs/20261007132743897-905705-551235/907989-018-retention-boundary.log
PASSED retention-boundary 0.20s; exit 0; log /workspace/typescript/hapsland-243/.test-runs/20261007132743897-905705-551235/907989-018-retention-boundary.log
START configuration-boundary; log /workspace/typescript/hapsland-243/.test-runs/20261007132743897-905705-551235/907989-019-configuration-boundary.log
PASSED configuration-boundary 0.19s; exit 0; log /workspace/typescript/hapsland-243/.test-runs/20261007132743897-905705-551235/907989-019-configuration-boundary.log
START file-eligibility-boundary; log /workspace/typescript/hapsland-243/.test-runs/20261007132743897-905705-551235/907989-020-file-eligibility-boundary.log
PASSED file-eligibility-boundary 0.25s; exit 0; log /workspace/typescript/hapsland-243/.test-runs/20261007132743897-905705-551235/907989-020-file-eligibility-boundary.log
START rule-boundary; log /workspace/typescript/hapsland-243/.test-runs/20261007132743897-905705-551235/907989-021-rule-boundary.log
PASSED rule-boundary 0.20s; exit 0; log /workspace/typescript/hapsland-243/.test-runs/20261007132743897-905705-551235/907989-021-rule-boundary.log
START bend-progress; log /workspace/typescript/hapsland-243/.test-runs/20261007132743897-905705-551235/907989-022-bend-progress.log
PASSED bend-progress 15.79s; exit 0; log /workspace/typescript/hapsland-243/.test-runs/20261007132743897-905705-551235/907989-022-bend-progress.log
START content-isolation; log /workspace/typescript/hapsland-243/.test-runs/20261007132743897-905705-551235/907989-023-content-isolation.log
PASSED content-isolation 4.74s; exit 0; log /workspace/typescript/hapsland-243/.test-runs/20261007132743897-905705-551235/907989-023-content-isolation.log
START content-wire-mutants; log /workspace/typescript/hapsland-243/.test-runs/20261007132743897-905705-551235/907989-024-content-wire-mutants.log
PASSED content-wire-mutants 14.81s; exit 0; log /workspace/typescript/hapsland-243/.test-runs/20261007132743897-905705-551235/907989-024-content-wire-mutants.log
START native-pi-observation; log /workspace/typescript/hapsland-243/.test-runs/20261007132743897-905705-551235/907989-025-native-pi-observation.log
PASSED native-pi-observation 0.34s; exit 0; log /workspace/typescript/hapsland-243/.test-runs/20261007132743897-905705-551235/907989-025-native-pi-observation.log
START native-rule-observation; log /workspace/typescript/hapsland-243/.test-runs/20261007132743897-905705-551235/907989-026-native-rule-observation.log
PASSED native-rule-observation 0.24s; exit 0; log /workspace/typescript/hapsland-243/.test-runs/20261007132743897-905705-551235/907989-026-native-rule-observation.log
START verification-infrastructure; log /workspace/typescript/hapsland-243/.test-runs/20261007132743897-905705-551235/907989-027-verification-infrastructure.log
ℹ tests 85
ℹ suites 0
ℹ pass 84
ℹ fail 1
ℹ cancelled 0
ℹ skipped 0
ℹ todo 0
ℹ duration_ms 18177.030765

✖ failing tests:

test at scripts/test-harness/verify.test.mjs:43:1
✖ acknowledged quality profile retains failed prerequisites without starting coverage (8.018729ms)
  Error: Invalid nested gate context
      at createRun (file:///workspace/typescript/hapsland-243/scripts/test-harness/run-checks.mjs:170:13)
      at async main (file:///workspace/typescript/hapsland-243/scripts/test-harness/run-checks.mjs:686:15)
      at async TestContext.<anonymous> (file:///workspace/typescript/hapsland-243/scripts/test-harness/verify.test.mjs:49:16)
      at async Test.run (node:internal/test_runner/test:1404:7)
      at async Test.processPendingSubtests (node:internal/test_runner/test:969:7)

FAILED verification-infrastructure 18.37s; exit 1; log /workspace/typescript/hapsland-243/.test-runs/20261007132743897-905705-551235/907989-027-verification-infrastructure.log
START build-workflow; log /workspace/typescript/hapsland-243/.test-runs/20261007132743897-905705-551235/907989-028-build-workflow.log
PASSED build-workflow 49.56s; exit 0; log /workspace/typescript/hapsland-243/.test-runs/20261007132743897-905705-551235/907989-028-build-workflow.log
START test-harness; log /workspace/typescript/hapsland-243/.test-runs/20261007132743897-905705-551235/907989-029-test-harness.log
PASSED test-harness 2.00s; exit 0; log /workspace/typescript/hapsland-243/.test-runs/20261007132743897-905705-551235/907989-029-test-harness.log
SKIP package-build; prerequisite-failed
SKIP package-pack; prerequisite-failed
SKIP vitest; prerequisite-failed
error: coverage command failed with exit status 1
diagnostic [coverage_command]: coverage command failed with exit status 1
