
FAIL case.ts > rejects stale work
mismatch
Actual: 1
Expected: 2

FAIL broken.ts (collection or suite hook)
import failed
Error: Focused selection executed zero tests (2 skipped, 0 pending); check selected files and testNamePattern: {"files":["case.ts"],"options":["--testNamePattern=missing"]}
    at ImmediateErrors.onTestRunEnd (file:///workspace/typescript/hapsland-243/scripts/test-harness/immediate-errors.mjs:35:9)
    at TestContext.<anonymous> (file:///workspace/typescript/hapsland-243/scripts/test-harness/immediate-errors.test.mjs:61:14)
    at Test.runInAsyncScope (node:async_hooks:227:14)
    at Test.run (node:internal/test_runner/test:1397:25)
    at Test.processPendingSubtests (node:internal/test_runner/test:969:18)
    at Test.postRun (node:internal/test_runner/test:1537:19)
    at Test.run (node:internal/test_runner/test:1462:12)
    at async startSubtestAfterBootstrap (node:internal/test_runner/harness:387:3)
✔ retains case and collection failures independently of later console output (3.619487ms)
✔ focused all-skipped structured results retain a failure; partial skips and full runs do not (1.314011ms)
✔ a stage inside its authenticated checkout lease passes before the enclosing transaction releases ownership (68.117279ms)
✔ ordinary failure preserves its log and does not suppress independent checks (63.191615ms)
✔ source identity failures retain a terminal run record (70.447297ms)
✔ prerequisite failures retain independent checks and record skipped dependents (51.55115ms)
✔ deadline terminates a child, persists failure, and admits no later work (114.076219ms)
✔ exclusive full gate fails immediately; valid nested test shares records (45.47052ms)
✔ focused mode refuses empty and broad selections (2.753313ms)
✔ persistent reporter failures prevent a nominal zero exit from passing (31.703121ms)
✔ nested test cannot extend its parent's absolute deadline (10.498873ms)
✔ quality preserves threshold breach exit two but test failure stays exit one (64.693252ms)
✔ failure events are surfaced during the run and retained in the final result (277.493613ms)
✔ real quality parent remains running while nested test can finish successfully (63.858037ms)
file:///workspace/typescript/hapsland-243/scripts/test-harness/run-checks.mjs:81
    if (!scopedId) throw new Error(`No recorded run for scope: ${scope}`)
                         ^

Error: No recorded run for scope: missing-slice
    at showStatus (file:///workspace/typescript/hapsland-243/scripts/test-harness/run-checks.mjs:81:26)
    at async main (file:///workspace/typescript/hapsland-243/scripts/test-harness/run-checks.mjs:662:5)
    at async file:///workspace/typescript/hapsland-243/[eval1]:1:122

Node.js v24.20.0
file:///workspace/typescript/hapsland-243/scripts/test-harness/run-checks.mjs:68
    if (id !== undefined) throw new Error("status accepts a run id or --scope, not both")
                                ^

Error: status accepts a run id or --scope, not both
    at showStatus (file:///workspace/typescript/hapsland-243/scripts/test-harness/run-checks.mjs:68:33)
    at main (file:///workspace/typescript/hapsland-243/scripts/test-harness/run-checks.mjs:662:11)
    at file:///workspace/typescript/hapsland-243/[eval1]:1:128
    at ModuleJob.run (node:internal/modules/esm/module_job:561:25)
    at async node:internal/modules/esm/loader:223:26
    at async ModuleLoader.executeModuleJob (node:internal/modules/esm/loader:220:20)
    at async asyncRunEntryPointWithESMLoader (node:internal/modules/run_main:101:5)

Node.js v24.20.0
file:///workspace/typescript/hapsland-243/scripts/test-harness/run-checks.mjs:81
    if (!scopedId) throw new Error(`No recorded run for scope: ${scope}`)
                         ^

Error: No recorded run for scope: original-output
    at showStatus (file:///workspace/typescript/hapsland-243/scripts/test-harness/run-checks.mjs:81:26)
    at async main (file:///workspace/typescript/hapsland-243/scripts/test-harness/run-checks.mjs:662:5)
    at async file:///workspace/typescript/hapsland-243/[eval1]:1:122

Node.js v24.20.0
✔ CLI records focused scope without forwarding it and reports different commits informationally (562.699993ms)
✔ actual focused CLI rejects an all-skipped selector and permits selected execution (882.730978ms)
✔ quality records lint exit 0 and starts coverage only after lint passes (94.815778ms)
✔ quality records lint exit 1 and starts coverage only after lint passes (71.540222ms)
✔ artifact preparation shares a focused parent's records and cannot extend its deadline (23.693767ms)
✔ surviving product ownership fails the stage and retains the enclosing full lock (26.781541ms)
✔ verification mutation cancels a long child, keeps completed evidence and admits no later stage (1024.386953ms)
✔ unrelated documents during a long stage do not invalidate verification (1392.717396ms)
✔ relevant addition between stages blocks admission (53.188996ms)
✔ relevant deletion between stages blocks admission (46.031566ms)
✔ invalidated run retains its exclusive lock until the child and descendant stop (1040.665037ms)
✔ cancellation escalates to kill for a child and descendant that ignore termination (2086.941993ms)
✔ final input identity catches a mutation after the last completed stage (53.479749ms)
✔ observation preserves linked target identity through cached scans (52.482908ms)
✔ observation preserves submodule content identity through cached scans (86.166919ms)
✔ input invalidation during stage admission does not launch the child (26.030453ms)
✔ quality acknowledgment fails before creating run state (2.48106ms)
✔ failed quality prerequisite blocks lint and coverage with retained diagnostics (68.904702ms)
✔ fast deduplicates explicit selections and does not prepare installed artifacts (0.881299ms)
✔ boundary requires explicit consumers and a checked archive (0.990966ms)
✔ native agents require explicit host/model/scenario and Pi selects its authenticated profile (0.248585ms)
✔ native compiler checks require a target and actual selected tests (0.098042ms)
✔ stress remains an explicit selection and quality preserves the complete deterministic prerequisites (0.109376ms)
✔ every profile has a finite deadline and rejects native options on ordinary checks (0.105334ms)
✔ native plans reject unsupported scenarios and provider/model mismatches before preparing artifacts (0.114043ms)
ℹ tests 39
ℹ suites 0
ℹ pass 39
ℹ fail 0
ℹ cancelled 0
ℹ skipped 0
ℹ todo 0
ℹ duration_ms 8506.859916
