✔ a single scan retains audit text and hashes binary contents without extraction (10.277954ms)
✔ symbolic links, duplicate entries and paths outside the package are rejected (7.825019ms)
✔ text byte bounds and malformed archives are rejected (3.165192ms)
Preparing worktree (detached HEAD 053cbdf)
✔ immutable execution artifacts reuse across worktrees without running package stages (437.988149ms)
Preparing worktree (detached HEAD 053cbdf)
✔ execution source changes and preparation failures never publish manifests (32.564878ms)
Preparing worktree (detached HEAD 053cbdf)
✔ every preparation invokes ordinary build, fresh validation and packing while identical archive bytes share retention (188.926508ms)
Preparing worktree (detached HEAD 053cbdf)
✔ all package stages inherit one active checkout build lease (120.622311ms)
Preparing worktree (detached HEAD 053cbdf)
✔ failed package-build prevents archive publication and a later attempt can recover (126.601107ms)
Preparing worktree (detached HEAD 053cbdf)
✔ failed package-validation prevents archive publication and a later attempt can recover (165.643078ms)
Preparing worktree (detached HEAD 08747b1)
✔ failed package-pack prevents archive publication and a later attempt can recover (148.031774ms)
Preparing worktree (detached HEAD 08747b1)
✔ source changes during build prevent packing (57.767823ms)
Preparing worktree (detached HEAD 08747b1)
✔ runtime output changes during packing prevent archive retention (83.704316ms)
Preparing worktree (detached HEAD 08747b1)
✔ corrupt retained archive bytes are rejected after a fresh build, validation and pack (169.061145ms)
Preparing worktree (detached HEAD 08747b1)
✔ release packaging uses ordinary build and both-platform native validation before npm pack (98.95556ms)
Preparing worktree (detached HEAD 08747b1)
✔ linked dependency bytes and cycles remain observed without whole-build cache identities (39.024469ms)
Preparing worktree (detached HEAD 08747b1)
✔ archive preparation observes a finite deadline before invoking stages (24.005519ms)
Preparing worktree (detached HEAD 08747b1)
✔ source changes during packing prevent immutable archive publication (74.779288ms)
Preparing worktree (detached HEAD 08747b1)
✔ external dependency changes during build reject packaging despite unchanged source and outputs (60.51947ms)
Preparing worktree (detached HEAD 08747b1)
✔ explicitly shipped ignored files participate in fresh package-source drift checks (47.71512ms)
Preparing worktree (detached HEAD 08747b1)
✔ an unresolved stage retains the owned checkout lease and cannot publish an archive (47.058074ms)
Preparing worktree (detached HEAD 2dc6918)
✔ symbolic runtime outputs are rejected before packing (81.258006ms)
Preparing worktree (detached HEAD 2dc6918)
✔ linked authored source and package selection controls remain strong archive inputs (115.876441ms)
✔ reads the producer-owned compiler and proof kernel cohort unchanged (1.099675ms)
✔ rejects missing cohort before installation or generation (1.167468ms)
✔ rejects compiler range before installation or generation (0.827214ms)
✔ rejects unknown source before installation or generation (0.715047ms)
✔ rejects proof kernel range before installation or generation (0.931132ms)
✔ rejects empty archive inventory before installation or generation (0.706922ms)
✔ rejects malformed archive before installation or generation (1.023008ms)
✔ rejects missing digest before installation or generation (0.742381ms)
✔ rejects escaped archive name before installation or generation (1.354343ms)
✔ rejects coerced compiler version array (0.793257ms)
✔ rejects coerced proof kernel version array (0.443837ms)
✔ rejects coerced compiler source array (0.61363ms)
✔ rejects coerced compiler source number (0.547421ms)
✔ rejects coerced compiler digest array (0.42192ms)
✔ rejects coerced proof kernel digest array (0.398795ms)
✔ rejects coerced proof kernel archive name array (0.429087ms)
✔ rejects coerced proof kernel archive name number (0.482379ms)
✔ rejects a same-version nested compiler when the receipt stamp describes another selection before discovery or compilation (851.711944ms)
✔ publishes a receipt bound to the scripts-owned compiler that actually performed discovery and compilation (1415.217652ms)
✔ rejects selection retargeting during compilation even when the previously stamped compiler files remain unchanged (1270.710781ms)
✔ rejects bytes changes made by the selected compiler during compilation and removes its outputs (1331.63842ms)
✔ rejects support changes made by the selected compiler during compilation and removes its outputs (1332.54526ms)
✔ independent processes reuse unchanged digests but detect restored mtime and replaced inode (123.554125ms)
✔ corrupt memo, concurrent writers and a different filesystem namespace remain correct (112.223829ms)
✔ mutation during descriptor hashing cannot publish a digest (45.698647ms)
✔ an interrupted process retains only completed descriptor-checked digest checkpoints (90.99329ms)
✔ fast dev archive respects npm file selection, package prefix and executable bins (186.523989ms)
✔ runtime Bun version is a checked projection of the single shared catalog authority (8.197105ms)
✔ Bun package manager or companion drift fails before replacing runtime identity (19.46836ms)
Preparing worktree (detached HEAD 70935fd)
Preparing worktree (detached HEAD 70935fd)
✔ one shared dispatcher runs maintained hooks in existing and future worktrees (391.798291ms)
✔ foreign hook configuration is preserved (21.257415ms)
✔ source Bun loads physical TypeScript and Rust parser bindings (90.877873ms)
✔ preflight confirms the exact assistant model in an isolated profile and retains no response/auth text (4.088073ms)
✔ auth failure, wrong observed model and missing assistant responses reject preflight (3.107982ms)
✔ Pi plans execute fresh auth/model preflight before build/archive work (0.266835ms)
✔ malformed provider events cannot disclose their contents through errors (1.399553ms)
✔ invalid run deadlines reject before invoking the native runtime (0.219043ms)
✔ captures structured output and counts discarded stderr (27.721299ms)
✔ escalates a native host that ignores termination (304.414279ms)
✔ bounds output without exposing its contents (21.027663ms)
✔ caps each phase to the inherited run deadline (157.442722ms)
✔ terminates a descendant even when its parent exits on TERM (1056.884496ms)
✔ parent interruption cancels its detached native process (100.13836ms)
✔ resolves the exact product runtime and preserves an explicit selection (30.327443ms)
✔ an invalid explicit runtime cannot fall back to PATH (4.234741ms)
✔ selects catalog-declared TypeScript despite a scorer-owned shared tsc binary (213.040403ms)
✔ rejects an owner declaring the research scorer version (0.87584ms)
✔ rejects a compiler package with mismatching version before loading helper code (0.680338ms)
✔ rejects an unaccounted platform dependency before loading helper code (0.591171ms)
✔ coverage preload preserves a real unowned CommonJS dependency's named exports (627.778956ms)
✔ coverage import correspondence preserves only exact compiler edges (11.479797ms)
✔ compiled executables load the owned coverage preload without embedded development dependencies (1075.544932ms)
✔ Bun source subprocess coverage preserves original branches and merges fresh process counters (778.248875ms)
✔ Bun private workspace exports record original source hits and uncalled functions (1190.444449ms)
✔ portable instrumented bundles retain nested, untouched and fresh counters in another checkout (1233.528784ms)
✔ quality profile rejects missing acknowledgment before creating run state (12.002927ms)
✖ acknowledged quality profile retains failed prerequisites without starting coverage (8.018729ms)
RUN 20261007132903709-919281-fc03ad focused; deadline 2026-10-07T13:29:13.709Z; records /tmp/hapsland-verify-8Gojpr/.test-runs/20261007132903709-919281-fc03ad
START check-fast; log /tmp/hapsland-verify-8Gojpr/.test-runs/20261007132903709-919281-fc03ad/919281-001-check-fast.log
PASSED check-fast 0.08s; exit 0; log /tmp/hapsland-verify-8Gojpr/.test-runs/20261007132903709-919281-fc03ad/919281-001-check-fast.log
START node-focused; log /tmp/hapsland-verify-8Gojpr/.test-runs/20261007132903709-919281-fc03ad/919281-002-node-focused.log
PASSED node-focused 0.03s; exit 0; log /tmp/hapsland-verify-8Gojpr/.test-runs/20261007132903709-919281-fc03ad/919281-002-node-focused.log
END passed; 0.144s; 0 failed stages, 0 test failures; results /tmp/hapsland-verify-8Gojpr/.test-runs/20261007132903709-919281-fc03ad/results.json
✔ fast CLI executes one deduplicated selection and persists the resolved plan (154.139447ms)
RUN 20261007132903862-919281-134021 focused; deadline 2026-10-07T13:29:13.862Z; records /tmp/hapsland-verify-IfH9ta/.test-runs/20261007132903862-919281-134021
START check-fast; log /tmp/hapsland-verify-IfH9ta/.test-runs/20261007132903862-919281-134021/919281-001-check-fast.log
PASSED check-fast 0.09s; exit 0; log /tmp/hapsland-verify-IfH9ta/.test-runs/20261007132903862-919281-134021/919281-001-check-fast.log
FAIL source-identity; Verification inputs changed: src/main.ts
END aborted; 0.111s; 1 failed stages, 0 test failures; results /tmp/hapsland-verify-IfH9ta/.test-runs/20261007132903862-919281-134021/results.json
✔ source changes during checks fail the profile instead of accepting mixed inputs (119.693595ms)
RUN 20261007132903980-919281-fd6406 focused; deadline 2026-10-07T13:29:03.981Z; records /tmp/hapsland-verify-Yrj863/.test-runs/20261007132903980-919281-fd6406
FAIL verification; Source identity deadline exceeded
END failed; 0.003s; 1 failed stages, 0 test failures; results /tmp/hapsland-verify-Yrj863/.test-runs/20261007132903980-919281-fd6406/results.json
✔ a deadline during source identification still produces a terminal run record (12.218637ms)
RUN 20261007132903999-919281-c05a87 focused; deadline 2026-10-07T13:29:13.999Z; records /tmp/hapsland-verify-jJzJjU/.test-runs/20261007132903999-919281-c05a87
START node-focused; log /tmp/hapsland-verify-jJzJjU/.test-runs/20261007132903999-919281-c05a87/919281-001-node-focused.log
PASSED node-focused 0.03s; exit 0; log /tmp/hapsland-verify-jJzJjU/.test-runs/20261007132903999-919281-c05a87/919281-001-node-focused.log
END passed; 0.064s; 0 failed stages, 0 test failures; results /tmp/hapsland-verify-jJzJjU/.test-runs/20261007132903999-919281-c05a87/results.json
✔ source boundary checks run without invoking package preparation (81.472674ms)
✔ package preparation requirements follow transitive consumer imports (14.328153ms)
RUN 20261007132904091-919281-e1e0d0 focused; deadline 2026-10-07T13:29:14.091Z; records /tmp/hapsland-verify-X8xctN/.test-runs/20261007132904091-919281-e1e0d0
START native-auth-model; log /tmp/hapsland-verify-X8xctN/.test-runs/20261007132904091-919281-e1e0d0/919281-001-native-auth-model.log
FAILED native-auth-model 0.02s; exit 7; log /tmp/hapsland-verify-X8xctN/.test-runs/20261007132904091-919281-e1e0d0/919281-001-native-auth-model.log
FAIL verification; native-auth-model failed
END failed; 0.049s; 2 failed stages, 0 test failures; results /tmp/hapsland-verify-X8xctN/.test-runs/20261007132904091-919281-e1e0d0/results.json
✔ failed Pi auth preflight stops before package preparation (62.727987ms)
ℹ tests 85
ℹ suites 0
ℹ pass 84
ℹ fail 1
ℹ cancelled 0
ℹ skipped 0
ℹ todo 0
ℹ duration_ms 18177.030765

✖ failing tests:

test at scripts/test-harness/verify.test.mjs:43:1
✖ acknowledged quality profile retains failed prerequisites without starting coverage (8.018729ms)
  Error: Invalid nested gate context
      at createRun (file:///workspace/typescript/hapsland-243/scripts/test-harness/run-checks.mjs:170:13)
      at async main (file:///workspace/typescript/hapsland-243/scripts/test-harness/run-checks.mjs:686:15)
      at async TestContext.<anonymous> (file:///workspace/typescript/hapsland-243/scripts/test-harness/verify.test.mjs:49:16)
      at async Test.run (node:internal/test_runner/test:1404:7)
      at async Test.processPendingSubtests (node:internal/test_runner/test:969:7)
