
> @hapsland/hapsland@0.1.0 test:coverage
> npm test -- --coverage


> @hapsland/hapsland@0.1.0 test
> node scripts/test-harness/run-checks.mjs test --coverage

RUN 20261007124253713-668074-774855 test; deadline 2026-10-07T13:12:53.714Z; records /workspace/typescript/hapsland-243/.test-runs/20261007124253713-668074-774855
START configuration; log /workspace/typescript/hapsland-243/.test-runs/20261007124253713-668074-774855/668505-001-configuration.log
PASSED configuration 0.58s; exit 0; log /workspace/typescript/hapsland-243/.test-runs/20261007124253713-668074-774855/668505-001-configuration.log
START bend-generation; log /workspace/typescript/hapsland-243/.test-runs/20261007124253713-668074-774855/668505-002-bend-generation.log
PASSED bend-generation 1.74s; exit 0; log /workspace/typescript/hapsland-243/.test-runs/20261007124253713-668074-774855/668505-002-bend-generation.log
START bend-artifacts; log /workspace/typescript/hapsland-243/.test-runs/20261007124253713-668074-774855/668505-003-bend-artifacts.log
PASSED bend-artifacts 0.87s; exit 0; log /workspace/typescript/hapsland-243/.test-runs/20261007124253713-668074-774855/668505-003-bend-artifacts.log
START canonical-authority; log /workspace/typescript/hapsland-243/.test-runs/20261007124253713-668074-774855/668505-004-canonical-authority.log
PASSED canonical-authority 0.24s; exit 0; log /workspace/typescript/hapsland-243/.test-runs/20261007124253713-668074-774855/668505-004-canonical-authority.log
START jev-request; log /workspace/typescript/hapsland-243/.test-runs/20261007124253713-668074-774855/668505-005-jev-request.log
PASSED jev-request 0.36s; exit 0; log /workspace/typescript/hapsland-243/.test-runs/20261007124253713-668074-774855/668505-005-jev-request.log
START production-authority; log /workspace/typescript/hapsland-243/.test-runs/20261007124253713-668074-774855/668505-006-production-authority.log
PASSED production-authority 0.24s; exit 0; log /workspace/typescript/hapsland-243/.test-runs/20261007124253713-668074-774855/668505-006-production-authority.log
START capacity-boundary; log /workspace/typescript/hapsland-243/.test-runs/20261007124253713-668074-774855/668505-007-capacity-boundary.log
PASSED capacity-boundary 0.20s; exit 0; log /workspace/typescript/hapsland-243/.test-runs/20261007124253713-668074-774855/668505-007-capacity-boundary.log
START permit-boundary; log /workspace/typescript/hapsland-243/.test-runs/20261007124253713-668074-774855/668505-008-permit-boundary.log
PASSED permit-boundary 0.19s; exit 0; log /workspace/typescript/hapsland-243/.test-runs/20261007124253713-668074-774855/668505-008-permit-boundary.log
START review-boundary; log /workspace/typescript/hapsland-243/.test-runs/20261007124253713-668074-774855/668505-009-review-boundary.log
PASSED review-boundary 0.20s; exit 0; log /workspace/typescript/hapsland-243/.test-runs/20261007124253713-668074-774855/668505-009-review-boundary.log
START dispatch-boundary; log /workspace/typescript/hapsland-243/.test-runs/20261007124253713-668074-774855/668505-010-dispatch-boundary.log
PASSED dispatch-boundary 0.21s; exit 0; log /workspace/typescript/hapsland-243/.test-runs/20261007124253713-668074-774855/668505-010-dispatch-boundary.log
START stop-boundary; log /workspace/typescript/hapsland-243/.test-runs/20261007124253713-668074-774855/668505-011-stop-boundary.log
PASSED stop-boundary 0.20s; exit 0; log /workspace/typescript/hapsland-243/.test-runs/20261007124253713-668074-774855/668505-011-stop-boundary.log
START collection-boundary; log /workspace/typescript/hapsland-243/.test-runs/20261007124253713-668074-774855/668505-012-collection-boundary.log
PASSED collection-boundary 0.24s; exit 0; log /workspace/typescript/hapsland-243/.test-runs/20261007124253713-668074-774855/668505-012-collection-boundary.log
START delivery-boundary; log /workspace/typescript/hapsland-243/.test-runs/20261007124253713-668074-774855/668505-013-delivery-boundary.log
PASSED delivery-boundary 0.21s; exit 0; log /workspace/typescript/hapsland-243/.test-runs/20261007124253713-668074-774855/668505-013-delivery-boundary.log
START revision-boundary; log /workspace/typescript/hapsland-243/.test-runs/20261007124253713-668074-774855/668505-014-revision-boundary.log
PASSED revision-boundary 0.20s; exit 0; log /workspace/typescript/hapsland-243/.test-runs/20261007124253713-668074-774855/668505-014-revision-boundary.log
START response-authority-boundary; log /workspace/typescript/hapsland-243/.test-runs/20261007124253713-668074-774855/668505-015-response-authority-boundary.log
PASSED response-authority-boundary 0.18s; exit 0; log /workspace/typescript/hapsland-243/.test-runs/20261007124253713-668074-774855/668505-015-response-authority-boundary.log
START reuse-boundary; log /workspace/typescript/hapsland-243/.test-runs/20261007124253713-668074-774855/668505-016-reuse-boundary.log
PASSED reuse-boundary 0.19s; exit 0; log /workspace/typescript/hapsland-243/.test-runs/20261007124253713-668074-774855/668505-016-reuse-boundary.log
START notice-boundary; log /workspace/typescript/hapsland-243/.test-runs/20261007124253713-668074-774855/668505-017-notice-boundary.log
PASSED notice-boundary 0.23s; exit 0; log /workspace/typescript/hapsland-243/.test-runs/20261007124253713-668074-774855/668505-017-notice-boundary.log
START retention-boundary; log /workspace/typescript/hapsland-243/.test-runs/20261007124253713-668074-774855/668505-018-retention-boundary.log
PASSED retention-boundary 0.21s; exit 0; log /workspace/typescript/hapsland-243/.test-runs/20261007124253713-668074-774855/668505-018-retention-boundary.log
START configuration-boundary; log /workspace/typescript/hapsland-243/.test-runs/20261007124253713-668074-774855/668505-019-configuration-boundary.log
PASSED configuration-boundary 0.19s; exit 0; log /workspace/typescript/hapsland-243/.test-runs/20261007124253713-668074-774855/668505-019-configuration-boundary.log
START file-eligibility-boundary; log /workspace/typescript/hapsland-243/.test-runs/20261007124253713-668074-774855/668505-020-file-eligibility-boundary.log
PASSED file-eligibility-boundary 0.21s; exit 0; log /workspace/typescript/hapsland-243/.test-runs/20261007124253713-668074-774855/668505-020-file-eligibility-boundary.log
START rule-boundary; log /workspace/typescript/hapsland-243/.test-runs/20261007124253713-668074-774855/668505-021-rule-boundary.log
PASSED rule-boundary 0.22s; exit 0; log /workspace/typescript/hapsland-243/.test-runs/20261007124253713-668074-774855/668505-021-rule-boundary.log
START bend-progress; log /workspace/typescript/hapsland-243/.test-runs/20261007124253713-668074-774855/668505-022-bend-progress.log
PASSED bend-progress 16.70s; exit 0; log /workspace/typescript/hapsland-243/.test-runs/20261007124253713-668074-774855/668505-022-bend-progress.log
START content-isolation; log /workspace/typescript/hapsland-243/.test-runs/20261007124253713-668074-774855/668505-023-content-isolation.log
PASSED content-isolation 5.29s; exit 0; log /workspace/typescript/hapsland-243/.test-runs/20261007124253713-668074-774855/668505-023-content-isolation.log
START content-wire-mutants; log /workspace/typescript/hapsland-243/.test-runs/20261007124253713-668074-774855/668505-024-content-wire-mutants.log
PASSED content-wire-mutants 30.46s; exit 0; log /workspace/typescript/hapsland-243/.test-runs/20261007124253713-668074-774855/668505-024-content-wire-mutants.log
START native-pi-observation; log /workspace/typescript/hapsland-243/.test-runs/20261007124253713-668074-774855/668505-025-native-pi-observation.log
PASSED native-pi-observation 0.43s; exit 0; log /workspace/typescript/hapsland-243/.test-runs/20261007124253713-668074-774855/668505-025-native-pi-observation.log
START native-rule-observation; log /workspace/typescript/hapsland-243/.test-runs/20261007124253713-668074-774855/668505-026-native-rule-observation.log
PASSED native-rule-observation 0.37s; exit 0; log /workspace/typescript/hapsland-243/.test-runs/20261007124253713-668074-774855/668505-026-native-rule-observation.log
START verification-infrastructure; log /workspace/typescript/hapsland-243/.test-runs/20261007124253713-668074-774855/668505-027-verification-infrastructure.log
PASSED verification-infrastructure 18.65s; exit 0; log /workspace/typescript/hapsland-243/.test-runs/20261007124253713-668074-774855/668505-027-verification-infrastructure.log
START build-workflow; log /workspace/typescript/hapsland-243/.test-runs/20261007124253713-668074-774855/668505-028-build-workflow.log
PASSED build-workflow 48.66s; exit 0; log /workspace/typescript/hapsland-243/.test-runs/20261007124253713-668074-774855/668505-028-build-workflow.log
START test-harness; log /workspace/typescript/hapsland-243/.test-runs/20261007124253713-668074-774855/668505-029-test-harness.log
PASSED test-harness 8.27s; exit 0; log /workspace/typescript/hapsland-243/.test-runs/20261007124253713-668074-774855/668505-029-test-harness.log
START package-build; log /workspace/typescript/hapsland-243/.test-runs/20261007124253713-668074-774855/668505-030-package-build.log
PASSED package-build 71.55s; exit 0; log /workspace/typescript/hapsland-243/.test-runs/20261007124253713-668074-774855/668505-030-package-build.log
START package-validation; log /workspace/typescript/hapsland-243/.test-runs/20261007124253713-668074-774855/668505-031-package-validation.log
PASSED package-validation 0.31s; exit 0; log /workspace/typescript/hapsland-243/.test-runs/20261007124253713-668074-774855/668505-031-package-validation.log
START package-pack; log /workspace/typescript/hapsland-243/.test-runs/20261007124253713-668074-774855/668505-032-package-pack.log
PASSED package-pack 9.76s; exit 0; log /workspace/typescript/hapsland-243/.test-runs/20261007124253713-668074-774855/668505-032-package-pack.log
START vitest; log /workspace/typescript/hapsland-243/.test-runs/20261007124253713-668074-774855/668505-033-vitest.log
