RUN 20261007080253942-3088527-92f219 focused; deadline 2026-10-07T08:07:53.942Z; records /workspace/typescript/hapsland-243/.test-runs/20261007080253942-3088527-92f219
START package-build; log /workspace/typescript/hapsland-243/.test-runs/20261007080253942-3088527-92f219/3088527-001-package-build.log
@hapsland/doctor-entry:build: Compiled @hapsland/doctor-entry: 402 recorded inputs
@hapsland/resident-entry:assemble:darwin-arm64: cache miss, executing bb5fedf5ad71bb76
@hapsland/resident-entry:assemble:darwin-arm64: $ node ../../scripts/assemble-entry.mjs darwin-arm64
@hapsland/resident-entry:assemble:linux-arm64: cache miss, executing ef0aa000fafbda16
@hapsland/resident-entry:assemble:linux-arm64: $ node ../../scripts/assemble-entry.mjs linux-arm64
@hapsland/cli-entry:assemble:darwin-arm64: cache miss, executing a0fad034e5275532
@hapsland/cli-entry:assemble:darwin-arm64: $ node ../../scripts/assemble-entry.mjs darwin-arm64
@hapsland/cli-entry:assemble:linux-arm64: cache miss, executing 6ef3f19aa6f76084
@hapsland/cli-entry:assemble:linux-arm64: $ node ../../scripts/assemble-entry.mjs linux-arm64
@hapsland/doctor-entry:assemble:darwin-arm64: cache miss, executing eb3cdb540e841531
@hapsland/doctor-entry:assemble:darwin-arm64: $ node ../../scripts/assemble-entry.mjs darwin-arm64
@hapsland/doctor-entry:assemble:linux-arm64: cache miss, executing 21c675fe066369ee
@hapsland/doctor-entry:assemble:linux-arm64: $ node ../../scripts/assemble-entry.mjs linux-arm64

 Tasks:    64 successful, 64 total
Cached:    27 cached, 64 total
  Time:    1m12.182s 

Published product: fresh source, compiler, native and artifact evidence verified

FAILED package-build 195.29s; exit 0; log /workspace/typescript/hapsland-243/.test-runs/20261007080253942-3088527-92f219/3088527-001-package-build.log
FAIL package-preparation; package-build failed; see /workspace/typescript/hapsland-243/.test-runs/20261007080253942-3088527-92f219/3088527-001-package-build.log
END aborted; 197.557s; 2 failed stages, 0 test failures; results /workspace/typescript/hapsland-243/.test-runs/20261007080253942-3088527-92f219/results.json
Package preparation failed; see recorded stages
