
> @hapsland/hapsland@0.1.0 build
> node scripts/build-product.mjs

 WARNING  Circular package dependency detected: @hapsland/monkey-business-bend, @hapsland/build-tooling, @hapsland/verification, @hapsland/agent-flow-viz, @hapsland/monkey-business, @hapsland/canonical-defense

   • turbo 2.11.7
   • Packages in scope: @hapsland/activity-observation, @hapsland/administration, @hapsland/agent-flow-bend, @hapsland/canonical-policy, @hapsland/cli-entry, @hapsland/credential-storage, @hapsland/delivery-output, @hapsland/doctor-entry, @hapsland/hook-entry, @hapsland/hook-runtime, @hapsland/inspection-records, @hapsland/native-observation, @hapsland/parser-entry, @hapsland/pi-extension, @hapsland/resident-entry, @hapsland/resident-runtime, @hapsland/resident-transport, @hapsland/review-definition, @hapsland/review-execution, @hapsland/runtime-environment, @hapsland/runtime-inputs, @hapsland/source-analysis, @hapsland/source-artifacts
   • Running build, native:linux-arm64, native:darwin-arm64 in 23 packages
   • Remote caching disabled

@hapsland/inspection-records:clean:compiler: cache bypass, force executing 838f5401239953a3
@hapsland/inspection-records:native:linux-arm64: cache miss, executing c7e5d69d4c7ae8a9
@hapsland/inspection-records:clean:compiler: $ node ../../scripts/clean-compiler-output.mjs
@hapsland/inspection-records:native:linux-arm64: $ node ../../scripts/native-task.mjs linux-arm64
@hapsland/inspection-records:native:darwin-arm64: cache bypass, force executing 3b796ef9e31af9f1
@hapsland/inspection-records:native:darwin-arm64: $ node ../../scripts/native-task.mjs darwin-arm64
@hapsland/doctor-entry:clean:compiler: cache bypass, force executing cb1dc54144c1ad85
@hapsland/doctor-entry:clean:compiler: $ node ../../scripts/clean-compiler-output.mjs
@hapsland/canonical-policy:clean:compiler: cache bypass, force executing ecf25b68524b8f6a
@hapsland/canonical-policy:clean:compiler: $ node ../../scripts/clean-compiler-output.mjs
@hapsland/hook-entry:clean:compiler: cache bypass, force executing ff20880b3f458397
@hapsland/hook-entry:clean:compiler: $ node ../../scripts/clean-compiler-output.mjs
@hapsland/pi-extension:clean:compiler: cache bypass, force executing 8c950af1b95423c2
@hapsland/pi-extension:clean:compiler: $ node ../../scripts/clean-compiler-output.mjs
@hapsland/resident-runtime:clean:compiler: cache bypass, force executing ce1212936cd32be2
@hapsland/resident-runtime:clean:compiler: $ node ../../scripts/clean-compiler-output.mjs
@hapsland/parser-entry:clean:compiler: cache bypass, force executing 4eddae4695a66a2b
@hapsland/parser-entry:clean:compiler: $ node ../../scripts/clean-compiler-output.mjs
@hapsland/runtime-inputs:clean:compiler: cache bypass, force executing 7216a22534516a9c
@hapsland/runtime-inputs:clean:compiler: $ node ../../scripts/clean-compiler-output.mjs
@hapsland/review-definition:clean:compiler: cache bypass, force executing 8555d0c01235f58b
@hapsland/review-definition:clean:compiler: $ node ../../scripts/clean-compiler-output.mjs
@hapsland/resident-entry:clean:compiler: cache bypass, force executing 2ed7b253040f9f97
@hapsland/resident-entry:clean:compiler: $ node ../../scripts/clean-compiler-output.mjs
@hapsland/credential-storage:clean:compiler: cache bypass, force executing a7934eef4b3060cc
@hapsland/credential-storage:clean:compiler: $ node ../../scripts/clean-compiler-output.mjs
@hapsland/credential-storage:native:linux-arm64: cache miss, executing d85d89e9185d0470
@hapsland/credential-storage:native:linux-arm64: $ node ../../scripts/native-task.mjs linux-arm64
@hapsland/credential-storage:native:darwin-arm64: cache bypass, force executing d11cbc6d2ce5f915
@hapsland/credential-storage:native:darwin-arm64: $ node ../../scripts/native-task.mjs darwin-arm64
@hapsland/runtime-environment:clean:compiler: cache bypass, force executing ecb411c305ad256c
@hapsland/runtime-environment:clean:compiler: $ node ../../scripts/clean-compiler-output.mjs
@hapsland/hook-runtime:clean:compiler: cache bypass, force executing e5d6c33b80ec2b78
@hapsland/hook-runtime:clean:compiler: $ node ../../scripts/clean-compiler-output.mjs
@hapsland/agent-flow-bend:clean:compiler: cache bypass, force executing a571f95319338c91
@hapsland/agent-flow-bend:clean:compiler: $ node ../../scripts/clean-compiler-output.mjs
@hapsland/activity-observation:clean:compiler: cache bypass, force executing 24ae3a8f2dfd1d90
@hapsland/source-analysis:clean:compiler: cache bypass, force executing cecad6dc8a09b99a
@hapsland/activity-observation:clean:compiler: $ node ../../scripts/clean-compiler-output.mjs
@hapsland/source-analysis:clean:compiler: $ node ../../scripts/clean-compiler-output.mjs
@hapsland/source-analysis:native:linux-arm64: cache miss, executing 891a2e2e89cb8ace
@hapsland/source-analysis:native:linux-arm64: $ node ../../scripts/native-task.mjs linux-arm64
@hapsland/source-analysis:native:darwin-arm64: cache miss, executing 725b998a3508ba1c
@hapsland/source-analysis:native:darwin-arm64: $ node ../../scripts/native-task.mjs darwin-arm64
@hapsland/administration:clean:compiler: cache bypass, force executing e5760fe9ec3d5872
@hapsland/source-artifacts:clean:compiler: cache bypass, force executing 754bea297fcb353b
@hapsland/administration:clean:compiler: $ node ../../scripts/clean-compiler-output.mjs
@hapsland/source-artifacts:clean:compiler: $ node ../../scripts/clean-compiler-output.mjs
@hapsland/resident-transport:clean:compiler: cache bypass, force executing 9d98d82a668602a1
@hapsland/resident-transport:clean:compiler: $ node ../../scripts/clean-compiler-output.mjs
@hapsland/review-execution:clean:compiler: cache bypass, force executing dcc5f7b6bdb626e2
@hapsland/review-execution:clean:compiler: $ node ../../scripts/clean-compiler-output.mjs
@hapsland/cli-entry:clean:compiler: cache bypass, force executing 14ab7f452560fe73
@hapsland/cli-entry:clean:compiler: $ node ../../scripts/clean-compiler-output.mjs
@hapsland/native-observation:clean:compiler: cache bypass, force executing 390d2054ca117144
@hapsland/native-observation:clean:compiler: $ node ../../scripts/clean-compiler-output.mjs
@hapsland/native-observation:native:darwin-arm64: cache bypass, force executing 27bbce96d8b85470
@hapsland/native-observation:native:darwin-arm64: $ node ../../scripts/native-task.mjs darwin-arm64
@hapsland/delivery-output:clean:compiler: cache bypass, force executing e9c3666a485a967a
@hapsland/delivery-output:clean:compiler: $ node ../../scripts/clean-compiler-output.mjs
@hapsland/runtime-environment:build: cache hit, replaying logs 819ce06f9d0abd47
@hapsland/runtime-environment:build: $ node ../../scripts/compile-package.mjs
@hapsland/runtime-environment:build: Compiled @hapsland/runtime-environment: 375 recorded inputs
@hapsland/agent-flow-bend:build: cache miss, executing 445582247292554c
@hapsland/agent-flow-bend:build: $ node ../../scripts/bend-producer.mjs
@hapsland/source-artifacts:build: cache hit, replaying logs ae244ba737d63c9e
@hapsland/source-artifacts:build: $ node ../../scripts/compile-package.mjs
@hapsland/source-artifacts:build: Compiled @hapsland/source-artifacts: 243 recorded inputs
@hapsland/pi-extension:build: cache hit, replaying logs 53d2ca47d91c348f
@hapsland/pi-extension:build: $ node ../../scripts/compile-package.mjs
@hapsland/pi-extension:build: Compiled @hapsland/pi-extension: 215 recorded inputs
@hapsland/delivery-output:build: cache hit, replaying logs 223d1d909c691494
@hapsland/delivery-output:build: $ node ../../scripts/compile-package.mjs
@hapsland/delivery-output:build: Compiled @hapsland/delivery-output: 246 recorded inputs
@hapsland/canonical-policy:build: cache miss, executing fc748ef68307d9d6
@hapsland/canonical-policy:build: $ node ../../scripts/compile-package.mjs
@hapsland/canonical-policy:build: Compiled @hapsland/canonical-policy: 356 recorded inputs
@hapsland/runtime-inputs:build: cache miss, executing 0e94b824d6e06ffe
@hapsland/runtime-inputs:build: $ node ../../scripts/compile-package.mjs
@hapsland/runtime-inputs:build: Compiled @hapsland/runtime-inputs: 367 recorded inputs
@hapsland/inspection-records:build: cache miss, executing 5c844d10707b2e1c
@hapsland/credential-storage:build: cache miss, executing d8fee8562715a3bf
@hapsland/credential-storage:build: $ node ../../scripts/compile-package.mjs
@hapsland/inspection-records:build: $ node ../../scripts/compile-package.mjs
@hapsland/inspection-records:build: Compiled @hapsland/inspection-records: 423 recorded inputs
@hapsland/native-observation:build: cache miss, executing a510aea40090558b
@hapsland/native-observation:build: $ node ../../scripts/compile-package.mjs
@hapsland/credential-storage:build: Compiled @hapsland/credential-storage: 352 recorded inputs
@hapsland/native-observation:build: Compiled @hapsland/native-observation: 367 recorded inputs
@hapsland/source-analysis:build: cache miss, executing 299c49c7c198ad98
@hapsland/activity-observation:build: cache miss, executing a4ea659910abe331
@hapsland/source-analysis:build: $ node ../../scripts/compile-package.mjs
@hapsland/activity-observation:build: $ node ../../scripts/compile-package.mjs
@hapsland/source-analysis:build: Compiled @hapsland/source-analysis: 382 recorded inputs
@hapsland/review-definition:build: cache miss, executing f4e892fb14f82474
@hapsland/activity-observation:build: Compiled @hapsland/activity-observation: 405 recorded inputs
@hapsland/review-definition:build: $ node ../../scripts/compile-package.mjs
@hapsland/parser-entry:build: cache miss, executing e32e7d7ab4c1609e
@hapsland/parser-entry:build: $ node ../../scripts/compile-package.mjs
@hapsland/parser-entry:build: Compiled @hapsland/parser-entry: 355 recorded inputs
@hapsland/resident-transport:build: cache miss, executing e85de9a3c21ecb5d
@hapsland/resident-transport:build: $ node ../../scripts/compile-package.mjs
@hapsland/review-definition:build: Compiled @hapsland/review-definition: 440 recorded inputs
@hapsland/review-execution:build: cache miss, executing cde1ac3aa9e4e750
@hapsland/review-execution:build: $ node ../../scripts/compile-package.mjs
@hapsland/review-execution:build: Compiled @hapsland/review-execution: 517 recorded inputs
@hapsland/resident-transport:build: Compiled @hapsland/resident-transport: 422 recorded inputs
@hapsland/hook-runtime:build: cache miss, executing 5bc9f224f7f6f9e7
@hapsland/resident-runtime:build: cache miss, executing 515e5eed5802179c
@hapsland/hook-runtime:build: $ node ../../scripts/compile-package.mjs
@hapsland/resident-runtime:build: $ node ../../scripts/compile-package.mjs
@hapsland/hook-runtime:build: Compiled @hapsland/hook-runtime: 396 recorded inputs
@hapsland/hook-entry:build: cache miss, executing 4bba83648fbd3974
@hapsland/hook-entry:build: $ node ../../scripts/compile-package.mjs
@hapsland/resident-runtime:build: Compiled @hapsland/resident-runtime: 534 recorded inputs
@hapsland/administration:build: cache miss, executing afbc783e7d23681b
@hapsland/administration:build: $ node ../../scripts/compile-package.mjs
@hapsland/hook-entry:build: Compiled @hapsland/hook-entry: 369 recorded inputs
@hapsland/resident-entry:build: cache miss, executing 2c2f61aafe2f6dd1
@hapsland/resident-entry:build: $ node ../../scripts/compile-package.mjs
@hapsland/administration:build: Compiled @hapsland/administration: 617 recorded inputs
@hapsland/doctor-entry:build: cache miss, executing 15a4e988dc077158
@hapsland/doctor-entry:build: $ node ../../scripts/compile-package.mjs
@hapsland/resident-entry:build: Compiled @hapsland/resident-entry: 518 recorded inputs
@hapsland/cli-entry:build: cache miss, executing 84edbbdaf68898ba
@hapsland/cli-entry:build: $ node ../../scripts/compile-package.mjs
@hapsland/doctor-entry:build: Compiled @hapsland/doctor-entry: 402 recorded inputs
@hapsland/cli-entry:build: Compiled @hapsland/cli-entry: 551 recorded inputs

 Tasks:    53 successful, 53 total
Cached:    4 cached, 53 total
  Time:    46.183s 

checked 136 event kinds, 215 command variants, 401 consumed tags, 346 exact constructor schemas, and 5 compiled exports
checked 5 shared-adapter imports and zero direct policy consumers
 WARNING  Circular package dependency detected: @hapsland/verification, @hapsland/monkey-business, @hapsland/monkey-business-bend, @hapsland/canonical-defense, @hapsland/build-tooling, @hapsland/agent-flow-viz

   • turbo 2.11.7
   • Packages in scope: @hapsland/activity-observation, @hapsland/administration, @hapsland/agent-flow-bend, @hapsland/canonical-policy, @hapsland/cli-entry, @hapsland/credential-storage, @hapsland/delivery-output, @hapsland/doctor-entry, @hapsland/hook-entry, @hapsland/hook-runtime, @hapsland/inspection-records, @hapsland/native-observation, @hapsland/parser-entry, @hapsland/pi-extension, @hapsland/resident-entry, @hapsland/resident-runtime, @hapsland/resident-transport, @hapsland/review-definition, @hapsland/review-execution, @hapsland/runtime-environment, @hapsland/runtime-inputs, @hapsland/source-analysis, @hapsland/source-artifacts
   • Running assemble:linux-arm64, assemble:darwin-arm64, assemble:host in 23 packages
   • Remote caching disabled

@hapsland/source-analysis:native:darwin-arm64: cache hit, replaying logs 725b998a3508ba1c
@hapsland/source-analysis:native:darwin-arm64: $ node ../../scripts/native-task.mjs darwin-arm64
@hapsland/native-observation:native:darwin-arm64: cache bypass, force executing 27bbce96d8b85470
@hapsland/source-analysis:native:linux-arm64: cache hit, replaying logs 891a2e2e89cb8ace
@hapsland/source-analysis:native:linux-arm64: $ node ../../scripts/native-task.mjs linux-arm64
@hapsland/inspection-records:native:linux-arm64: cache hit, replaying logs c7e5d69d4c7ae8a9
@hapsland/inspection-records:native:linux-arm64: $ node ../../scripts/native-task.mjs linux-arm64
@hapsland/credential-storage:native:linux-arm64: cache hit, replaying logs d85d89e9185d0470
@hapsland/credential-storage:native:linux-arm64: $ node ../../scripts/native-task.mjs linux-arm64
@hapsland/inspection-records:native:darwin-arm64: cache bypass, force executing 3b796ef9e31af9f1
@hapsland/native-observation:native:darwin-arm64: $ node ../../scripts/native-task.mjs darwin-arm64
@hapsland/inspection-records:native:darwin-arm64: $ node ../../scripts/native-task.mjs darwin-arm64
@hapsland/credential-storage:native:darwin-arm64: cache bypass, force executing d11cbc6d2ce5f915
@hapsland/credential-storage:native:darwin-arm64: $ node ../../scripts/native-task.mjs darwin-arm64
@hapsland/runtime-environment:clean:compiler: cache bypass, force executing ecb411c305ad256c
@hapsland/runtime-environment:clean:compiler: $ node ../../scripts/clean-compiler-output.mjs
@hapsland/source-artifacts:clean:compiler: cache bypass, force executing 754bea297fcb353b
@hapsland/source-artifacts:clean:compiler: $ node ../../scripts/clean-compiler-output.mjs
@hapsland/agent-flow-bend:clean:compiler: cache bypass, force executing a571f95319338c91
@hapsland/agent-flow-bend:clean:compiler: $ node ../../scripts/clean-compiler-output.mjs
@hapsland/source-analysis:clean:compiler: cache bypass, force executing cecad6dc8a09b99a
@hapsland/source-analysis:clean:compiler: $ node ../../scripts/clean-compiler-output.mjs
@hapsland/runtime-inputs:clean:compiler: cache bypass, force executing 7216a22534516a9c
@hapsland/runtime-inputs:clean:compiler: $ node ../../scripts/clean-compiler-output.mjs
@hapsland/canonical-policy:clean:compiler: cache bypass, force executing ecf25b68524b8f6a
@hapsland/canonical-policy:clean:compiler: $ node ../../scripts/clean-compiler-output.mjs
@hapsland/native-observation:clean:compiler: cache bypass, force executing 390d2054ca117144
@hapsland/native-observation:clean:compiler: $ node ../../scripts/clean-compiler-output.mjs
@hapsland/parser-entry:clean:compiler: cache bypass, force executing 4eddae4695a66a2b
@hapsland/parser-entry:clean:compiler: $ node ../../scripts/clean-compiler-output.mjs
@hapsland/inspection-records:clean:compiler: cache bypass, force executing 838f5401239953a3
@hapsland/inspection-records:clean:compiler: $ node ../../scripts/clean-compiler-output.mjs
@hapsland/resident-transport:clean:compiler: cache bypass, force executing 9d98d82a668602a1
@hapsland/resident-transport:clean:compiler: $ node ../../scripts/clean-compiler-output.mjs
@hapsland/activity-observation:clean:compiler: cache bypass, force executing 24ae3a8f2dfd1d90
@hapsland/activity-observation:clean:compiler: $ node ../../scripts/clean-compiler-output.mjs
@hapsland/cli-entry:clean:compiler: cache bypass, force executing 14ab7f452560fe73
@hapsland/cli-entry:clean:compiler: $ node ../../scripts/clean-compiler-output.mjs
@hapsland/credential-storage:clean:compiler: cache bypass, force executing a7934eef4b3060cc
@hapsland/credential-storage:clean:compiler: $ node ../../scripts/clean-compiler-output.mjs
@hapsland/delivery-output:clean:compiler: cache bypass, force executing e9c3666a485a967a
@hapsland/delivery-output:clean:compiler: $ node ../../scripts/clean-compiler-output.mjs
@hapsland/resident-runtime:clean:compiler: cache bypass, force executing ce1212936cd32be2
@hapsland/resident-runtime:clean:compiler: $ node ../../scripts/clean-compiler-output.mjs
@hapsland/review-execution:clean:compiler: cache bypass, force executing dcc5f7b6bdb626e2
@hapsland/review-execution:clean:compiler: $ node ../../scripts/clean-compiler-output.mjs
@hapsland/review-definition:clean:compiler: cache bypass, force executing 8555d0c01235f58b
@hapsland/review-definition:clean:compiler: $ node ../../scripts/clean-compiler-output.mjs
@hapsland/administration:clean:compiler: cache bypass, force executing e5760fe9ec3d5872
@hapsland/administration:clean:compiler: $ node ../../scripts/clean-compiler-output.mjs
@hapsland/resident-entry:clean:compiler: cache bypass, force executing 2ed7b253040f9f97
@hapsland/resident-entry:clean:compiler: $ node ../../scripts/clean-compiler-output.mjs
@hapsland/hook-entry:clean:compiler: cache bypass, force executing ff20880b3f458397
@hapsland/hook-entry:clean:compiler: $ node ../../scripts/clean-compiler-output.mjs
@hapsland/hook-runtime:clean:compiler: cache bypass, force executing e5d6c33b80ec2b78
@hapsland/hook-runtime:clean:compiler: $ node ../../scripts/clean-compiler-output.mjs
@hapsland/doctor-entry:clean:compiler: cache bypass, force executing cb1dc54144c1ad85
@hapsland/doctor-entry:clean:compiler: $ node ../../scripts/clean-compiler-output.mjs
@hapsland/pi-extension:clean:compiler: cache bypass, force executing 8c950af1b95423c2
@hapsland/pi-extension:clean:compiler: $ node ../../scripts/clean-compiler-output.mjs
@hapsland/runtime-environment:build: cache hit, replaying logs 819ce06f9d0abd47
@hapsland/runtime-environment:build: $ node ../../scripts/compile-package.mjs
@hapsland/runtime-environment:build: Compiled @hapsland/runtime-environment: 375 recorded inputs
@hapsland/source-artifacts:build: cache hit, replaying logs ae244ba737d63c9e
@hapsland/source-artifacts:build: $ node ../../scripts/compile-package.mjs
@hapsland/source-artifacts:build: Compiled @hapsland/source-artifacts: 243 recorded inputs
@hapsland/agent-flow-bend:build: cache hit, replaying logs 445582247292554c
@hapsland/agent-flow-bend:build: $ node ../../scripts/bend-producer.mjs
@hapsland/pi-extension:build: cache hit, replaying logs 53d2ca47d91c348f
@hapsland/pi-extension:build: $ node ../../scripts/compile-package.mjs
@hapsland/pi-extension:build: Compiled @hapsland/pi-extension: 215 recorded inputs
@hapsland/delivery-output:build: cache hit, replaying logs 223d1d909c691494
@hapsland/delivery-output:build: $ node ../../scripts/compile-package.mjs
@hapsland/delivery-output:build: Compiled @hapsland/delivery-output: 246 recorded inputs
@hapsland/pi-extension:assemble:host: cache miss, executing 5ab07bd43de0f7e4
@hapsland/pi-extension:assemble:host: $ node ../../scripts/assemble-host-modules.mjs
@hapsland/canonical-policy:build: cache hit, replaying logs fc748ef68307d9d6
@hapsland/canonical-policy:build: $ node ../../scripts/compile-package.mjs
@hapsland/canonical-policy:build: Compiled @hapsland/canonical-policy: 356 recorded inputs
@hapsland/runtime-inputs:build: cache hit, replaying logs 0e94b824d6e06ffe
@hapsland/runtime-inputs:build: $ node ../../scripts/compile-package.mjs
@hapsland/runtime-inputs:build: Compiled @hapsland/runtime-inputs: 367 recorded inputs
@hapsland/native-observation:build: cache hit, replaying logs a510aea40090558b
@hapsland/native-observation:build: $ node ../../scripts/compile-package.mjs
@hapsland/native-observation:build: Compiled @hapsland/native-observation: 367 recorded inputs
@hapsland/inspection-records:build: cache hit, replaying logs 5c844d10707b2e1c
@hapsland/inspection-records:build: $ node ../../scripts/compile-package.mjs
@hapsland/inspection-records:build: Compiled @hapsland/inspection-records: 423 recorded inputs
@hapsland/credential-storage:build: cache hit, replaying logs d8fee8562715a3bf
@hapsland/credential-storage:build: $ node ../../scripts/compile-package.mjs
@hapsland/credential-storage:build: Compiled @hapsland/credential-storage: 352 recorded inputs
@hapsland/source-analysis:build: cache hit, replaying logs 299c49c7c198ad98
@hapsland/source-analysis:build: $ node ../../scripts/compile-package.mjs
@hapsland/source-analysis:build: Compiled @hapsland/source-analysis: 382 recorded inputs
@hapsland/activity-observation:build: cache hit, replaying logs a4ea659910abe331
@hapsland/activity-observation:build: $ node ../../scripts/compile-package.mjs
@hapsland/activity-observation:build: Compiled @hapsland/activity-observation: 405 recorded inputs
@hapsland/review-definition:build: cache hit, replaying logs f4e892fb14f82474
@hapsland/review-definition:build: $ node ../../scripts/compile-package.mjs
@hapsland/review-definition:build: Compiled @hapsland/review-definition: 440 recorded inputs
@hapsland/parser-entry:build: cache hit, replaying logs e32e7d7ab4c1609e
@hapsland/parser-entry:build: $ node ../../scripts/compile-package.mjs
@hapsland/parser-entry:build: Compiled @hapsland/parser-entry: 355 recorded inputs
@hapsland/resident-transport:build: cache hit, replaying logs e85de9a3c21ecb5d
@hapsland/resident-transport:build: $ node ../../scripts/compile-package.mjs
@hapsland/resident-transport:build: Compiled @hapsland/resident-transport: 422 recorded inputs
@hapsland/review-execution:build: cache hit, replaying logs cde1ac3aa9e4e750
@hapsland/review-execution:build: $ node ../../scripts/compile-package.mjs
@hapsland/review-execution:build: Compiled @hapsland/review-execution: 517 recorded inputs
@hapsland/parser-entry:assemble:darwin-arm64: cache miss, executing 366a51637a3675ff
@hapsland/parser-entry:assemble:darwin-arm64: $ node ../../scripts/assemble-entry.mjs darwin-arm64
@hapsland/parser-entry:assemble:linux-arm64: cache miss, executing 00fbf912a8895107
@hapsland/parser-entry:assemble:linux-arm64: $ node ../../scripts/assemble-entry.mjs linux-arm64
@hapsland/hook-runtime:build: cache hit, replaying logs 5bc9f224f7f6f9e7
@hapsland/hook-runtime:build: $ node ../../scripts/compile-package.mjs
@hapsland/hook-runtime:build: Compiled @hapsland/hook-runtime: 396 recorded inputs
@hapsland/resident-runtime:build: cache hit, replaying logs 515e5eed5802179c
@hapsland/resident-runtime:build: $ node ../../scripts/compile-package.mjs
@hapsland/resident-runtime:build: Compiled @hapsland/resident-runtime: 534 recorded inputs
@hapsland/hook-entry:build: cache hit, replaying logs 4bba83648fbd3974
@hapsland/hook-entry:build: $ node ../../scripts/compile-package.mjs
@hapsland/hook-entry:build: Compiled @hapsland/hook-entry: 369 recorded inputs
@hapsland/administration:build: cache hit, replaying logs afbc783e7d23681b
@hapsland/administration:build: $ node ../../scripts/compile-package.mjs
@hapsland/administration:build: Compiled @hapsland/administration: 617 recorded inputs
@hapsland/resident-entry:build: cache hit, replaying logs 2c2f61aafe2f6dd1
@hapsland/resident-entry:build: $ node ../../scripts/compile-package.mjs
@hapsland/resident-entry:build: Compiled @hapsland/resident-entry: 518 recorded inputs
@hapsland/hook-entry:assemble:darwin-arm64: cache miss, executing 2560f3d228c0e769
@hapsland/hook-entry:assemble:darwin-arm64: $ node ../../scripts/assemble-entry.mjs darwin-arm64
@hapsland/hook-entry:assemble:linux-arm64: cache miss, executing 30198972000f2176
@hapsland/hook-entry:assemble:linux-arm64: $ node ../../scripts/assemble-entry.mjs linux-arm64
@hapsland/cli-entry:build: cache hit, replaying logs 84edbbdaf68898ba
@hapsland/cli-entry:build: $ node ../../scripts/compile-package.mjs
@hapsland/cli-entry:build: Compiled @hapsland/cli-entry: 551 recorded inputs
@hapsland/doctor-entry:build: cache hit, replaying logs 15a4e988dc077158
@hapsland/doctor-entry:build: $ node ../../scripts/compile-package.mjs
@hapsland/doctor-entry:build: Compiled @hapsland/doctor-entry: 402 recorded inputs
@hapsland/resident-entry:assemble:darwin-arm64: cache miss, executing bb5fedf5ad71bb76
@hapsland/resident-entry:assemble:darwin-arm64: $ node ../../scripts/assemble-entry.mjs darwin-arm64
@hapsland/resident-entry:assemble:linux-arm64: cache miss, executing ef0aa000fafbda16
@hapsland/resident-entry:assemble:linux-arm64: $ node ../../scripts/assemble-entry.mjs linux-arm64
@hapsland/cli-entry:assemble:darwin-arm64: cache miss, executing a0fad034e5275532
@hapsland/cli-entry:assemble:darwin-arm64: $ node ../../scripts/assemble-entry.mjs darwin-arm64
@hapsland/cli-entry:assemble:linux-arm64: cache miss, executing 6ef3f19aa6f76084
@hapsland/cli-entry:assemble:linux-arm64: $ node ../../scripts/assemble-entry.mjs linux-arm64
@hapsland/doctor-entry:assemble:darwin-arm64: cache miss, executing eb3cdb540e841531
@hapsland/doctor-entry:assemble:darwin-arm64: $ node ../../scripts/assemble-entry.mjs darwin-arm64
@hapsland/doctor-entry:assemble:linux-arm64: cache miss, executing 21c675fe066369ee
@hapsland/doctor-entry:assemble:linux-arm64: $ node ../../scripts/assemble-entry.mjs linux-arm64

 Tasks:    64 successful, 64 total
Cached:    27 cached, 64 total
  Time:    1m12.182s 

Published product: fresh source, compiler, native and artifact evidence verified
