✖ a stage inside its authenticated checkout lease passes before the enclosing transaction releases ownership (38.349611ms)
ℹ tests 1
ℹ suites 0
ℹ pass 0
ℹ fail 1
ℹ cancelled 0
ℹ skipped 0
ℹ todo 0
ℹ duration_ms 84.632361

✖ failing tests:

test at scripts/test-harness/run-checks.test.mjs:17:1
✖ a stage inside its authenticated checkout lease passes before the enclosing transaction releases ownership (38.349611ms)
  AssertionError [ERR_ASSERTION]: Expected values to be strictly equal:
  
  'failed' !== 'passed'
  
      at file:///workspace/typescript/hapsland-243/scripts/test-harness/run-checks.test.mjs:22:12
      at async file:///workspace/typescript/hapsland-243/scripts/build-lock.mjs:57:18
      at async withOwnedLock (file:///workspace/typescript/hapsland-243/scripts/owned-lock.mjs:40:12)
      at async TestContext.<anonymous> (file:///workspace/typescript/hapsland-243/scripts/test-harness/run-checks.test.mjs:20:3)
      at async Test.run (node:internal/test_runner/test:1404:7)
      at async startSubtestAfterBootstrap (node:internal/test_runner/harness:387:3) {
    generatedMessage: true,
    code: 'ERR_ASSERTION',
    actual: 'failed',
    expected: 'passed',
    operator: 'strictEqual',
    diff: 'simple',
    groupUnresolved: false
  }
