✔ rejects guaranteed CRAP failure without generating coverage (110.625621ms)
✔ equality passes the lower bound without claiming coverage (65.592392ms)
✔ preserves native source selection and global threshold (51.616199ms)
✔ a higher path override cannot cause false early rejection (84.852793ms)
✔ source and configuration analysis errors remain errors (537.790318ms)

FAIL case.ts > rejects stale work
mismatch
Actual: 1
Expected: 2

FAIL broken.ts (collection or suite hook)
import failed
Error: Focused selection executed zero tests (2 skipped, 0 pending); check selected files and testNamePattern: {"files":["case.ts"],"options":["--testNamePattern=missing"]}
    at ImmediateErrors.onTestRunEnd (file:///workspace/typescript/hapsland-243/scripts/test-harness/immediate-errors.mjs:35:9)
    at TestContext.<anonymous> (file:///workspace/typescript/hapsland-243/scripts/test-harness/immediate-errors.test.mjs:61:14)
    at Test.runInAsyncScope (node:async_hooks:227:14)
    at Test.run (node:internal/test_runner/test:1397:25)
    at Test.processPendingSubtests (node:internal/test_runner/test:969:18)
    at Test.postRun (node:internal/test_runner/test:1537:19)
    at Test.run (node:internal/test_runner/test:1462:12)
    at async startSubtestAfterBootstrap (node:internal/test_runner/harness:387:3)
✔ retains case and collection failures independently of later console output (7.726394ms)
✔ focused all-skipped structured results retain a failure; partial skips and full runs do not (2.354935ms)
✔ a stage inside its authenticated checkout lease passes before the enclosing transaction releases ownership (150.981147ms)
✔ ordinary failure preserves its log and does not suppress independent checks (550.179415ms)
✔ source identity failures retain a terminal run record (201.658046ms)
✔ prerequisite failures retain independent checks and record skipped dependents (94.122158ms)
✔ deadline terminates a child, persists failure, and admits no later work (123.055219ms)
✔ exclusive full gate fails immediately; valid nested test shares records (77.806696ms)
✔ focused mode refuses empty and broad selections (7.097181ms)
✔ persistent reporter failures prevent a nominal zero exit from passing (280.236206ms)
✔ nested test cannot extend its parent's absolute deadline (29.44919ms)
✔ quality preserves threshold breach exit two but test failure stays exit one (504.10576ms)
✔ failure events are surfaced during the run and retained in the final result (349.144332ms)
✔ real quality parent remains running while nested test can finish successfully (142.866333ms)
file:///workspace/typescript/hapsland-243/scripts/test-harness/run-checks.mjs:81
    if (!scopedId) throw new Error(`No recorded run for scope: ${scope}`)
                         ^

Error: No recorded run for scope: missing-slice
    at showStatus (file:///workspace/typescript/hapsland-243/scripts/test-harness/run-checks.mjs:81:26)
    at async main (file:///workspace/typescript/hapsland-243/scripts/test-harness/run-checks.mjs:680:5)
    at async file:///workspace/typescript/hapsland-243/[eval1]:1:122

Node.js v24.20.0
file:///workspace/typescript/hapsland-243/scripts/test-harness/run-checks.mjs:68
    if (id !== undefined) throw new Error("status accepts a run id or --scope, not both")
                                ^

Error: status accepts a run id or --scope, not both
    at showStatus (file:///workspace/typescript/hapsland-243/scripts/test-harness/run-checks.mjs:68:33)
    at main (file:///workspace/typescript/hapsland-243/scripts/test-harness/run-checks.mjs:680:11)
    at file:///workspace/typescript/hapsland-243/[eval1]:1:128
    at ModuleJob.run (node:internal/modules/esm/module_job:561:25)
    at async node:internal/modules/esm/loader:223:26
    at async ModuleLoader.executeModuleJob (node:internal/modules/esm/loader:220:20)
    at async asyncRunEntryPointWithESMLoader (node:internal/modules/run_main:101:5)

Node.js v24.20.0
file:///workspace/typescript/hapsland-243/scripts/test-harness/run-checks.mjs:81
    if (!scopedId) throw new Error(`No recorded run for scope: ${scope}`)
                         ^

Error: No recorded run for scope: original-output
    at showStatus (file:///workspace/typescript/hapsland-243/scripts/test-harness/run-checks.mjs:81:26)
    at async main (file:///workspace/typescript/hapsland-243/scripts/test-harness/run-checks.mjs:680:5)
    at async file:///workspace/typescript/hapsland-243/[eval1]:1:122

Node.js v24.20.0
✔ CLI records focused scope without forwarding it and reports different commits informationally (946.28895ms)
✔ actual focused CLI rejects an all-skipped selector and permits selected execution (1586.759952ms)
✔ quality records lint exit 0 and starts coverage only after lint passes (246.6359ms)
✔ quality records lint exit 1 and starts coverage only after lint passes (256.605145ms)
✔ real complexity prerequisite with 0 branches preserves the final coverage boundary (278.478193ms)
✔ real complexity prerequisite with 8 branches preserves the final coverage boundary (269.972667ms)
✔ artifact preparation shares a focused parent's records and cannot extend its deadline (39.425227ms)
✔ surviving product ownership fails the stage and retains the enclosing full lock (29.034645ms)
✔ verification mutation cancels a long child, keeps completed evidence and admits no later stage (1060.813019ms)
✔ unrelated documents during a long stage do not invalidate verification (1525.130175ms)
✔ relevant addition between stages blocks admission (95.667253ms)
✔ relevant deletion between stages blocks admission (68.110828ms)
✔ invalidated run retains its exclusive lock until the child and descendant stop (1077.660818ms)
✔ cancellation escalates to kill for a child and descendant that ignore termination (2189.482989ms)
✔ final input identity catches a mutation after the last completed stage (118.25439ms)
✔ observation preserves linked target identity through cached scans (127.246543ms)
✔ observation preserves submodule content identity through cached scans (112.393093ms)
✔ input invalidation during stage admission does not launch the child (42.00933ms)
✔ quality acknowledgment fails before creating run state (12.309514ms)
✔ failed quality prerequisite blocks lint and coverage with retained diagnostics (88.445946ms)
✔ fast deduplicates explicit selections and does not prepare installed artifacts (1.647554ms)
✔ boundary requires explicit consumers and a checked archive (1.726347ms)
✔ native agents require explicit host/model/scenario and Pi selects its authenticated profile (0.329878ms)
✔ native compiler checks require a target and actual selected tests (0.108042ms)
✔ stress remains an explicit selection and quality preserves the complete deterministic prerequisites (0.211419ms)
✔ every profile has a finite deadline and rejects native options on ordinary checks (0.614338ms)
✔ native plans reject unsupported scenarios and provider/model mismatches before preparing artifacts (1.0403ms)
✔ quality profile rejects missing acknowledgment before creating run state (43.423801ms)
RUN 20261007163115921-1962248-6b450d quality; deadline 2026-10-07T16:31:25.922Z; records /tmp/hapsland-verify-SzauoM/.test-runs/20261007163115921-1962248-6b450d
START quality-preflight; log /tmp/hapsland-verify-SzauoM/.test-runs/20261007163115921-1962248-6b450d/1962248-001-quality-preflight.log
Node.js v24.20.0
✖ scripts/test-harness/immediate-errors.test.mjs (284.246363ms)
✔ scripts/test-harness/run-checks.test.mjs (272.016433ms)
✔ scripts/test-harness/verification-plan.test.mjs (329.869348ms)
✔ scripts/test-harness/verify.test.mjs (157.106612ms)
ℹ tests 5
ℹ suites 0
ℹ pass 4
ℹ fail 1
ℹ cancelled 0
ℹ skipped 0
ℹ todo 0
ℹ duration_ms 501.679408

✖ failing tests:

test at scripts/test-harness/immediate-errors.test.mjs:1:1
✖ scripts/test-harness/immediate-errors.test.mjs (284.246363ms)
  'test failed'

FAILED quality-preflight 0.57s; exit 1; log /tmp/hapsland-verify-SzauoM/.test-runs/20261007163115921-1962248-6b450d/1962248-001-quality-preflight.log
SKIP lint-code; prerequisite-failed
SKIP quality-complexity; prerequisite-failed
SKIP quality; prerequisite-failed
END failed; 0.704s; 4 failed stages, 0 test failures; results /tmp/hapsland-verify-SzauoM/.test-runs/20261007163115921-1962248-6b450d/results.json
✔ acknowledged quality profile retains failed prerequisites without starting coverage (740.556164ms)
RUN 20261007163116664-1962248-bc8558 focused; deadline 2026-10-07T16:31:26.664Z; records /tmp/hapsland-verify-abderh/.test-runs/20261007163116664-1962248-bc8558
START check-fast; log /tmp/hapsland-verify-abderh/.test-runs/20261007163116664-1962248-bc8558/1962248-001-check-fast.log
PASSED check-fast 0.18s; exit 0; log /tmp/hapsland-verify-abderh/.test-runs/20261007163116664-1962248-bc8558/1962248-001-check-fast.log
START node-focused; log /tmp/hapsland-verify-abderh/.test-runs/20261007163116664-1962248-bc8558/1962248-002-node-focused.log
PASSED node-focused 0.06s; exit 0; log /tmp/hapsland-verify-abderh/.test-runs/20261007163116664-1962248-bc8558/1962248-002-node-focused.log
END passed; 0.326s; 0 failed stages, 0 test failures; results /tmp/hapsland-verify-abderh/.test-runs/20261007163116664-1962248-bc8558/results.json
✔ fast CLI executes one deduplicated selection and persists the resolved plan (346.756938ms)
RUN 20261007163117014-1962248-e782a0 focused; deadline 2026-10-07T16:31:27.014Z; records /tmp/hapsland-verify-zivxc0/.test-runs/20261007163117014-1962248-e782a0
START check-fast; log /tmp/hapsland-verify-zivxc0/.test-runs/20261007163117014-1962248-e782a0/1962248-001-check-fast.log
PASSED check-fast 0.67s; exit 0; log /tmp/hapsland-verify-zivxc0/.test-runs/20261007163117014-1962248-e782a0/1962248-001-check-fast.log
FAIL source-identity; Verification inputs changed: src/main.ts
END aborted; 0.756s; 1 failed stages, 0 test failures; results /tmp/hapsland-verify-zivxc0/.test-runs/20261007163117014-1962248-e782a0/results.json
✔ source changes during checks fail the profile instead of accepting mixed inputs (790.478516ms)
RUN 20261007163117815-1962248-5452b1 focused; deadline 2026-10-07T16:31:17.816Z; records /tmp/hapsland-verify-LErhP8/.test-runs/20261007163117815-1962248-5452b1
FAIL verification; Source identity deadline exceeded
END failed; 0.025s; 1 failed stages, 0 test failures; results /tmp/hapsland-verify-LErhP8/.test-runs/20261007163117815-1962248-5452b1/results.json
✔ a deadline during source identification still produces a terminal run record (87.529898ms)
RUN 20261007163117892-1962248-169c3d focused; deadline 2026-10-07T16:31:27.893Z; records /tmp/hapsland-verify-hbyD55/.test-runs/20261007163117892-1962248-169c3d
START node-focused; log /tmp/hapsland-verify-hbyD55/.test-runs/20261007163117892-1962248-169c3d/1962248-001-node-focused.log
PASSED node-focused 0.06s; exit 0; log /tmp/hapsland-verify-hbyD55/.test-runs/20261007163117892-1962248-169c3d/1962248-001-node-focused.log
END passed; 0.095s; 0 failed stages, 0 test failures; results /tmp/hapsland-verify-hbyD55/.test-runs/20261007163117892-1962248-169c3d/results.json
✔ source boundary checks run without invoking package preparation (119.66815ms)
✔ package preparation requirements follow transitive consumer imports (10.626417ms)
RUN 20261007163118012-1962248-5a6514 focused; deadline 2026-10-07T16:31:28.012Z; records /tmp/hapsland-verify-a6gZOV/.test-runs/20261007163118012-1962248-5a6514
START native-auth-model; log /tmp/hapsland-verify-a6gZOV/.test-runs/20261007163118012-1962248-5a6514/1962248-001-native-auth-model.log
FAILED native-auth-model 0.06s; exit 7; log /tmp/hapsland-verify-a6gZOV/.test-runs/20261007163118012-1962248-5a6514/1962248-001-native-auth-model.log
FAIL verification; native-auth-model failed
END failed; 0.121s; 2 failed stages, 0 test failures; results /tmp/hapsland-verify-a6gZOV/.test-runs/20261007163118012-1962248-5a6514/results.json
✔ failed Pi auth preflight stops before package preparation (149.211467ms)
ℹ tests 54
ℹ suites 0
ℹ pass 54
ℹ fail 0
ℹ cancelled 0
ℹ skipped 0
ℹ todo 0
ℹ duration_ms 12783.758693
